bme280.c:1482:8:user_i2c_read	48	static
bme280.c:1489:8:user_i2c_write	40	static
bme280.c:413:8:bme280_get_regs	16	static
bme280.c:446:8:bme280_set_regs	56	static
bme280.c:558:8:bme280_get_sensor_settings	24	static
bme280.c:614:8:bme280_get_sensor_mode	16	static
bme280.c:635:8:bme280_soft_reset	40	static
bme280.c:361:8:bme280_init	56	static
bme280.c:982:15:put_device_to_sleep	32	static
bme280.c:515:8:bme280_set_sensor_settings	32	static
bme280.c:582:8:bme280_set_sensor_mode	24	static
bme280.c:680:8:bme280_get_sensor_data	88	static
bme280.c:719:6:bme280_parse_sensor_data	4	static
bme280.c:749:8:bme280_compensate_data	48	static
bme280.c:1464:8:BME280_Init	64	static
bme280.c:1500:8:set_indoor_navigation	32	static
bme280.c:1517:8:set_weather_monitoring	32	static
bme280.c:1534:6:BME280_Sample	80	static
bme280.c:1543:6:BME280_ToJson_Partial	88	static
bme280.c:1552:8:stream_sensor_data_forced_mode	128	static
bme280.c:1568:8:stream_sensor_data_normal_mode	160	static
bme280.c:1585:6:print_sensor_data	104	static
bme280.c:1596:8:BME280_GetTemperature	8	static
