ds18b20.c:31:9:DS18B20_Start	8	static
ds18b20.c:49:6:DS18B20_StartAll	8	static
ds18b20.c:59:9:DS18B20_Read	40	static
ds18b20.c:123:9:DS18B20_GetResolution	8	static
ds18b20.c:150:9:DS18B20_SetResolution	24	static
ds18b20.c:206:9:DS18B20_Is	0	static
ds18b20.c:213:9:DS18B20_AllDone	0	static
ds18b20.c:218:6:DS18B20_ReadAll	64	static
ds18b20.c:236:6:DS18B20_GetROM	8	static
ds18b20.c:247:6:DS18B20_WriteROM	8	static
ds18b20.c:258:9:DS18B20_Quantity	0	static
ds18b20.c:263:9:DS18B20_GetTemperature	0	static
ds18b20.c:273:6:DS18B20_Init	56	static
ds18b20.c:300:6:DS18B20_Sample	32	static
ds18b20.c:315:6:DS18B20_ToJson_Partial	80	static
