esp8266.c:6:6:ESP8266_Init	152	static
esp8266.c:23:6:ESP8266_UpdateWifiInfo	120	static
esp8266.c:34:6:ESP8266_UpdateTcpInfo	80	static
esp8266.c:72:9:ESP8266_SendCmd	24	static
esp8266.c:81:9:_AT_CheckResponse	24	static
esp8266.c:96:6:_ESP8266_AnswerClear	8	static
esp8266.c:138:9:_ESP8266_CheckWifiConnection	24	static
esp8266.c:45:9:ESP8266_Start	24	static
esp8266.c:123:9:_ESP8266_OpenTcpPort	24	static
esp8266.c:103:9:ESP8266_SendData	56	static
esp8266.c:150:9:_AT_CommandError	16	static
esp8266.c:157:6:ESP8266_ReceiveAnswer	4	static
esp8266.c:169:6:NetworkInfo_Update	24	static
esp8266.c:193:7:_connection_type_to_string	0	static
esp8266.c:206:7:ESP8266_GetHost	0	static
