bme280.c:361:8:bme280_init	24	static
bme280.c:413:8:bme280_get_regs	40	static
bme280.c:446:8:bme280_set_regs	64	static
bme280.c:515:8:bme280_set_sensor_settings	24	static
bme280.c:558:8:bme280_get_sensor_settings	24	static
bme280.c:582:8:bme280_set_sensor_mode	24	static
bme280.c:614:8:bme280_get_sensor_mode	24	static
bme280.c:635:8:bme280_soft_reset	24	static
bme280.c:680:8:bme280_get_sensor_data	48	static
bme280.c:719:6:bme280_parse_sensor_data	32	static
bme280.c:749:8:bme280_compensate_data	40	static
bme280.c:792:15:set_osr_settings	32	static
bme280.c:813:15:set_osr_humidity_settings	24	static
bme280.c:845:15:set_osr_press_temp_settings	32	static
bme280.c:876:15:set_filter_standby_settings	32	static
bme280.c:907:13:fill_filter_settings	16	static
bme280.c:916:13:fill_standby_settings	16	static
bme280.c:925:13:fill_osr_press_settings	16	static
bme280.c:934:13:fill_osr_temp_settings	16	static
bme280.c:944:13:parse_device_settings	16	static
bme280.c:956:15:write_power_mode	24	static
bme280.c:982:15:put_device_to_sleep	32	static
bme280.c:1006:15:reload_device_settings	24	static
bme280.c:1025:15:compensate_temperature	64	static
bme280.c:1055:15:compensate_pressure	72	static
bme280.c:1102:15:compensate_humidity	96	static
bme280.c:1322:15:get_calib_data	48	static
bme280.c:1358:13:interleave_reg_addr	32	static
bme280.c:1373:13:parse_temp_press_calib_data	24	static
bme280.c:1396:13:parse_humidity_calib_data	32	static
bme280.c:1419:16:are_settings_changed	24	static
bme280.c:1441:15:null_ptr_check	24	static
bme280.c:1464:8:BME280_Init	16	static
bme280.c:1482:8:user_i2c_read	24	static
bme280.c:1489:8:user_i2c_write	32	static
bme280.c:1500:8:set_indoor_navigation	16	static
bme280.c:1517:8:set_weather_monitoring	16	static
bme280.c:1534:6:BME280_Sample	16	static
bme280.c:1543:6:BME280_ToJson_Partial	112	static
bme280.c:1552:8:stream_sensor_data_forced_mode	24	static
bme280.c:1568:8:stream_sensor_data_normal_mode	24	static
bme280.c:1585:6:print_sensor_data	112	static
bme280.c:1596:8:BME280_GetTemperature	24	static
