ds18b20.c:31:9:DS18B20_Start	16	static
ds18b20.c:49:6:DS18B20_StartAll	8	static
ds18b20.c:59:9:DS18B20_Read	48	static
ds18b20.c:123:9:DS18B20_GetResolution	24	static
ds18b20.c:150:9:DS18B20_SetResolution	24	static
ds18b20.c:206:9:DS18B20_Is	16	static
ds18b20.c:213:9:DS18B20_AllDone	8	static
ds18b20.c:218:6:DS18B20_ReadAll	24	static
ds18b20.c:236:6:DS18B20_GetROM	24	static
ds18b20.c:247:6:DS18B20_WriteROM	24	static
ds18b20.c:258:9:DS18B20_Quantity	4	static
ds18b20.c:263:9:DS18B20_GetTemperature	16	static
ds18b20.c:273:6:DS18B20_Init	24	static
ds18b20.c:300:6:DS18B20_Sample	32	static
ds18b20.c:315:6:DS18B20_ToJson_Partial	96	static
