main.c:94:5:main	16	static
main.c:158:6:SystemClock_Config	160	static
main.c:210:13:MX_ADC1_Init	48	static
main.c:281:13:MX_I2C1_Init	8	static
main.c:327:13:MX_RTC_Init	80	static
main.c:422:13:MX_TIM2_Init	56	static
main.c:474:13:MX_USART2_UART_Init	8	static
main.c:509:13:MX_USART3_UART_Init	8	static
main.c:542:13:MX_DMA_Init	16	static
main.c:560:13:MX_GPIO_Init	48	static
main.c:606:6:HAL_UART_RxCpltCallback	16	static
main.c:613:6:HAL_ADC_ConvCpltCallback	16	static
main.c:620:6:HAL_ADC_ErrorCallback	16	static,ignoring_inline_asm
main.c:627:6:HAL_RTC_AlarmAEventCallback	16	static
main.c:635:6:HAL_RTCEx_AlarmBEventCallback	16	static
main.c:643:6:StopMode_LeaveGpioOn	16	static
main.c:663:6:Error_Handler	4	static
