Archive member included to satisfy reference by file (symbol)

/opt/st/stm32cubeide_1.2.0/plugins/com.st.stm32cube.ide.mcu.externaltools.gnu-tools-for-stm32.7-2018-q2-update.linux64_1.0.0.201904181610/tools/bin/../lib/gcc/arm-none-eabi/7.3.1/../../../../arm-none-eabi/lib/thumb/v7e-m/fpv4-sp/hard/libc_nano.a(lib_a-errno.o)
                              Src/syscalls.o (__errno)
/opt/st/stm32cubeide_1.2.0/plugins/com.st.stm32cube.ide.mcu.externaltools.gnu-tools-for-stm32.7-2018-q2-update.linux64_1.0.0.201904181610/tools/bin/../lib/gcc/arm-none-eabi/7.3.1/../../../../arm-none-eabi/lib/thumb/v7e-m/fpv4-sp/hard/libc_nano.a(lib_a-exit.o)
                              /opt/st/stm32cubeide_1.2.0/plugins/com.st.stm32cube.ide.mcu.externaltools.gnu-tools-for-stm32.7-2018-q2-update.linux64_1.0.0.201904181610/tools/bin/../lib/gcc/arm-none-eabi/7.3.1/../../../../arm-none-eabi/lib/thumb/v7e-m/fpv4-sp/hard/crt0.o (exit)
/opt/st/stm32cubeide_1.2.0/plugins/com.st.stm32cube.ide.mcu.externaltools.gnu-tools-for-stm32.7-2018-q2-update.linux64_1.0.0.201904181610/tools/bin/../lib/gcc/arm-none-eabi/7.3.1/../../../../arm-none-eabi/lib/thumb/v7e-m/fpv4-sp/hard/libc_nano.a(lib_a-impure.o)
                              /opt/st/stm32cubeide_1.2.0/plugins/com.st.stm32cube.ide.mcu.externaltools.gnu-tools-for-stm32.7-2018-q2-update.linux64_1.0.0.201904181610/tools/bin/../lib/gcc/arm-none-eabi/7.3.1/../../../../arm-none-eabi/lib/thumb/v7e-m/fpv4-sp/hard/libc_nano.a(lib_a-exit.o) (_global_impure_ptr)
/opt/st/stm32cubeide_1.2.0/plugins/com.st.stm32cube.ide.mcu.externaltools.gnu-tools-for-stm32.7-2018-q2-update.linux64_1.0.0.201904181610/tools/bin/../lib/gcc/arm-none-eabi/7.3.1/../../../../arm-none-eabi/lib/thumb/v7e-m/fpv4-sp/hard/libc_nano.a(lib_a-init.o)
                              /opt/st/stm32cubeide_1.2.0/plugins/com.st.stm32cube.ide.mcu.externaltools.gnu-tools-for-stm32.7-2018-q2-update.linux64_1.0.0.201904181610/tools/bin/../lib/gcc/arm-none-eabi/7.3.1/../../../../arm-none-eabi/lib/thumb/v7e-m/fpv4-sp/hard/crt0.o (__libc_init_array)
/opt/st/stm32cubeide_1.2.0/plugins/com.st.stm32cube.ide.mcu.externaltools.gnu-tools-for-stm32.7-2018-q2-update.linux64_1.0.0.201904181610/tools/bin/../lib/gcc/arm-none-eabi/7.3.1/../../../../arm-none-eabi/lib/thumb/v7e-m/fpv4-sp/hard/libc_nano.a(lib_a-malloc.o)
                              Drivers/Devices/Src/bme280.o (malloc)
/opt/st/stm32cubeide_1.2.0/plugins/com.st.stm32cube.ide.mcu.externaltools.gnu-tools-for-stm32.7-2018-q2-update.linux64_1.0.0.201904181610/tools/bin/../lib/gcc/arm-none-eabi/7.3.1/../../../../arm-none-eabi/lib/thumb/v7e-m/fpv4-sp/hard/libc_nano.a(lib_a-memcpy-stub.o)
                              Drivers/Devices/Src/bme280.o (memcpy)
/opt/st/stm32cubeide_1.2.0/plugins/com.st.stm32cube.ide.mcu.externaltools.gnu-tools-for-stm32.7-2018-q2-update.linux64_1.0.0.201904181610/tools/bin/../lib/gcc/arm-none-eabi/7.3.1/../../../../arm-none-eabi/lib/thumb/v7e-m/fpv4-sp/hard/libc_nano.a(lib_a-memset.o)
                              /opt/st/stm32cubeide_1.2.0/plugins/com.st.stm32cube.ide.mcu.externaltools.gnu-tools-for-stm32.7-2018-q2-update.linux64_1.0.0.201904181610/tools/bin/../lib/gcc/arm-none-eabi/7.3.1/../../../../arm-none-eabi/lib/thumb/v7e-m/fpv4-sp/hard/crt0.o (memset)
/opt/st/stm32cubeide_1.2.0/plugins/com.st.stm32cube.ide.mcu.externaltools.gnu-tools-for-stm32.7-2018-q2-update.linux64_1.0.0.201904181610/tools/bin/../lib/gcc/arm-none-eabi/7.3.1/../../../../arm-none-eabi/lib/thumb/v7e-m/fpv4-sp/hard/libc_nano.a(lib_a-nano-freer.o)
                              /opt/st/stm32cubeide_1.2.0/plugins/com.st.stm32cube.ide.mcu.externaltools.gnu-tools-for-stm32.7-2018-q2-update.linux64_1.0.0.201904181610/tools/bin/../lib/gcc/arm-none-eabi/7.3.1/../../../../arm-none-eabi/lib/thumb/v7e-m/fpv4-sp/hard/libc_nano.a(lib_a-malloc.o) (_free_r)
/opt/st/stm32cubeide_1.2.0/plugins/com.st.stm32cube.ide.mcu.externaltools.gnu-tools-for-stm32.7-2018-q2-update.linux64_1.0.0.201904181610/tools/bin/../lib/gcc/arm-none-eabi/7.3.1/../../../../arm-none-eabi/lib/thumb/v7e-m/fpv4-sp/hard/libc_nano.a(lib_a-nano-mallocr.o)
                              /opt/st/stm32cubeide_1.2.0/plugins/com.st.stm32cube.ide.mcu.externaltools.gnu-tools-for-stm32.7-2018-q2-update.linux64_1.0.0.201904181610/tools/bin/../lib/gcc/arm-none-eabi/7.3.1/../../../../arm-none-eabi/lib/thumb/v7e-m/fpv4-sp/hard/libc_nano.a(lib_a-malloc.o) (_malloc_r)
/opt/st/stm32cubeide_1.2.0/plugins/com.st.stm32cube.ide.mcu.externaltools.gnu-tools-for-stm32.7-2018-q2-update.linux64_1.0.0.201904181610/tools/bin/../lib/gcc/arm-none-eabi/7.3.1/../../../../arm-none-eabi/lib/thumb/v7e-m/fpv4-sp/hard/libc_nano.a(lib_a-nano-vfprintf_float.o)
                              (_printf_float)
/opt/st/stm32cubeide_1.2.0/plugins/com.st.stm32cube.ide.mcu.externaltools.gnu-tools-for-stm32.7-2018-q2-update.linux64_1.0.0.201904181610/tools/bin/../lib/gcc/arm-none-eabi/7.3.1/../../../../arm-none-eabi/lib/thumb/v7e-m/fpv4-sp/hard/libc_nano.a(lib_a-nano-vfprintf_i.o)
[...]
Memory Configuration

Name             Origin             Length             Attributes
CCMRAM           0x0000000010000000 0x0000000000004000 xrw
RAM              0x0000000020000000 0x0000000000010000 xrw
FLASH            0x0000000008000000 0x0000000000080000 xr
*default*        0x0000000000000000 0xffffffffffffffff

Linker script and memory map

LOAD /opt/st/stm32cubeide_1.2.0/plugins/com.st.stm32cube.ide.mcu.externaltools.gnu-tools-for-stm32.7-2018-q2-update.linux64_1.0.0.201904181610/tools/bin/../lib/gcc/arm-none-eabi/7.3.1/thumb/v7e-m/fpv4-sp/hard/crti.o
LOAD /opt/st/stm32cubeide_1.2.0/plugins/com.st.stm32cube.ide.mcu.externaltools.gnu-tools-for-stm32.7-2018-q2-update.linux64_1.0.0.201904181610/tools/bin/../lib/gcc/arm-none-eabi/7.3.1/thumb/v7e-m/fpv4-sp/hard/crtbegin.o
LOAD /opt/st/stm32cubeide_1.2.0/plugins/com.st.stm32cube.ide.mcu.externaltools.gnu-tools-for-stm32.7-2018-q2-update.linux64_1.0.0.201904181610/tools/bin/../lib/gcc/arm-none-eabi/7.3.1/../../../../arm-none-eabi/lib/thumb/v7e-m/fpv4-sp/hard/crt0.o
LOAD Drivers/Devices/Src/bme280.o
LOAD Drivers/Devices/Src/dht.o
LOAD Drivers/Devices/Src/ds18b20.o
LOAD Drivers/Devices/Src/esp8266.o
LOAD Drivers/Devices/Src/fc37.o
LOAD Drivers/Devices/Src/temt600.o
LOAD Drivers/Extensions/Src/gpio_ext.o
LOAD Drivers/Extensions/Src/onewire.o
LOAD Drivers/Extensions/Src/time_ext.o
LOAD Drivers/STM32F3xx_HAL_Driver/Src/stm32f3xx_hal.o
LOAD Drivers/STM32F3xx_HAL_Driver/Src/stm32f3xx_hal_adc.o
LOAD Drivers/STM32F3xx_HAL_Driver/Src/stm32f3xx_hal_adc_ex.o
LOAD Drivers/STM32F3xx_HAL_Driver/Src/stm32f3xx_hal_cortex.o
LOAD Drivers/STM32F3xx_HAL_Driver/Src/stm32f3xx_hal_dma.o
LOAD Drivers/STM32F3xx_HAL_Driver/Src/stm32f3xx_hal_exti.o
LOAD Drivers/STM32F3xx_HAL_Driver/Src/stm32f3xx_hal_flash.o
LOAD Drivers/STM32F3xx_HAL_Driver/Src/stm32f3xx_hal_flash_ex.o
LOAD Drivers/STM32F3xx_HAL_Driver/Src/stm32f3xx_hal_gpio.o
LOAD Drivers/STM32F3xx_HAL_Driver/Src/stm32f3xx_hal_i2c.o
LOAD Drivers/STM32F3xx_HAL_Driver/Src/stm32f3xx_hal_i2c_ex.o
LOAD Drivers/STM32F3xx_HAL_Driver/Src/stm32f3xx_hal_pwr.o
LOAD Drivers/STM32F3xx_HAL_Driver/Src/stm32f3xx_hal_pwr_ex.o
LOAD Drivers/STM32F3xx_HAL_Driver/Src/stm32f3xx_hal_rcc.o
LOAD Drivers/STM32F3xx_HAL_Driver/Src/stm32f3xx_hal_rcc_ex.o
LOAD Drivers/STM32F3xx_HAL_Driver/Src/stm32f3xx_hal_rtc.o
LOAD Drivers/STM32F3xx_HAL_Driver/Src/stm32f3xx_hal_rtc_ex.o
LOAD Drivers/STM32F3xx_HAL_Driver/Src/stm32f3xx_hal_tim.o
LOAD Drivers/STM32F3xx_HAL_Driver/Src/stm32f3xx_hal_tim_ex.o
LOAD Drivers/STM32F3xx_HAL_Driver/Src/stm32f3xx_hal_uart.o
LOAD Drivers/STM32F3xx_HAL_Driver/Src/stm32f3xx_hal_uart_ex.o
LOAD Drivers/Utils/Src/weather_utils.o
LOAD Src/core.o
LOAD Src/main.o
LOAD Src/stm32f3xx_hal_msp.o
LOAD Src/stm32f3xx_it.o
LOAD Src/syscalls.o
LOAD Src/sysmem.o
LOAD Src/system_stm32f3xx.o
LOAD Startup/startup_stm32f303retx.o
START GROUP
LOAD /opt/st/stm32cubeide_1.2.0/plugins/com.st.stm32cube.ide.mcu.externaltools.gnu-tools-for-stm32.7-2018-q2-update.linux64_1.0.0.201904181610/tools/bin/../lib/gcc/arm-none-eabi/7.3.1/../../../../arm-none-eabi/lib/thumb/v7e-m/fpv4-sp/hard/libc_nano.a
LOAD /opt/st/stm32cubeide_1.2.0/plugins/com.st.stm32cube.ide.mcu.externaltools.gnu-tools-for-stm32.7-2018-q2-update.linux64_1.0.0.201904181610/tools/bin/../lib/gcc/arm-none-eabi/7.3.1/../../../../arm-none-eabi/lib/thumb/v7e-m/fpv4-sp/hard/libm.a
END GROUP
START GROUP
LOAD /opt/st/stm32cubeide_1.2.0/plugins/com.st.stm32cube.ide.mcu.externaltools.gnu-tools-for-stm32.7-2018-q2-update.linux64_1.0.0.201904181610/tools/bin/../lib/gcc/arm-none-eabi/7.3.1/thumb/v7e-m/fpv4-sp/hard/libgcc.a
LOAD /opt/st/stm32cubeide_1.2.0/plugins/com.st.stm32cube.ide.mcu.externaltools.gnu-tools-for-stm32.7-2018-q2-update.linux64_1.0.0.201904181610/tools/bin/../lib/gcc/arm-none-eabi/7.3.1/../../../../arm-none-eabi/lib/thumb/v7e-m/fpv4-sp/hard/libc_nano.a
END GROUP
START GROUP
LOAD /opt/st/stm32cubeide_1.2.0/plugins/com.st.stm32cube.ide.mcu.externaltools.gnu-tools-for-stm32.7-2018-q2-update.linux64_1.0.0.201904181610/tools/bin/../lib/gcc/arm-none-eabi/7.3.1/thumb/v7e-m/fpv4-sp/hard/libgcc.a
LOAD /opt/st/stm32cubeide_1.2.0/plugins/com.st.stm32cube.ide.mcu.externaltools.gnu-tools-for-stm32.7-2018-q2-update.linux64_1.0.0.201904181610/tools/bin/../lib/gcc/arm-none-eabi/7.3.1/../../../../arm-none-eabi/lib/thumb/v7e-m/fpv4-sp/hard/libc_nano.a
LOAD /opt/st/stm32cubeide_1.2.0/plugins/com.st.stm32cube.ide.mcu.externaltools.gnu-tools-for-stm32.7-2018-q2-update.linux64_1.0.0.201904181610/tools/bin/../lib/gcc/arm-none-eabi/7.3.1/../../../../arm-none-eabi/lib/thumb/v7e-m/fpv4-sp/hard/libnosys.a
END GROUP
START GROUP
LOAD /opt/st/stm32cubeide_1.2.0/plugins/com.st.stm32cube.ide.mcu.externaltools.gnu-tools-for-stm32.7-2018-q2-update.linux64_1.0.0.201904181610/tools/bin/../lib/gcc/arm-none-eabi/7.3.1/thumb/v7e-m/fpv4-sp/hard/libgcc.a
LOAD /opt/st/stm32cubeide_1.2.0/plugins/com.st.stm32cube.ide.mcu.externaltools.gnu-tools-for-stm32.7-2018-q2-update.linux64_1.0.0.201904181610/tools/bin/../lib/gcc/arm-none-eabi/7.3.1/../../../../arm-none-eabi/lib/thumb/v7e-m/fpv4-sp/hard/libc_nano.a
LOAD /opt/st/stm32cubeide_1.2.0/plugins/com.st.stm32cube.ide.mcu.externaltools.gnu-tools-for-stm32.7-2018-q2-update.linux64_1.0.0.201904181610/tools/bin/../lib/gcc/arm-none-eabi/7.3.1/../../../../arm-none-eabi/lib/thumb/v7e-m/fpv4-sp/hard/libnosys.a
END GROUP
LOAD /opt/st/stm32cubeide_1.2.0/plugins/com.st.stm32cube.ide.mcu.externaltools.gnu-tools-for-stm32.7-2018-q2-update.linux64_1.0.0.201904181610/tools/bin/../lib/gcc/arm-none-eabi/7.3.1/thumb/v7e-m/fpv4-sp/hard/crtend.o
LOAD /opt/st/stm32cubeide_1.2.0/plugins/com.st.stm32cube.ide.mcu.externaltools.gnu-tools-for-stm32.7-2018-q2-update.linux64_1.0.0.201904181610/tools/bin/../lib/gcc/arm-none-eabi/7.3.1/thumb/v7e-m/fpv4-sp/hard/crtn.o
                0x0000000020010000                _estack = 0x20010000
                0x0000000000000200                _Min_Heap_Size = 0x200
                0x0000000000000400                _Min_Stack_Size = 0x400

.isr_vector     0x0000000008000000      0x194
                0x0000000008000000                . = ALIGN (0x4)
 *(.isr_vector)
 .isr_vector    0x0000000008000000      0x194 Startup/startup_stm32f303retx.o
                0x0000000008000000                g_pfnVectors
                0x0000000008000194                . = ALIGN (0x4)

.text           0x00000000080001a0     0x9a70
                0x00000000080001a0                . = ALIGN (0x4)
 *(.text)
 .text          0x00000000080001a0       0x40 /opt/st/stm32cubeide_1.2.0/plugins/com.st.stm32cube.ide.mcu.externaltools.gnu-tools-for-stm32.7-2018-q2-update.linux64_1.0.0.201904181610/tools/bin/../lib/gcc/arm-none-eabi/7.3.1/thumb/v7e-m/fpv4-sp/hard/crtbegin.o
 .text          0x00000000080001e0       0x10 /opt/st/stm32cubeide_1.2.0/plugins/com.st.stm32cube.ide.mcu.externaltools.gnu-tools-for-stm32.7-2018-q2-update.linux64_1.0.0.201904181610/tools/bin/../lib/gcc/arm-none-eabi/7.3.1/../../../../arm-none-eabi/lib/thumb/v7e-m/fpv4-sp/hard/libc_nano.a(lib_a-strlen.o)
                0x00000000080001e0                strlen
 .text          0x00000000080001f0       0xa0 /opt/st/stm32cubeide_1.2.0/plugins/com.st.stm32cube.ide.mcu.externaltools.gnu-tools-for-stm32.7-2018-q2-update.linux64_1.0.0.201904181610/tools/bin/../lib/gcc/arm-none-eabi/7.3.1/../../../../arm-none-eabi/lib/thumb/v7e-m/fpv4-sp/hard/libc_nano.a(lib_a-memchr.o)
                0x00000000080001f0                memchr
 .text          0x0000000008000290      0x378 /opt/st/stm32cubeide_1.2.0/plugins/com.st.stm32cube.ide.mcu.externaltools.gnu-tools-for-stm32.7-2018-q2-update.linux64_1.0.0.201904181610/tools/bin/../lib/gcc/arm-none-eabi/7.3.1/thumb/v7e-m/fpv4-sp/hard/libgcc.a(_arm_addsubdf3.o)
                0x0000000008000290                __aeabi_drsub
                0x0000000008000298                __aeabi_dsub
                0x0000000008000298                __subdf3
                0x000000000800029c                __adddf3
                0x000000000800029c                __aeabi_dadd
                0x0000000008000514                __aeabi_ui2d
                0x0000000008000514                __floatunsidf
                0x0000000008000534                __floatsidf
                0x0000000008000534                __aeabi_i2d
                0x0000000008000558                __extendsfdf2
                0x0000000008000558                __aeabi_f2d
                0x000000000800059c                __aeabi_ul2d
                0x000000000800059c                __floatundidf
                0x00000000080005ac                __floatdidf
                0x00000000080005ac                __aeabi_l2d
 .text          0x0000000008000608      0x424 /opt/st/stm32cubeide_1.2.0/plugins/com.st.stm32cube.ide.mcu.externaltools.gnu-tools-for-stm32.7-2018-q2-update.linux64_1.0.0.201904181610/tools/bin/../lib/gcc/arm-none-eabi/7.3.1/thumb/v7e-m/fpv4-sp/hard/libgcc.a(_arm_muldivdf3.o)
                0x0000000008000608                __aeabi_dmul
                0x0000000008000608                __muldf3
                0x000000000800085c                __aeabi_ddiv
                0x000000000800085c                __divdf3
 .text          0x0000000008000a2c      0x110 /opt/st/stm32cubeide_1.2.0/plugins/com.st.stm32cube.ide.mcu.externaltools.gnu-tools-for-stm32.7-2018-q2-update.linux64_1.0.0.201904181610/tools/bin/../lib/gcc/arm-none-eabi/7.3.1/thumb/v7e-m/fpv4-sp/hard/libgcc.a(_arm_cmpdf2.o)
                0x0000000008000a2c                __gtdf2
                0x0000000008000a2c                __gedf2
                0x0000000008000a34                __ltdf2
                0x0000000008000a34                __ledf2
                0x0000000008000a3c                __cmpdf2
                0x0000000008000a3c                __eqdf2
                0x0000000008000a3c                __nedf2
                0x0000000008000ab8                __aeabi_cdrcmple
                0x0000000008000ac8                __aeabi_cdcmple
                0x0000000008000ac8                __aeabi_cdcmpeq
                0x0000000008000ad8                __aeabi_dcmpeq
                0x0000000008000aec                __aeabi_dcmplt
                0x0000000008000b00                __aeabi_dcmple
                0x0000000008000b14                __aeabi_dcmpge
                0x0000000008000b28                __aeabi_dcmpgt
 .text          0x0000000008000b3c       0x2c /opt/st/stm32cubeide_1.2.0/plugins/com.st.stm32cube.ide.mcu.externaltools.gnu-tools-for-stm32.7-2018-q2-update.linux64_1.0.0.201904181610/tools/bin/../lib/gcc/arm-none-eabi/7.3.1/thumb/v7e-m/fpv4-sp/hard/libgcc.a(_arm_unorddf2.o)
                0x0000000008000b3c                __aeabi_dcmpun
                0x0000000008000b3c                __unorddf2
 .text          0x0000000008000b68       0x50 /opt/st/stm32cubeide_1.2.0/plugins/com.st.stm32cube.ide.mcu.externaltools.gnu-tools-for-stm32.7-2018-q2-update.linux64_1.0.0.201904181610/tools/bin/../lib/gcc/arm-none-eabi/7.3.1/thumb/v7e-m/fpv4-sp/hard/libgcc.a(_arm_fixdfsi.o)
                0x0000000008000b68                __fixdfsi
                0x0000000008000b68                __aeabi_d2iz
 .text          0x0000000008000bb8       0x40 /opt/st/stm32cubeide_1.2.0/plugins/com.st.stm32cube.ide.mcu.externaltools.gnu-tools-for-stm32.7-2018-q2-update.linux64_1.0.0.201904181610/tools/bin/../lib/gcc/arm-none-eabi/7.3.1/thumb/v7e-m/fpv4-sp/hard/libgcc.a(_arm_fixunsdfsi.o)
                0x0000000008000bb8                __fixunsdfsi
                0x0000000008000bb8                __aeabi_d2uiz
 .text          0x0000000008000bf8       0xa0 /opt/st/stm32cubeide_1.2.0/plugins/com.st.stm32cube.ide.mcu.externaltools.gnu-tools-for-stm32.7-2018-q2-update.linux64_1.0.0.201904181610/tools/bin/../lib/gcc/arm-none-eabi/7.3.1/thumb/v7e-m/fpv4-sp/hard/libgcc.a(_arm_truncdfsf2.o)
                0x0000000008000bf8                __aeabi_d2f
                0x0000000008000bf8                __truncdfsf2
 *(.text*)
 .text.user_i2c_read
                0x0000000008000c98       0x40 Drivers/Devices/Src/bme280.o
                0x0000000008000c98                user_i2c_read
 .text.user_i2c_write
                0x0000000008000cd8       0x48 Drivers/Devices/Src/bme280.o
                0x0000000008000cd8                user_i2c_write
 .text.bme280_set_regs
                0x0000000008000d20      0x194 Drivers/Devices/Src/bme280.o
                0x0000000008000d20                bme280_set_regs
 .text.bme280_soft_reset
                0x0000000008000eb4       0xa4 Drivers/Devices/Src/bme280.o
                0x0000000008000eb4                bme280_soft_reset
 .text.put_device_to_sleep
                0x0000000008000f58      0x14c Drivers/Devices/Src/bme280.o
 .text.bme280_set_sensor_settings
                0x00000000080010a4      0x1e8 Drivers/Devices/Src/bme280.o
                0x00000000080010a4                bme280_set_sensor_settings
 .text.BME280_Init
                0x000000000800128c      0x368 Drivers/Devices/Src/bme280.o
                0x000000000800128c                BME280_Init
 *fill*         0x00000000080015f4        0x4 
 .text.BME280_Sample
                0x00000000080015f8      0x5e4 Drivers/Devices/Src/bme280.o
                0x00000000080015f8                BME280_Sample
 *fill*         0x0000000008001bdc        0x4 
 .text.BME280_ToJson_Partial
                0x0000000008001be0       0xa8 Drivers/Devices/Src/bme280.o
                0x0000000008001be0                BME280_ToJson_Partial
 .text.BME280_GetTemperature
                0x0000000008001c88       0x30 Drivers/Devices/Src/bme280.o
                0x0000000008001c88                BME280_GetTemperature
 .text.DHT_Init
                0x0000000008001cb8       0x18 Drivers/Devices/Src/dht.o
                0x0000000008001cb8                DHT_Init
 .text.DHT_ToJson_Partial
                0x0000000008001cd0       0x60 Drivers/Devices/Src/dht.o
                0x0000000008001cd0                DHT_ToJson_Partial
 .text.DHT_Sample
                0x0000000008001d30      0x1dc Drivers/Devices/Src/dht.o
                0x0000000008001d30                DHT_Sample
 .text.DHT_GetTemperature
                0x0000000008001f0c       0x18 Drivers/Devices/Src/dht.o
                0x0000000008001f0c                DHT_GetTemperature
 .text.DS18B20_Read
                0x0000000008001f24       0xc0 Drivers/Devices/Src/ds18b20.o
                0x0000000008001f24                DS18B20_Read
 .text.DS18B20_Init
                0x0000000008001fe4      0x168 Drivers/Devices/Src/ds18b20.o
                0x0000000008001fe4                DS18B20_Init
 .text.DS18B20_Sample
                0x000000000800214c       0xb8 Drivers/Devices/Src/ds18b20.o
                0x000000000800214c                DS18B20_Sample
 .text.DS18B20_ToJson_Partial
                0x0000000008002204       0x78 Drivers/Devices/Src/ds18b20.o
                0x0000000008002204                DS18B20_ToJson_Partial
 .text.ESP8266_Init
                0x000000000800227c       0x9c Drivers/Devices/Src/esp8266.o
                0x000000000800227c                ESP8266_Init
 .text._ESP8266_CheckWifiConnection
                0x0000000008002318       0xd4 Drivers/Devices/Src/esp8266.o
                0x0000000008002318                _ESP8266_CheckWifiConnection
 .text.ESP8266_Start
                0x00000000080023ec      0x27c Drivers/Devices/Src/esp8266.o
                0x00000000080023ec                ESP8266_Start
 .text.ESP8266_SendData
                0x0000000008002668      0x2b4 Drivers/Devices/Src/esp8266.o
                0x0000000008002668                ESP8266_SendData
 .text.ESP8266_ReceiveAnswer
                0x000000000800291c       0x44 Drivers/Devices/Src/esp8266.o
                0x000000000800291c                ESP8266_ReceiveAnswer
 .text.NetworkInfo_Update
                0x0000000008002960       0x68 Drivers/Devices/Src/esp8266.o
                0x0000000008002960                NetworkInfo_Update
 .text.ESP8266_GetHost
                0x00000000080029c8        0x8 Drivers/Devices/Src/esp8266.o
                0x00000000080029c8                ESP8266_GetHost
 .text.FC37_Init
                0x00000000080029d0       0x10 Drivers/Devices/Src/fc37.o
                0x00000000080029d0                FC37_Init
 .text.FC37_Sample
                0x00000000080029e0       0x28 Drivers/Devices/Src/fc37.o
                0x00000000080029e0                FC37_Sample
 .text.FC37_ToJson_Partial
                0x0000000008002a08       0x3c Drivers/Devices/Src/fc37.o
                0x0000000008002a08                FC37_ToJson_Partial
 .text.FC37_SetRawValue
                0x0000000008002a44        0xc Drivers/Devices/Src/fc37.o
                0x0000000008002a44                FC37_SetRawValue
 .text.TEMT600_Init
                0x0000000008002a50       0x10 Drivers/Devices/Src/temt600.o
                0x0000000008002a50                TEMT600_Init
 .text.TEMT600_Sample
                0x0000000008002a60       0x70 Drivers/Devices/Src/temt600.o
                0x0000000008002a60                TEMT600_Sample
 .text.TEMT600_ToJson_Partial
                0x0000000008002ad0       0x24 Drivers/Devices/Src/temt600.o
                0x0000000008002ad0                TEMT600_ToJson_Partial
 .text.TEMT600_SetRawValue
                0x0000000008002af4        0xc Drivers/Devices/Src/temt600.o
                0x0000000008002af4                TEMT600_SetRawValue
 .text.GPIO_SetOutput
                0x0000000008002b00       0x20 Drivers/Extensions/Src/gpio_ext.o
                0x0000000008002b00                GPIO_SetOutput
 .text.GPIO_SetInput
                0x0000000008002b20       0x20 Drivers/Extensions/Src/gpio_ext.o
                0x0000000008002b20                GPIO_SetInput
 .text.OneWire_Reset
                0x0000000008002b40       0x60 Drivers/Extensions/Src/onewire.o
                0x0000000008002b40                OneWire_Reset
 .text.OneWire_WriteBit
                0x0000000008002ba0       0x94 Drivers/Extensions/Src/onewire.o
                0x0000000008002ba0                OneWire_WriteBit
 .text.OneWire_ReadBit
                0x0000000008002c34       0x60 Drivers/Extensions/Src/onewire.o
                0x0000000008002c34                OneWire_ReadBit
 .text.OneWire_WriteByte
                0x0000000008002c94       0xcc Drivers/Extensions/Src/onewire.o
                0x0000000008002c94                OneWire_WriteByte
 .text.OneWire_ReadByte
                0x0000000008002d60       0x7c Drivers/Extensions/Src/onewire.o
                0x0000000008002d60                OneWire_ReadByte
 .text.OneWire_Search
                0x0000000008002ddc      0x1c4 Drivers/Extensions/Src/onewire.o
                0x0000000008002ddc                OneWire_Search
 .text.OneWire_First
                0x0000000008002fa0        0xc Drivers/Extensions/Src/onewire.o
                0x0000000008002fa0                OneWire_First
 .text.OneWire_Next
                0x0000000008002fac        0x8 Drivers/Extensions/Src/onewire.o
                0x0000000008002fac                OneWire_Next
 .text.OneWire_SelectWithPointer
                0x0000000008002fb4       0xfc Drivers/Extensions/Src/onewire.o
                0x0000000008002fb4                OneWire_SelectWithPointer
 .text.OneWire_GetFullROM
                0x00000000080030b0       0x40 Drivers/Extensions/Src/onewire.o
                0x00000000080030b0                OneWire_GetFullROM
 .text.OneWire_CRC8
                0x00000000080030f0       0xb0 Drivers/Extensions/Src/onewire.o
                0x00000000080030f0                OneWire_CRC8
 .text.OneWire_Init
                0x00000000080031a0       0x50 Drivers/Extensions/Src/onewire.o
                0x00000000080031a0                OneWire_Init
 .text.DWT_Init
                0x00000000080031f0       0x24 Drivers/Extensions/Src/time_ext.o
                0x00000000080031f0                DWT_Init
 .text.DWT_DelayUs
                0x0000000008003214       0x38 Drivers/Extensions/Src/time_ext.o
                0x0000000008003214                DWT_DelayUs
 .text.HAL_InitTick
                0x000000000800324c       0x48 Drivers/STM32F3xx_HAL_Driver/Src/stm32f3xx_hal.o
                0x000000000800324c                HAL_InitTick
 .text.HAL_Init
                0x0000000008003294       0x24 Drivers/STM32F3xx_HAL_Driver/Src/stm32f3xx_hal.o
                0x0000000008003294                HAL_Init
 .text.HAL_IncTick
                0x00000000080032b8       0x18 Drivers/STM32F3xx_HAL_Driver/Src/stm32f3xx_hal.o
                0x00000000080032b8                HAL_IncTick
 .text.HAL_GetTick
                0x00000000080032d0        0xc Drivers/STM32F3xx_HAL_Driver/Src/stm32f3xx_hal.o
                0x00000000080032d0                HAL_GetTick
 .text.HAL_Delay
                0x00000000080032dc       0x24 Drivers/STM32F3xx_HAL_Driver/Src/stm32f3xx_hal.o
                0x00000000080032dc                HAL_Delay
 .text.HAL_SuspendTick
                0x0000000008003300       0x10 Drivers/STM32F3xx_HAL_Driver/Src/stm32f3xx_hal.o
                0x0000000008003300                HAL_SuspendTick
 .text.HAL_ResumeTick
                0x0000000008003310       0x10 Drivers/STM32F3xx_HAL_Driver/Src/stm32f3xx_hal.o
                0x0000000008003310                HAL_ResumeTick
 .text.HAL_ADC_ConvHalfCpltCallback
                0x0000000008003320        0x4 Drivers/STM32F3xx_HAL_Driver/Src/stm32f3xx_hal_adc.o
                0x0000000008003320                HAL_ADC_ConvHalfCpltCallback
 .text.ADC_DMAError
                0x0000000008003324       0x18 Drivers/STM32F3xx_HAL_Driver/Src/stm32f3xx_hal_adc_ex.o
 .text.ADC_DMAHalfConvCplt
                0x000000000800333c        0x8 Drivers/STM32F3xx_HAL_Driver/Src/stm32f3xx_hal_adc_ex.o
 .text.ADC_DMAConvCplt
                0x0000000008003344       0x44 Drivers/STM32F3xx_HAL_Driver/Src/stm32f3xx_hal_adc_ex.o
 .text.HAL_ADC_Init
                0x0000000008003388      0x324 Drivers/STM32F3xx_HAL_Driver/Src/stm32f3xx_hal_adc_ex.o
                0x0000000008003388                HAL_ADC_Init
 .text.HAL_ADC_Start_DMA
                0x00000000080036ac      0x1a0 Drivers/STM32F3xx_HAL_Driver/Src/stm32f3xx_hal_adc_ex.o
                0x00000000080036ac                HAL_ADC_Start_DMA
 .text.HAL_ADC_ConfigChannel
                0x000000000800384c      0x354 Drivers/STM32F3xx_HAL_Driver/Src/stm32f3xx_hal_adc_ex.o
                0x000000000800384c                HAL_ADC_ConfigChannel
 .text.HAL_ADCEx_MultiModeConfigChannel
                0x0000000008003ba0      0x11c Drivers/STM32F3xx_HAL_Driver/Src/stm32f3xx_hal_adc_ex.o
                0x0000000008003ba0                HAL_ADCEx_MultiModeConfigChannel
 .text.HAL_NVIC_SetPriorityGrouping
                0x0000000008003cbc       0x24 Drivers/STM32F3xx_HAL_Driver/Src/stm32f3xx_hal_cortex.o
                0x0000000008003cbc                HAL_NVIC_SetPriorityGrouping
 .text.HAL_NVIC_SetPriority
                0x0000000008003ce0       0x6c Drivers/STM32F3xx_HAL_Driver/Src/stm32f3xx_hal_cortex.o
                0x0000000008003ce0                HAL_NVIC_SetPriority
 .text.HAL_NVIC_EnableIRQ
                0x0000000008003d4c       0x1c Drivers/STM32F3xx_HAL_Driver/Src/stm32f3xx_hal_cortex.o
                0x0000000008003d4c                HAL_NVIC_EnableIRQ
 .text.HAL_NVIC_DisableIRQ
                0x0000000008003d68       0x28 Drivers/STM32F3xx_HAL_Driver/Src/stm32f3xx_hal_cortex.o
                0x0000000008003d68                HAL_NVIC_DisableIRQ
 .text.HAL_SYSTICK_Config
                0x0000000008003d90       0x34 Drivers/STM32F3xx_HAL_Driver/Src/stm32f3xx_hal_cortex.o
                0x0000000008003d90                HAL_SYSTICK_Config
 .text.HAL_DMA_Init
                0x0000000008003dc4       0x8c Drivers/STM32F3xx_HAL_Driver/Src/stm32f3xx_hal_dma.o
                0x0000000008003dc4                HAL_DMA_Init
 .text.HAL_DMA_Start_IT
                0x0000000008003e50       0x80 Drivers/STM32F3xx_HAL_Driver/Src/stm32f3xx_hal_dma.o
                0x0000000008003e50                HAL_DMA_Start_IT
 .text.HAL_DMA_Abort_IT
                0x0000000008003ed0       0x48 Drivers/STM32F3xx_HAL_Driver/Src/stm32f3xx_hal_dma.o
                0x0000000008003ed0                HAL_DMA_Abort_IT
 .text.HAL_DMA_IRQHandler
                0x0000000008003f18       0x9c Drivers/STM32F3xx_HAL_Driver/Src/stm32f3xx_hal_dma.o
                0x0000000008003f18                HAL_DMA_IRQHandler
 .text.HAL_GPIO_Init
                0x0000000008003fb4      0x1e4 Drivers/STM32F3xx_HAL_Driver/Src/stm32f3xx_hal_gpio.o
                0x0000000008003fb4                HAL_GPIO_Init
 .text.HAL_GPIO_DeInit
                0x0000000008004198      0x154 Drivers/STM32F3xx_HAL_Driver/Src/stm32f3xx_hal_gpio.o
                0x0000000008004198                HAL_GPIO_DeInit
 .text.HAL_GPIO_ReadPin
                0x00000000080042ec        0xc Drivers/STM32F3xx_HAL_Driver/Src/stm32f3xx_hal_gpio.o
                0x00000000080042ec                HAL_GPIO_ReadPin
 .text.HAL_GPIO_WritePin
                0x00000000080042f8        0xc Drivers/STM32F3xx_HAL_Driver/Src/stm32f3xx_hal_gpio.o
                0x00000000080042f8                HAL_GPIO_WritePin
 .text.I2C_WaitOnTXISFlagUntilTimeout
                0x0000000008004304       0xa8 Drivers/STM32F3xx_HAL_Driver/Src/stm32f3xx_hal_i2c.o
 .text.I2C_WaitOnSTOPFlagUntilTimeout
                0x00000000080043ac       0xac Drivers/STM32F3xx_HAL_Driver/Src/stm32f3xx_hal_i2c.o
 .text.HAL_I2C_Init
                0x0000000008004458       0xa8 Drivers/STM32F3xx_HAL_Driver/Src/stm32f3xx_hal_i2c.o
                0x0000000008004458                HAL_I2C_Init
 .text.HAL_I2C_Master_Transmit
                0x0000000008004500      0x198 Drivers/STM32F3xx_HAL_Driver/Src/stm32f3xx_hal_i2c.o
                0x0000000008004500                HAL_I2C_Master_Transmit
 .text.HAL_I2C_Master_Receive
                0x0000000008004698      0x26c Drivers/STM32F3xx_HAL_Driver/Src/stm32f3xx_hal_i2c.o
                0x0000000008004698                HAL_I2C_Master_Receive
 .text.HAL_I2CEx_ConfigAnalogFilter
                0x0000000008004904       0x54 Drivers/STM32F3xx_HAL_Driver/Src/stm32f3xx_hal_i2c_ex.o
                0x0000000008004904                HAL_I2CEx_ConfigAnalogFilter
 .text.HAL_I2CEx_ConfigDigitalFilter
                0x0000000008004958       0x50 Drivers/STM32F3xx_HAL_Driver/Src/stm32f3xx_hal_i2c_ex.o
                0x0000000008004958                HAL_I2CEx_ConfigDigitalFilter
 .text.HAL_PWR_EnterSLEEPMode
                0x00000000080049a8       0x20 Drivers/STM32F3xx_HAL_Driver/Src/stm32f3xx_hal_pwr.o
                0x00000000080049a8                HAL_PWR_EnterSLEEPMode
 .text.HAL_RCC_OscConfig
                0x00000000080049c8      0x5cc Drivers/STM32F3xx_HAL_Driver/Src/stm32f3xx_hal_rcc.o
                0x00000000080049c8                HAL_RCC_OscConfig
 .text.HAL_RCC_ClockConfig
                0x0000000008004f94      0x1b4 Drivers/STM32F3xx_HAL_Driver/Src/stm32f3xx_hal_rcc.o
                0x0000000008004f94                HAL_RCC_ClockConfig
 .text.HAL_RCC_GetSysClockFreq
                0x0000000008005148       0x5c Drivers/STM32F3xx_HAL_Driver/Src/stm32f3xx_hal_rcc.o
                0x0000000008005148                HAL_RCC_GetSysClockFreq
 .text.HAL_RCC_GetPCLK1Freq
                0x00000000080051a4       0x30 Drivers/STM32F3xx_HAL_Driver/Src/stm32f3xx_hal_rcc.o
                0x00000000080051a4                HAL_RCC_GetPCLK1Freq
 .text.HAL_RCC_GetPCLK2Freq
                0x00000000080051d4       0x30 Drivers/STM32F3xx_HAL_Driver/Src/stm32f3xx_hal_rcc.o
                0x00000000080051d4                HAL_RCC_GetPCLK2Freq
 .text.HAL_RCCEx_PeriphCLKConfig
                0x0000000008005204      0x29c Drivers/STM32F3xx_HAL_Driver/Src/stm32f3xx_hal_rcc_ex.o
                0x0000000008005204                HAL_RCCEx_PeriphCLKConfig
 .text.HAL_RTC_Init
                0x00000000080054a0       0xdc Drivers/STM32F3xx_HAL_Driver/Src/stm32f3xx_hal_rtc.o
                0x00000000080054a0                HAL_RTC_Init
 .text.HAL_RTC_SetTime
                0x000000000800557c      0x178 Drivers/STM32F3xx_HAL_Driver/Src/stm32f3xx_hal_rtc.o
                0x000000000800557c                HAL_RTC_SetTime
 .text.HAL_RTC_SetDate
                0x00000000080056f4      0x140 Drivers/STM32F3xx_HAL_Driver/Src/stm32f3xx_hal_rtc.o
                0x00000000080056f4                HAL_RTC_SetDate
 .text.HAL_RTC_SetAlarm_IT
                0x0000000008005834      0x200 Drivers/STM32F3xx_HAL_Driver/Src/stm32f3xx_hal_rtc.o
                0x0000000008005834                HAL_RTC_SetAlarm_IT
 .text.HAL_RTC_AlarmIRQHandler
                0x0000000008005a34       0x58 Drivers/STM32F3xx_HAL_Driver/Src/stm32f3xx_hal_rtc.o
                0x0000000008005a34                HAL_RTC_AlarmIRQHandler
 .text.HAL_TIM_Base_Init
                0x0000000008005a8c      0x134 Drivers/STM32F3xx_HAL_Driver/Src/stm32f3xx_hal_tim.o
                0x0000000008005a8c                HAL_TIM_Base_Init
 .text.HAL_TIM_Base_Start
                0x0000000008005bc0       0x30 Drivers/STM32F3xx_HAL_Driver/Src/stm32f3xx_hal_tim.o
                0x0000000008005bc0                HAL_TIM_Base_Start
 .text.HAL_TIM_ConfigClockSource
                0x0000000008005bf0      0x150 Drivers/STM32F3xx_HAL_Driver/Src/stm32f3xx_hal_tim.o
                0x0000000008005bf0                HAL_TIM_ConfigClockSource
 .text.HAL_TIM_SlaveConfigSynchro
                0x0000000008005d40       0xf8 Drivers/STM32F3xx_HAL_Driver/Src/stm32f3xx_hal_tim.o
                0x0000000008005d40                HAL_TIM_SlaveConfigSynchro
 .text.HAL_TIMEx_MasterConfigSynchronization
                0x0000000008005e38       0xac Drivers/STM32F3xx_HAL_Driver/Src/stm32f3xx_hal_tim_ex.o
                0x0000000008005e38                HAL_TIMEx_MasterConfigSynchronization
 .text.HAL_UART_DeInit
                0x0000000008005ee4       0x34 Drivers/STM32F3xx_HAL_Driver/Src/stm32f3xx_hal_uart.o
                0x0000000008005ee4                HAL_UART_DeInit
 .text.HAL_UART_Transmit
                0x0000000008005f18      0x174 Drivers/STM32F3xx_HAL_Driver/Src/stm32f3xx_hal_uart.o
                0x0000000008005f18                HAL_UART_Transmit
 .text.HAL_UART_Receive_IT
                0x000000000800608c       0xd8 Drivers/STM32F3xx_HAL_Driver/Src/stm32f3xx_hal_uart.o
                0x000000000800608c                HAL_UART_Receive_IT
 .text.HAL_UART_TxCpltCallback
                0x0000000008006164        0x4 Drivers/STM32F3xx_HAL_Driver/Src/stm32f3xx_hal_uart.o
                0x0000000008006164                HAL_UART_TxCpltCallback
 .text.UART_RxISR_8BIT
                0x0000000008006168       0x5c Drivers/STM32F3xx_HAL_Driver/Src/stm32f3xx_hal_uart.o
 .text.UART_RxISR_16BIT
                0x00000000080061c4       0x58 Drivers/STM32F3xx_HAL_Driver/Src/stm32f3xx_hal_uart.o
 .text.HAL_UART_ErrorCallback
                0x000000000800621c        0x4 Drivers/STM32F3xx_HAL_Driver/Src/stm32f3xx_hal_uart.o
                0x000000000800621c                HAL_UART_ErrorCallback
 .text.HAL_UART_IRQHandler
                0x0000000008006220      0x170 Drivers/STM32F3xx_HAL_Driver/Src/stm32f3xx_hal_uart.o
                0x0000000008006220                HAL_UART_IRQHandler
 .text.UART_DMAAbortOnError
                0x0000000008006390       0x18 Drivers/STM32F3xx_HAL_Driver/Src/stm32f3xx_hal_uart.o
 .text.UART_AdvFeatureConfig
                0x00000000080063a8       0xb0 Drivers/STM32F3xx_HAL_Driver/Src/stm32f3xx_hal_uart.o
                0x00000000080063a8                UART_AdvFeatureConfig
 .text.HAL_UART_Init
                0x0000000008006458      0x370 Drivers/STM32F3xx_HAL_Driver/Src/stm32f3xx_hal_uart.o
                0x0000000008006458                HAL_UART_Init
 .text.HAL_UARTEx_WakeupCallback
                0x00000000080067c8        0x4 Drivers/STM32F3xx_HAL_Driver/Src/stm32f3xx_hal_uart_ex.o
                0x00000000080067c8                HAL_UARTEx_WakeupCallback
 *fill*         0x00000000080067cc        0x4 
 .text.calculate_heat_index_fahrenheit
                0x00000000080067d0      0x344 Drivers/Utils/Src/weather_utils.o
                0x00000000080067d0                calculate_heat_index_fahrenheit
 *fill*         0x0000000008006b14        0x4 
 .text.to_fahrenheit
                0x0000000008006b18       0x34 Drivers/Utils/Src/weather_utils.o
                0x0000000008006b18                to_fahrenheit
 *fill*         0x0000000008006b4c        0x4 
 .text.to_celsius
                0x0000000008006b50       0x34 Drivers/Utils/Src/weather_utils.o
                0x0000000008006b50                to_celsius
 .text.start_sensors
                0x0000000008006b84       0x88 Src/core.o
                0x0000000008006b84                start_sensors
 .text.sample_and_post
                0x0000000008006c0c      0x1d4 Src/core.o
                0x0000000008006c0c                sample_and_post
 .text.SystemClock_Config
                0x0000000008006de0       0x80 Src/main.o
                0x0000000008006de0                SystemClock_Config
 .text.startup.main
                0x0000000008006e60      0x450 Src/main.o
                0x0000000008006e60                main
 .text.HAL_UART_RxCpltCallback
                0x00000000080072b0       0x14 Src/main.o
                0x00000000080072b0                HAL_UART_RxCpltCallback
 .text.HAL_ADC_ConvCpltCallback
                0x00000000080072c4       0x14 Src/main.o
                0x00000000080072c4                HAL_ADC_ConvCpltCallback
 .text.HAL_ADC_ErrorCallback
                0x00000000080072d8       0x1c Src/main.o
                0x00000000080072d8                HAL_ADC_ErrorCallback
 .text.HAL_RTC_AlarmAEventCallback
                0x00000000080072f4       0x44 Src/main.o
                0x00000000080072f4                HAL_RTC_AlarmAEventCallback
 .text.HAL_RTCEx_AlarmBEventCallback
                0x0000000008007338       0x34 Src/main.o
                0x0000000008007338                HAL_RTCEx_AlarmBEventCallback
 .text.Error_Handler
                0x000000000800736c        0x4 Src/main.o
                0x000000000800736c                Error_Handler
 .text.HAL_MspInit
                0x0000000008007370       0x30 Src/stm32f3xx_hal_msp.o
                0x0000000008007370                HAL_MspInit
 .text.HAL_ADC_MspInit
                0x00000000080073a0       0x98 Src/stm32f3xx_hal_msp.o
                0x00000000080073a0                HAL_ADC_MspInit
 .text.HAL_I2C_MspInit
                0x0000000008007438       0xa0 Src/stm32f3xx_hal_msp.o
                0x0000000008007438                HAL_I2C_MspInit
 .text.HAL_RTC_MspInit
                0x00000000080074d8       0x40 Src/stm32f3xx_hal_msp.o
                0x00000000080074d8                HAL_RTC_MspInit
 .text.HAL_TIM_Base_MspInit
                0x0000000008007518       0x28 Src/stm32f3xx_hal_msp.o
                0x0000000008007518                HAL_TIM_Base_MspInit
 .text.HAL_UART_MspInit
                0x0000000008007540       0xc8 Src/stm32f3xx_hal_msp.o
                0x0000000008007540                HAL_UART_MspInit
 .text.HAL_UART_MspDeInit
                0x0000000008007608       0x58 Src/stm32f3xx_hal_msp.o
                0x0000000008007608                HAL_UART_MspDeInit
 .text.NMI_Handler
                0x0000000008007660        0x4 Src/stm32f3xx_it.o
                0x0000000008007660                NMI_Handler
 .text.HardFault_Handler
                0x0000000008007664        0x4 Src/stm32f3xx_it.o
                0x0000000008007664                HardFault_Handler
 .text.MemManage_Handler
                0x0000000008007668        0x4 Src/stm32f3xx_it.o
                0x0000000008007668                MemManage_Handler
 .text.BusFault_Handler
                0x000000000800766c        0x4 Src/stm32f3xx_it.o
                0x000000000800766c                BusFault_Handler
 .text.UsageFault_Handler
                0x0000000008007670        0x4 Src/stm32f3xx_it.o
                0x0000000008007670                UsageFault_Handler
 .text.SVC_Handler
                0x0000000008007674        0x4 Src/stm32f3xx_it.o
                0x0000000008007674                SVC_Handler
 .text.DebugMon_Handler
                0x0000000008007678        0x4 Src/stm32f3xx_it.o
                0x0000000008007678                DebugMon_Handler
 .text.PendSV_Handler
                0x000000000800767c        0x4 Src/stm32f3xx_it.o
                0x000000000800767c                PendSV_Handler
 .text.SysTick_Handler
                0x0000000008007680        0x4 Src/stm32f3xx_it.o
                0x0000000008007680                SysTick_Handler
 .text.DMA1_Channel1_IRQHandler
                0x0000000008007684        0xc Src/stm32f3xx_it.o
                0x0000000008007684                DMA1_Channel1_IRQHandler
 .text.USART3_IRQHandler
                0x0000000008007690        0xc Src/stm32f3xx_it.o
                0x0000000008007690                USART3_IRQHandler
 .text.RTC_Alarm_IRQHandler
                0x000000000800769c        0xc Src/stm32f3xx_it.o
                0x000000000800769c                RTC_Alarm_IRQHandler
 .text._sbrk    0x00000000080076a8       0x3c Src/sysmem.o
                0x00000000080076a8                _sbrk
 .text.SystemInit
                0x00000000080076e4       0x70 Src/system_stm32f3xx.o
                0x00000000080076e4                SystemInit
 .text.Reset_Handler
                0x0000000008007754       0x50 Startup/startup_stm32f303retx.o
                0x0000000008007754                Reset_Handler
 .text.Default_Handler
                0x00000000080077a4        0x2 Startup/startup_stm32f303retx.o
                0x00000000080077a4                TIM8_TRG_COM_IRQHandler
                0x00000000080077a4                TIM8_CC_IRQHandler
                0x00000000080077a4                SPI4_IRQHandler
                0x00000000080077a4                TIM1_CC_IRQHandler
                0x00000000080077a4                USB_HP_IRQHandler
                0x00000000080077a4                PVD_IRQHandler
                0x00000000080077a4                TAMP_STAMP_IRQHandler
                0x00000000080077a4                EXTI3_IRQHandler
                0x00000000080077a4                I2C3_ER_IRQHandler
                0x00000000080077a4                USB_HP_CAN_TX_IRQHandler
                0x00000000080077a4                EXTI0_IRQHandler
                0x00000000080077a4                I2C2_EV_IRQHandler
                0x00000000080077a4                FPU_IRQHandler
                0x00000000080077a4                TIM1_UP_TIM16_IRQHandler
                0x00000000080077a4                ADC1_2_IRQHandler
                0x00000000080077a4                SPI1_IRQHandler
                0x00000000080077a4                CAN_SCE_IRQHandler
                0x00000000080077a4                TIM6_DAC_IRQHandler
                0x00000000080077a4                TIM8_UP_IRQHandler
                0x00000000080077a4                DMA2_Channel2_IRQHandler
                0x00000000080077a4                DMA1_Channel4_IRQHandler
                0x00000000080077a4                TIM20_TRG_COM_IRQHandler
                0x00000000080077a4                DMA1_Channel7_IRQHandler
                0x00000000080077a4                UART5_IRQHandler
                0x00000000080077a4                ADC3_IRQHandler
                0x00000000080077a4                TIM4_IRQHandler
                0x00000000080077a4                CAN_RX1_IRQHandler
                0x00000000080077a4                DMA2_Channel1_IRQHandler
                0x00000000080077a4                I2C1_EV_IRQHandler
                0x00000000080077a4                DMA1_Channel6_IRQHandler
                0x00000000080077a4                UART4_IRQHandler
                0x00000000080077a4                DMA2_Channel4_IRQHandler
                0x00000000080077a4                TIM3_IRQHandler
                0x00000000080077a4                RCC_IRQHandler
                0x00000000080077a4                TIM20_UP_IRQHandler
                0x00000000080077a4                Default_Handler
                0x00000000080077a4                USBWakeUp_RMP_IRQHandler
                0x00000000080077a4                EXTI15_10_IRQHandler
                0x00000000080077a4                TIM7_IRQHandler
                0x00000000080077a4                I2C3_EV_IRQHandler
                0x00000000080077a4                EXTI9_5_IRQHandler
                0x00000000080077a4                RTC_WKUP_IRQHandler
                0x00000000080077a4                SPI2_IRQHandler
                0x00000000080077a4                USB_LP_CAN_RX0_IRQHandler
                0x00000000080077a4                DMA2_Channel5_IRQHandler
                0x00000000080077a4                DMA1_Channel5_IRQHandler
                0x00000000080077a4                USB_LP_IRQHandler
                0x00000000080077a4                EXTI4_IRQHandler
                0x00000000080077a4                TIM1_TRG_COM_TIM17_IRQHandler
                0x00000000080077a4                DMA1_Channel3_IRQHandler
                0x00000000080077a4                ADC4_IRQHandler
                0x00000000080077a4                WWDG_IRQHandler
                0x00000000080077a4                TIM2_IRQHandler
                0x00000000080077a4                COMP7_IRQHandler
                0x00000000080077a4                COMP1_2_3_IRQHandler
                0x00000000080077a4                EXTI1_IRQHandler
                0x00000000080077a4                USART2_IRQHandler
                0x00000000080077a4                COMP4_5_6_IRQHandler
                0x00000000080077a4                TIM20_BRK_IRQHandler
                0x00000000080077a4                I2C2_ER_IRQHandler
                0x00000000080077a4                DMA1_Channel2_IRQHandler
                0x00000000080077a4                TIM8_BRK_IRQHandler
                0x00000000080077a4                FLASH_IRQHandler
                0x00000000080077a4                TIM20_CC_IRQHandler
                0x00000000080077a4                USART1_IRQHandler
                0x00000000080077a4                SPI3_IRQHandler
                0x00000000080077a4                I2C1_ER_IRQHandler
                0x00000000080077a4                FMC_IRQHandler
                0x00000000080077a4                USBWakeUp_IRQHandler
                0x00000000080077a4                DMA2_Channel3_IRQHandler
                0x00000000080077a4                EXTI2_TSC_IRQHandler
                0x00000000080077a4                TIM1_BRK_TIM15_IRQHandler
 *fill*         0x00000000080077a6        0x2 
 .text.__errno  0x00000000080077a8        0xc /opt/st/stm32cubeide_1.2.0/plugins/com.st.stm32cube.ide.mcu.externaltools.gnu-tools-for-stm32.7-2018-q2-update.linux64_1.0.0.201904181610/tools/bin/../lib/gcc/arm-none-eabi/7.3.1/../../../../arm-none-eabi/lib/thumb/v7e-m/fpv4-sp/hard/libc_nano.a(lib_a-errno.o)
                0x00000000080077a8                __errno
 .text.__libc_init_array
                0x00000000080077b4       0x48 /opt/st/stm32cubeide_1.2.0/plugins/com.st.stm32cube.ide.mcu.externaltools.gnu-tools-for-stm32.7-2018-q2-update.linux64_1.0.0.201904181610/tools/bin/../lib/gcc/arm-none-eabi/7.3.1/../../../../arm-none-eabi/lib/thumb/v7e-m/fpv4-sp/hard/libc_nano.a(lib_a-init.o)
                0x00000000080077b4                __libc_init_array
 .text.malloc   0x00000000080077fc       0x10 /opt/st/stm32cubeide_1.2.0/plugins/com.st.stm32cube.ide.mcu.externaltools.gnu-tools-for-stm32.7-2018-q2-update.linux64_1.0.0.201904181610/tools/bin/../lib/gcc/arm-none-eabi/7.3.1/../../../../arm-none-eabi/lib/thumb/v7e-m/fpv4-sp/hard/libc_nano.a(lib_a-malloc.o)
                0x00000000080077fc                malloc
 .text.free     0x000000000800780c       0x10 /opt/st/stm32cubeide_1.2.0/plugins/com.st.stm32cube.ide.mcu.externaltools.gnu-tools-for-stm32.7-2018-q2-update.linux64_1.0.0.201904181610/tools/bin/../lib/gcc/arm-none-eabi/7.3.1/../../../../arm-none-eabi/lib/thumb/v7e-m/fpv4-sp/hard/libc_nano.a(lib_a-malloc.o)
                0x000000000800780c                free
 .text.memcpy   0x000000000800781c       0x16 /opt/st/stm32cubeide_1.2.0/plugins/com.st.stm32cube.ide.mcu.externaltools.gnu-tools-for-stm32.7-2018-q2-update.linux64_1.0.0.201904181610/tools/bin/../lib/gcc/arm-none-eabi/7.3.1/../../../../arm-none-eabi/lib/thumb/v7e-m/fpv4-sp/hard/libc_nano.a(lib_a-memcpy-stub.o)
                0x000000000800781c                memcpy
 .text.memset   0x0000000008007832       0x10 /opt/st/stm32cubeide_1.2.0/plugins/com.st.stm32cube.ide.mcu.externaltools.gnu-tools-for-stm32.7-2018-q2-update.linux64_1.0.0.201904181610/tools/bin/../lib/gcc/arm-none-eabi/7.3.1/../../../../arm-none-eabi/lib/thumb/v7e-m/fpv4-sp/hard/libc_nano.a(lib_a-memset.o)
                0x0000000008007832                memset
 *fill*         0x0000000008007842        0x2 
 .text._free_r  0x0000000008007844       0x9c /opt/st/stm32cubeide_1.2.0/plugins/com.st.stm32cube.ide.mcu.externaltools.gnu-tools-for-stm32.7-2018-q2-update.linux64_1.0.0.201904181610/tools/bin/../lib/gcc/arm-none-eabi/7.3.1/../../../../arm-none-eabi/lib/thumb/v7e-m/fpv4-sp/hard/libc_nano.a(lib_a-nano-freer.o)
                0x0000000008007844                _free_r
 .text._malloc_r
                0x00000000080078e0       0xb4 /opt/st/stm32cubeide_1.2.0/plugins/com.st.stm32cube.ide.mcu.externaltools.gnu-tools-for-stm32.7-2018-q2-update.linux64_1.0.0.201904181610/tools/bin/../lib/gcc/arm-none-eabi/7.3.1/../../../../arm-none-eabi/lib/thumb/v7e-m/fpv4-sp/hard/libc_nano.a(lib_a-nano-mallocr.o)
                0x00000000080078e0                _malloc_r
 .text.__cvt    0x0000000008007994       0xc2 /opt/st/stm32cubeide_1.2.0/plugins/com.st.stm32cube.ide.mcu.externaltools.gnu-tools-for-stm32.7-2018-q2-update.linux64_1.0.0.201904181610/tools/bin/../lib/gcc/arm-none-eabi/7.3.1/../../../../arm-none-eabi/lib/thumb/v7e-m/fpv4-sp/hard/libc_nano.a(lib_a-nano-vfprintf_float.o)
                0x0000000008007994                __cvt
 .text.__exponent
                0x0000000008007a56       0x66 /opt/st/stm32cubeide_1.2.0/plugins/com.st.stm32cube.ide.mcu.externaltools.gnu-tools-for-stm32.7-2018-q2-update.linux64_1.0.0.201904181610/tools/bin/../lib/gcc/arm-none-eabi/7.3.1/../../../../arm-none-eabi/lib/thumb/v7e-m/fpv4-sp/hard/libc_nano.a(lib_a-nano-vfprintf_float.o)
                0x0000000008007a56                __exponent
 .text._printf_float
                0x0000000008007abc      0x480 /opt/st/stm32cubeide_1.2.0/plugins/com.st.stm32cube.ide.mcu.externaltools.gnu-tools-for-stm32.7-2018-q2-update.linux64_1.0.0.201904181610/tools/bin/../lib/gcc/arm-none-eabi/7.3.1/../../../../arm-none-eabi/lib/thumb/v7e-m/fpv4-sp/hard/libc_nano.a(lib_a-nano-vfprintf_float.o)
                0x0000000008007abc                _printf_float
 .text._printf_common
                0x0000000008007f3c       0xea /opt/st/stm32cubeide_1.2.0/plugins/com.st.stm32cube.ide.mcu.externaltools.gnu-tools-for-stm32.7-2018-q2-update.linux64_1.0.0.201904181610/tools/bin/../lib/gcc/arm-none-eabi/7.3.1/../../../../arm-none-eabi/lib/thumb/v7e-m/fpv4-sp/hard/libc_nano.a(lib_a-nano-vfprintf_i.o)
                0x0000000008007f3c                _printf_common
 *fill*         0x0000000008008026        0x2 
 .text._printf_i
                0x0000000008008028      0x224 /opt/st/stm32cubeide_1.2.0/plugins/com.st.stm32cube.ide.mcu.externaltools.gnu-tools-for-stm32.7-2018-q2-update.linux64_1.0.0.201904181610/tools/bin/../lib/gcc/arm-none-eabi/7.3.1/../../../../arm-none-eabi/lib/thumb/v7e-m/fpv4-sp/hard/libc_nano.a(lib_a-nano-vfprintf_i.o)
                0x0000000008008028                _printf_i
 .text._sbrk_r  0x000000000800824c       0x20 /opt/st/stm32cubeide_1.2.0/plugins/com.st.stm32cube.ide.mcu.externaltools.gnu-tools-for-stm32.7-2018-q2-update.linux64_1.0.0.201904181610/tools/bin/../lib/gcc/arm-none-eabi/7.3.1/../../../../arm-none-eabi/lib/thumb/v7e-m/fpv4-sp/hard/libc_nano.a(lib_a-sbrkr.o)
                0x000000000800824c                _sbrk_r
 .text.snprintf
                0x000000000800826c       0x68 /opt/st/stm32cubeide_1.2.0/plugins/com.st.stm32cube.ide.mcu.externaltools.gnu-tools-for-stm32.7-2018-q2-update.linux64_1.0.0.201904181610/tools/bin/../lib/gcc/arm-none-eabi/7.3.1/../../../../arm-none-eabi/lib/thumb/v7e-m/fpv4-sp/hard/libc_nano.a(lib_a-snprintf.o)
                0x000000000800826c                snprintf
                0x000000000800826c                sniprintf
 .text.strchr   0x00000000080082d4       0x1a /opt/st/stm32cubeide_1.2.0/plugins/com.st.stm32cube.ide.mcu.externaltools.gnu-tools-for-stm32.7-2018-q2-update.linux64_1.0.0.201904181610/tools/bin/../lib/gcc/arm-none-eabi/7.3.1/../../../../arm-none-eabi/lib/thumb/v7e-m/fpv4-sp/hard/libc_nano.a(lib_a-strchr.o)
                0x00000000080082d4                strchr
 .text.strcpy   0x00000000080082ee       0x10 /opt/st/stm32cubeide_1.2.0/plugins/com.st.stm32cube.ide.mcu.externaltools.gnu-tools-for-stm32.7-2018-q2-update.linux64_1.0.0.201904181610/tools/bin/../lib/gcc/arm-none-eabi/7.3.1/../../../../arm-none-eabi/lib/thumb/v7e-m/fpv4-sp/hard/libc_nano.a(lib_a-strcpy.o)
                0x00000000080082ee                strcpy
 .text.strncpy  0x00000000080082fe       0x2a /opt/st/stm32cubeide_1.2.0/plugins/com.st.stm32cube.ide.mcu.externaltools.gnu-tools-for-stm32.7-2018-q2-update.linux64_1.0.0.201904181610/tools/bin/../lib/gcc/arm-none-eabi/7.3.1/../../../../arm-none-eabi/lib/thumb/v7e-m/fpv4-sp/hard/libc_nano.a(lib_a-strncpy.o)
                0x00000000080082fe                strncpy
 .text.strstr   0x0000000008008328       0x34 /opt/st/stm32cubeide_1.2.0/plugins/com.st.stm32cube.ide.mcu.externaltools.gnu-tools-for-stm32.7-2018-q2-update.linux64_1.0.0.201904181610/tools/bin/../lib/gcc/arm-none-eabi/7.3.1/../../../../arm-none-eabi/lib/thumb/v7e-m/fpv4-sp/hard/libc_nano.a(lib_a-strstr.o)
                0x0000000008008328                strstr
 .text.quorem   0x000000000800835c      0x118 /opt/st/stm32cubeide_1.2.0/plugins/com.st.stm32cube.ide.mcu.externaltools.gnu-tools-for-stm32.7-2018-q2-update.linux64_1.0.0.201904181610/tools/bin/../lib/gcc/arm-none-eabi/7.3.1/../../../../arm-none-eabi/lib/thumb/v7e-m/fpv4-sp/hard/libc_nano.a(lib_a-dtoa.o)
 *fill*         0x0000000008008474        0x4 
 .text._dtoa_r  0x0000000008008478      0xb70 /opt/st/stm32cubeide_1.2.0/plugins/com.st.stm32cube.ide.mcu.externaltools.gnu-tools-for-stm32.7-2018-q2-update.linux64_1.0.0.201904181610/tools/bin/../lib/gcc/arm-none-eabi/7.3.1/../../../../arm-none-eabi/lib/thumb/v7e-m/fpv4-sp/hard/libc_nano.a(lib_a-dtoa.o)
                0x0000000008008478                _dtoa_r
 .text._localeconv_r
                0x0000000008008fe8       0x1c /opt/st/stm32cubeide_1.2.0/plugins/com.st.stm32cube.ide.mcu.externaltools.gnu-tools-for-stm32.7-2018-q2-update.linux64_1.0.0.201904181610/tools/bin/../lib/gcc/arm-none-eabi/7.3.1/../../../../arm-none-eabi/lib/thumb/v7e-m/fpv4-sp/hard/libc_nano.a(lib_a-localeconv.o)
                0x0000000008008fe8                _localeconv_r
 .text.__malloc_lock
                0x0000000008009004        0x2 /opt/st/stm32cubeide_1.2.0/plugins/com.st.stm32cube.ide.mcu.externaltools.gnu-tools-for-stm32.7-2018-q2-update.linux64_1.0.0.201904181610/tools/bin/../lib/gcc/arm-none-eabi/7.3.1/../../../../arm-none-eabi/lib/thumb/v7e-m/fpv4-sp/hard/libc_nano.a(lib_a-mlock.o)
                0x0000000008009004                __malloc_lock
 .text.__malloc_unlock
                0x0000000008009006        0x2 /opt/st/stm32cubeide_1.2.0/plugins/com.st.stm32cube.ide.mcu.externaltools.gnu-tools-for-stm32.7-2018-q2-update.linux64_1.0.0.201904181610/tools/bin/../lib/gcc/arm-none-eabi/7.3.1/../../../../arm-none-eabi/lib/thumb/v7e-m/fpv4-sp/hard/libc_nano.a(lib_a-mlock.o)
                0x0000000008009006                __malloc_unlock
 .text._Balloc  0x0000000008009008       0x68 /opt/st/stm32cubeide_1.2.0/plugins/com.st.stm32cube.ide.mcu.externaltools.gnu-tools-for-stm32.7-2018-q2-update.linux64_1.0.0.201904181610/tools/bin/../lib/gcc/arm-none-eabi/7.3.1/../../../../arm-none-eabi/lib/thumb/v7e-m/fpv4-sp/hard/libc_nano.a(lib_a-mprec.o)
                0x0000000008009008                _Balloc
 .text._Bfree   0x0000000008009070       0x2e /opt/st/stm32cubeide_1.2.0/plugins/com.st.stm32cube.ide.mcu.externaltools.gnu-tools-for-stm32.7-2018-q2-update.linux64_1.0.0.201904181610/tools/bin/../lib/gcc/arm-none-eabi/7.3.1/../../../../arm-none-eabi/lib/thumb/v7e-m/fpv4-sp/hard/libc_nano.a(lib_a-mprec.o)
                0x0000000008009070                _Bfree
 .text.__multadd
                0x000000000800909e       0x76 /opt/st/stm32cubeide_1.2.0/plugins/com.st.stm32cube.ide.mcu.externaltools.gnu-tools-for-stm32.7-2018-q2-update.linux64_1.0.0.201904181610/tools/bin/../lib/gcc/arm-none-eabi/7.3.1/../../../../arm-none-eabi/lib/thumb/v7e-m/fpv4-sp/hard/libc_nano.a(lib_a-mprec.o)
                0x000000000800909e                __multadd
 .text.__hi0bits
                0x0000000008009114       0x3e /opt/st/stm32cubeide_1.2.0/plugins/com.st.stm32cube.ide.mcu.externaltools.gnu-tools-for-stm32.7-2018-q2-update.linux64_1.0.0.201904181610/tools/bin/../lib/gcc/arm-none-eabi/7.3.1/../../../../arm-none-eabi/lib/thumb/v7e-m/fpv4-sp/hard/libc_nano.a(lib_a-mprec.o)
                0x0000000008009114                __hi0bits
 .text.__lo0bits
                0x0000000008009152       0x5e /opt/st/stm32cubeide_1.2.0/plugins/com.st.stm32cube.ide.mcu.externaltools.gnu-tools-for-stm32.7-2018-q2-update.linux64_1.0.0.201904181610/tools/bin/../lib/gcc/arm-none-eabi/7.3.1/../../../../arm-none-eabi/lib/thumb/v7e-m/fpv4-sp/hard/libc_nano.a(lib_a-mprec.o)
                0x0000000008009152                __lo0bits
 .text.__i2b    0x00000000080091b0       0x12 /opt/st/stm32cubeide_1.2.0/plugins/com.st.stm32cube.ide.mcu.externaltools.gnu-tools-for-stm32.7-2018-q2-update.linux64_1.0.0.201904181610/tools/bin/../lib/gcc/arm-none-eabi/7.3.1/../../../../arm-none-eabi/lib/thumb/v7e-m/fpv4-sp/hard/libc_nano.a(lib_a-mprec.o)
                0x00000000080091b0                __i2b
 .text.__multiply
                0x00000000080091c2      0x12c /opt/st/stm32cubeide_1.2.0/plugins/com.st.stm32cube.ide.mcu.externaltools.gnu-tools-for-stm32.7-2018-q2-update.linux64_1.0.0.201904181610/tools/bin/../lib/gcc/arm-none-eabi/7.3.1/../../../../arm-none-eabi/lib/thumb/v7e-m/fpv4-sp/hard/libc_nano.a(lib_a-mprec.o)
                0x00000000080091c2                __multiply
 *fill*         0x00000000080092ee        0x2 
 .text.__pow5mult
                0x00000000080092f0       0x9c /opt/st/stm32cubeide_1.2.0/plugins/com.st.stm32cube.ide.mcu.externaltools.gnu-tools-for-stm32.7-2018-q2-update.linux64_1.0.0.201904181610/tools/bin/../lib/gcc/arm-none-eabi/7.3.1/../../../../arm-none-eabi/lib/thumb/v7e-m/fpv4-sp/hard/libc_nano.a(lib_a-mprec.o)
                0x00000000080092f0                __pow5mult
 .text.__lshift
                0x000000000800938c       0xa8 /opt/st/stm32cubeide_1.2.0/plugins/com.st.stm32cube.ide.mcu.externaltools.gnu-tools-for-stm32.7-2018-q2-update.linux64_1.0.0.201904181610/tools/bin/../lib/gcc/arm-none-eabi/7.3.1/../../../../arm-none-eabi/lib/thumb/v7e-m/fpv4-sp/hard/libc_nano.a(lib_a-mprec.o)
                0x000000000800938c                __lshift
 .text.__mcmp   0x0000000008009434       0x34 /opt/st/stm32cubeide_1.2.0/plugins/com.st.stm32cube.ide.mcu.externaltools.gnu-tools-for-stm32.7-2018-q2-update.linux64_1.0.0.201904181610/tools/bin/../lib/gcc/arm-none-eabi/7.3.1/../../../../arm-none-eabi/lib/thumb/v7e-m/fpv4-sp/hard/libc_nano.a(lib_a-mprec.o)
                0x0000000008009434                __mcmp
 .text.__mdiff  0x0000000008009468       0xba /opt/st/stm32cubeide_1.2.0/plugins/com.st.stm32cube.ide.mcu.externaltools.gnu-tools-for-stm32.7-2018-q2-update.linux64_1.0.0.201904181610/tools/bin/../lib/gcc/arm-none-eabi/7.3.1/../../../../arm-none-eabi/lib/thumb/v7e-m/fpv4-sp/hard/libc_nano.a(lib_a-mprec.o)
                0x0000000008009468                __mdiff
 .text.__d2b    0x0000000008009522       0x9e /opt/st/stm32cubeide_1.2.0/plugins/com.st.stm32cube.ide.mcu.externaltools.gnu-tools-for-stm32.7-2018-q2-update.linux64_1.0.0.201904181610/tools/bin/../lib/gcc/arm-none-eabi/7.3.1/../../../../arm-none-eabi/lib/thumb/v7e-m/fpv4-sp/hard/libc_nano.a(lib_a-mprec.o)
                0x0000000008009522                __d2b
 .text._calloc_r
                0x00000000080095c0       0x1c /opt/st/stm32cubeide_1.2.0/plugins/com.st.stm32cube.ide.mcu.externaltools.gnu-tools-for-stm32.7-2018-q2-update.linux64_1.0.0.201904181610/tools/bin/../lib/gcc/arm-none-eabi/7.3.1/../../../../arm-none-eabi/lib/thumb/v7e-m/fpv4-sp/hard/libc_nano.a(lib_a-nano-callocr.o)
                0x00000000080095c0                _calloc_r
 .text.__ssputs_r
                0x00000000080095dc       0xb4 /opt/st/stm32cubeide_1.2.0/plugins/com.st.stm32cube.ide.mcu.externaltools.gnu-tools-for-stm32.7-2018-q2-update.linux64_1.0.0.201904181610/tools/bin/../lib/gcc/arm-none-eabi/7.3.1/../../../../arm-none-eabi/lib/thumb/v7e-m/fpv4-sp/hard/libc_nano.a(lib_a-nano-svfprintf.o)
                0x00000000080095dc                __ssputs_r
 .text._svfprintf_r
                0x0000000008009690      0x1f0 /opt/st/stm32cubeide_1.2.0/plugins/com.st.stm32cube.ide.mcu.externaltools.gnu-tools-for-stm32.7-2018-q2-update.linux64_1.0.0.201904181610/tools/bin/../lib/gcc/arm-none-eabi/7.3.1/../../../../arm-none-eabi/lib/thumb/v7e-m/fpv4-sp/hard/libc_nano.a(lib_a-nano-svfprintf.o)
                0x0000000008009690                _svfprintf_r
                0x0000000008009690                _svfiprintf_r
 .text.__ascii_mbtowc
                0x0000000008009880       0x24 /opt/st/stm32cubeide_1.2.0/plugins/com.st.stm32cube.ide.mcu.externaltools.gnu-tools-for-stm32.7-2018-q2-update.linux64_1.0.0.201904181610/tools/bin/../lib/gcc/arm-none-eabi/7.3.1/../../../../arm-none-eabi/lib/thumb/v7e-m/fpv4-sp/hard/libc_nano.a(lib_a-mbtowc_r.o)
                0x0000000008009880                __ascii_mbtowc
 .text.memmove  0x00000000080098a4       0x32 /opt/st/stm32cubeide_1.2.0/plugins/com.st.stm32cube.ide.mcu.externaltools.gnu-tools-for-stm32.7-2018-q2-update.linux64_1.0.0.201904181610/tools/bin/../lib/gcc/arm-none-eabi/7.3.1/../../../../arm-none-eabi/lib/thumb/v7e-m/fpv4-sp/hard/libc_nano.a(lib_a-memmove.o)
                0x00000000080098a4                memmove
 .text._realloc_r
                0x00000000080098d6       0x4c /opt/st/stm32cubeide_1.2.0/plugins/com.st.stm32cube.ide.mcu.externaltools.gnu-tools-for-stm32.7-2018-q2-update.linux64_1.0.0.201904181610/tools/bin/../lib/gcc/arm-none-eabi/7.3.1/../../../../arm-none-eabi/lib/thumb/v7e-m/fpv4-sp/hard/libc_nano.a(lib_a-nano-reallocr.o)
                0x00000000080098d6                _realloc_r
 .text.__ascii_wctomb
                0x0000000008009922       0x1a /opt/st/stm32cubeide_1.2.0/plugins/com.st.stm32cube.ide.mcu.externaltools.gnu-tools-for-stm32.7-2018-q2-update.linux64_1.0.0.201904181610/tools/bin/../lib/gcc/arm-none-eabi/7.3.1/../../../../arm-none-eabi/lib/thumb/v7e-m/fpv4-sp/hard/libc_nano.a(lib_a-wctomb_r.o)
                0x0000000008009922                __ascii_wctomb
 .text._malloc_usable_size_r
                0x000000000800993c       0x10 /opt/st/stm32cubeide_1.2.0/plugins/com.st.stm32cube.ide.mcu.externaltools.gnu-tools-for-stm32.7-2018-q2-update.linux64_1.0.0.201904181610/tools/bin/../lib/gcc/arm-none-eabi/7.3.1/../../../../arm-none-eabi/lib/thumb/v7e-m/fpv4-sp/hard/libc_nano.a(lib_a-nano-msizer.o)
                0x000000000800993c                _malloc_usable_size_r
 .text.round    0x000000000800994c       0x94 /opt/st/stm32cubeide_1.2.0/plugins/com.st.stm32cube.ide.mcu.externaltools.gnu-tools-for-stm32.7-2018-q2-update.linux64_1.0.0.201904181610/tools/bin/../lib/gcc/arm-none-eabi/7.3.1/../../../../arm-none-eabi/lib/thumb/v7e-m/fpv4-sp/hard/libm.a(lib_a-s_round.o)
                0x000000000800994c                round
 .text.sqrt     0x00000000080099e0       0xb4 /opt/st/stm32cubeide_1.2.0/plugins/com.st.stm32cube.ide.mcu.externaltools.gnu-tools-for-stm32.7-2018-q2-update.linux64_1.0.0.201904181610/tools/bin/../lib/gcc/arm-none-eabi/7.3.1/../../../../arm-none-eabi/lib/thumb/v7e-m/fpv4-sp/hard/libm.a(lib_a-w_sqrt.o)
                0x00000000080099e0                sqrt
 .text.__ieee754_sqrt
                0x0000000008009a94      0x160 /opt/st/stm32cubeide_1.2.0/plugins/com.st.stm32cube.ide.mcu.externaltools.gnu-tools-for-stm32.7-2018-q2-update.linux64_1.0.0.201904181610/tools/bin/../lib/gcc/arm-none-eabi/7.3.1/../../../../arm-none-eabi/lib/thumb/v7e-m/fpv4-sp/hard/libm.a(lib_a-e_sqrt.o)
                0x0000000008009a94                __ieee754_sqrt
 .text.matherr  0x0000000008009bf4        0x4 /opt/st/stm32cubeide_1.2.0/plugins/com.st.stm32cube.ide.mcu.externaltools.gnu-tools-for-stm32.7-2018-q2-update.linux64_1.0.0.201904181610/tools/bin/../lib/gcc/arm-none-eabi/7.3.1/../../../../arm-none-eabi/lib/thumb/v7e-m/fpv4-sp/hard/libm.a(lib_a-s_matherr.o)
                0x0000000008009bf4                matherr
 *(.glue_7)
 .glue_7        0x0000000008009bf8        0x0 linker stubs
 *(.glue_7t)
 .glue_7t       0x0000000008009bf8        0x0 linker stubs
 *(.eh_frame)
 .eh_frame      0x0000000008009bf8        0x0 /opt/st/stm32cubeide_1.2.0/plugins/com.st.stm32cube.ide.mcu.externaltools.gnu-tools-for-stm32.7-2018-q2-update.linux64_1.0.0.201904181610/tools/bin/../lib/gcc/arm-none-eabi/7.3.1/thumb/v7e-m/fpv4-sp/hard/crtbegin.o
 *(.init)
 .init          0x0000000008009bf8        0x4 /opt/st/stm32cubeide_1.2.0/plugins/com.st.stm32cube.ide.mcu.externaltools.gnu-tools-for-stm32.7-2018-q2-update.linux64_1.0.0.201904181610/tools/bin/../lib/gcc/arm-none-eabi/7.3.1/thumb/v7e-m/fpv4-sp/hard/crti.o
                0x0000000008009bf8                _init
 .init          0x0000000008009bfc        0x8 /opt/st/stm32cubeide_1.2.0/plugins/com.st.stm32cube.ide.mcu.externaltools.gnu-tools-for-stm32.7-2018-q2-update.linux64_1.0.0.201904181610/tools/bin/../lib/gcc/arm-none-eabi/7.3.1/thumb/v7e-m/fpv4-sp/hard/crtn.o
 *(.fini)
 .fini          0x0000000008009c04        0x4 /opt/st/stm32cubeide_1.2.0/plugins/com.st.stm32cube.ide.mcu.externaltools.gnu-tools-for-stm32.7-2018-q2-update.linux64_1.0.0.201904181610/tools/bin/../lib/gcc/arm-none-eabi/7.3.1/thumb/v7e-m/fpv4-sp/hard/crti.o
                0x0000000008009c04                _fini
 .fini          0x0000000008009c08        0x8 /opt/st/stm32cubeide_1.2.0/plugins/com.st.stm32cube.ide.mcu.externaltools.gnu-tools-for-stm32.7-2018-q2-update.linux64_1.0.0.201904181610/tools/bin/../lib/gcc/arm-none-eabi/7.3.1/thumb/v7e-m/fpv4-sp/hard/crtn.o
                0x0000000008009c10                . = ALIGN (0x4)
                0x0000000008009c10                _etext = .

.vfp11_veneer   0x0000000008009c10        0x0
 .vfp11_veneer  0x0000000008009c10        0x0 linker stubs

.v4_bx          0x0000000008009c10        0x0
 .v4_bx         0x0000000008009c10        0x0 linker stubs

.iplt           0x0000000008009c10        0x0
 .iplt          0x0000000008009c10        0x0 /opt/st/stm32cubeide_1.2.0/plugins/com.st.stm32cube.ide.mcu.externaltools.gnu-tools-for-stm32.7-2018-q2-update.linux64_1.0.0.201904181610/tools/bin/../lib/gcc/arm-none-eabi/7.3.1/thumb/v7e-m/fpv4-sp/hard/crtbegin.o

.rodata         0x0000000008009c10      0x6b8
                0x0000000008009c10                . = ALIGN (0x4)
 *(.rodata)
 .rodata        0x0000000008009c10       0x14 Drivers/Devices/Src/esp8266.o
 *(.rodata*)
 .rodata.BME280_ToJson_Partial.str1.4
                0x0000000008009c24       0x4b Drivers/Devices/Src/bme280.o
 *fill*         0x0000000008009c6f        0x1 
 .rodata.DHT_ToJson_Partial.str1.4
                0x0000000008009c70       0x50 Drivers/Devices/Src/dht.o
 .rodata.DS18B20_ToJson_Partial.str1.4
                0x0000000008009cc0       0x2f Drivers/Devices/Src/ds18b20.o
 *fill*         0x0000000008009cef        0x1 
 .rodata.ESP8266_Init.str1.4
                0x0000000008009cf0       0x3c Drivers/Devices/Src/esp8266.o
 .rodata.ESP8266_SendData.str1.4
                0x0000000008009d2c       0x3c Drivers/Devices/Src/esp8266.o
 .rodata.ESP8266_Start.str1.4
                0x0000000008009d68      0x14f Drivers/Devices/Src/esp8266.o
 *fill*         0x0000000008009eb7        0x1 
 .rodata._ESP8266_CheckWifiConnection.str1.4
                0x0000000008009eb8       0x18 Drivers/Devices/Src/esp8266.o
 .rodata._ESP8266_OpenTcpPort.str1.4
                0x0000000008009ed0        0xf Drivers/Devices/Src/esp8266.o
 *fill*         0x0000000008009edf        0x1 
 .rodata.CSWTCH.3
                0x0000000008009ee0        0x3 Drivers/Devices/Src/fc37.o
 *fill*         0x0000000008009ee3        0x1 
 .rodata.FC37_ToJson_Partial.str1.4
                0x0000000008009ee4       0x15 Drivers/Devices/Src/fc37.o
 *fill*         0x0000000008009ef9        0x3 
 .rodata.TEMT600_ToJson_Partial.str1.4
                0x0000000008009efc       0x17 Drivers/Devices/Src/temt600.o
 *fill*         0x0000000008009f13        0x1 
 .rodata.aPLLMULFactorTable
                0x0000000008009f14       0x10 Drivers/STM32F3xx_HAL_Driver/Src/stm32f3xx_hal_rcc.o
                0x0000000008009f14                aPLLMULFactorTable
 .rodata.aPredivFactorTable
                0x0000000008009f24       0x10 Drivers/STM32F3xx_HAL_Driver/Src/stm32f3xx_hal_rcc.o
                0x0000000008009f24                aPredivFactorTable
 .rodata.CSWTCH.52
                0x0000000008009f34        0x4 Drivers/STM32F3xx_HAL_Driver/Src/stm32f3xx_hal_uart.o
 .rodata.sample_and_post.str1.4
                0x0000000008009f38       0x85 Src/core.o
 *fill*         0x0000000008009fbd        0x3 
 .rodata.start_sensors.str1.4
                0x0000000008009fc0       0x2e Src/core.o
 *fill*         0x0000000008009fee        0x2 
 .rodata.HAL_ADC_ErrorCallback.str1.4
                0x0000000008009ff0       0x10 Src/main.o
 .rodata.main.str1.4
                0x000000000800a000       0x48 Src/main.o
 .rodata.AHBPrescTable
                0x000000000800a048       0x10 Src/system_stm32f3xx.o
                0x000000000800a048                AHBPrescTable
 .rodata.APBPrescTable
                0x000000000800a058        0x8 Src/system_stm32f3xx.o
                0x000000000800a058                APBPrescTable
 .rodata._printf_float.str1.1
                0x000000000800a060       0x12 /opt/st/stm32cubeide_1.2.0/plugins/com.st.stm32cube.ide.mcu.externaltools.gnu-tools-for-stm32.7-2018-q2-update.linux64_1.0.0.201904181610/tools/bin/../lib/gcc/arm-none-eabi/7.3.1/../../../../arm-none-eabi/lib/thumb/v7e-m/fpv4-sp/hard/libc_nano.a(lib_a-nano-vfprintf_float.o)
 .rodata._printf_i.str1.1
                0x000000000800a072       0x22 /opt/st/stm32cubeide_1.2.0/plugins/com.st.stm32cube.ide.mcu.externaltools.gnu-tools-for-stm32.7-2018-q2-update.linux64_1.0.0.201904181610/tools/bin/../lib/gcc/arm-none-eabi/7.3.1/../../../../arm-none-eabi/lib/thumb/v7e-m/fpv4-sp/hard/libc_nano.a(lib_a-nano-vfprintf_i.o)
 .rodata._dtoa_r.str1.1
                0x000000000800a094        0xd /opt/st/stm32cubeide_1.2.0/plugins/com.st.stm32cube.ide.mcu.externaltools.gnu-tools-for-stm32.7-2018-q2-update.linux64_1.0.0.201904181610/tools/bin/../lib/gcc/arm-none-eabi/7.3.1/../../../../arm-none-eabi/lib/thumb/v7e-m/fpv4-sp/hard/libc_nano.a(lib_a-dtoa.o)
                                          0xf (size before relaxing)
 *fill*         0x000000000800a0a1        0x7 
 .rodata.__mprec_bigtens
                0x000000000800a0a8       0x28 /opt/st/stm32cubeide_1.2.0/plugins/com.st.stm32cube.ide.mcu.externaltools.gnu-tools-for-stm32.7-2018-q2-update.linux64_1.0.0.201904181610/tools/bin/../lib/gcc/arm-none-eabi/7.3.1/../../../../arm-none-eabi/lib/thumb/v7e-m/fpv4-sp/hard/libc_nano.a(lib_a-mprec.o)
                0x000000000800a0a8                __mprec_bigtens
 .rodata.__mprec_tens
                0x000000000800a0d0       0xc8 /opt/st/stm32cubeide_1.2.0/plugins/com.st.stm32cube.ide.mcu.externaltools.gnu-tools-for-stm32.7-2018-q2-update.linux64_1.0.0.201904181610/tools/bin/../lib/gcc/arm-none-eabi/7.3.1/../../../../arm-none-eabi/lib/thumb/v7e-m/fpv4-sp/hard/libc_nano.a(lib_a-mprec.o)
                0x000000000800a0d0                __mprec_tens
 .rodata.p05.7359
                0x000000000800a198        0xc /opt/st/stm32cubeide_1.2.0/plugins/com.st.stm32cube.ide.mcu.externaltools.gnu-tools-for-stm32.7-2018-q2-update.linux64_1.0.0.201904181610/tools/bin/../lib/gcc/arm-none-eabi/7.3.1/../../../../arm-none-eabi/lib/thumb/v7e-m/fpv4-sp/hard/libc_nano.a(lib_a-mprec.o)
 .rodata._svfprintf_r.str1.1
                0x000000000800a1a4       0x11 /opt/st/stm32cubeide_1.2.0/plugins/com.st.stm32cube.ide.mcu.externaltools.gnu-tools-for-stm32.7-2018-q2-update.linux64_1.0.0.201904181610/tools/bin/../lib/gcc/arm-none-eabi/7.3.1/../../../../arm-none-eabi/lib/thumb/v7e-m/fpv4-sp/hard/libc_nano.a(lib_a-nano-svfprintf.o)
 .rodata._setlocale_r.str1.1
                0x000000000800a1b5        0x8 /opt/st/stm32cubeide_1.2.0/plugins/com.st.stm32cube.ide.mcu.externaltools.gnu-tools-for-stm32.7-2018-q2-update.linux64_1.0.0.201904181610/tools/bin/../lib/gcc/arm-none-eabi/7.3.1/../../../../arm-none-eabi/lib/thumb/v7e-m/fpv4-sp/hard/libc_nano.a(lib_a-locale.o)
                                          0x9 (size before relaxing)
 .rodata.str1.1
                0x000000000800a1bd        0x2 /opt/st/stm32cubeide_1.2.0/plugins/com.st.stm32cube.ide.mcu.externaltools.gnu-tools-for-stm32.7-2018-q2-update.linux64_1.0.0.201904181610/tools/bin/../lib/gcc/arm-none-eabi/7.3.1/../../../../arm-none-eabi/lib/thumb/v7e-m/fpv4-sp/hard/libc_nano.a(lib_a-locale.o)
 .rodata._ctype_
                0x000000000800a1bf      0x101 /opt/st/stm32cubeide_1.2.0/plugins/com.st.stm32cube.ide.mcu.externaltools.gnu-tools-for-stm32.7-2018-q2-update.linux64_1.0.0.201904181610/tools/bin/../lib/gcc/arm-none-eabi/7.3.1/../../../../arm-none-eabi/lib/thumb/v7e-m/fpv4-sp/hard/libc_nano.a(lib_a-ctype_.o)
                0x000000000800a1bf                _ctype_
 .rodata.sqrt.str1.1
                0x000000000800a2c0        0x5 /opt/st/stm32cubeide_1.2.0/plugins/com.st.stm32cube.ide.mcu.externaltools.gnu-tools-for-stm32.7-2018-q2-update.linux64_1.0.0.201904181610/tools/bin/../lib/gcc/arm-none-eabi/7.3.1/../../../../arm-none-eabi/lib/thumb/v7e-m/fpv4-sp/hard/libm.a(lib_a-w_sqrt.o)
                0x000000000800a2c8                . = ALIGN (0x4)
 *fill*         0x000000000800a2c5        0x3 

.rel.dyn        0x000000000800a2c8        0x0
 .rel.iplt      0x000000000800a2c8        0x0 /opt/st/stm32cubeide_1.2.0/plugins/com.st.stm32cube.ide.mcu.externaltools.gnu-tools-for-stm32.7-2018-q2-update.linux64_1.0.0.201904181610/tools/bin/../lib/gcc/arm-none-eabi/7.3.1/thumb/v7e-m/fpv4-sp/hard/crtbegin.o

.ARM.extab      0x000000000800a2c8        0x0
                0x000000000800a2c8                . = ALIGN (0x4)
 *(.ARM.extab* .gnu.linkonce.armextab.*)
                0x000000000800a2c8                . = ALIGN (0x4)

.ARM            0x000000000800a2c8        0x0
                0x000000000800a2c8                . = ALIGN (0x4)
                0x000000000800a2c8                __exidx_start = .
 *(.ARM.exidx*)
                0x000000000800a2c8                __exidx_end = .
                0x000000000800a2c8                . = ALIGN (0x4)

.preinit_array  0x000000000800a2c8        0x0
                0x000000000800a2c8                . = ALIGN (0x4)
                0x000000000800a2c8                PROVIDE (__preinit_array_start = .)
 *(.preinit_array*)
                0x000000000800a2c8                PROVIDE (__preinit_array_end = .)
                0x000000000800a2c8                . = ALIGN (0x4)

.init_array     0x000000000800a2c8        0x4
                0x000000000800a2c8                . = ALIGN (0x4)
                0x000000000800a2c8                PROVIDE (__init_array_start = .)
 *(SORT_BY_NAME(.init_array.*))
 *(.init_array*)
 .init_array    0x000000000800a2c8        0x4 /opt/st/stm32cubeide_1.2.0/plugins/com.st.stm32cube.ide.mcu.externaltools.gnu-tools-for-stm32.7-2018-q2-update.linux64_1.0.0.201904181610/tools/bin/../lib/gcc/arm-none-eabi/7.3.1/thumb/v7e-m/fpv4-sp/hard/crtbegin.o
                0x000000000800a2cc                PROVIDE (__init_array_end = .)
                0x000000000800a2cc                . = ALIGN (0x4)

.fini_array     0x000000000800a2cc        0x4
                0x000000000800a2cc                . = ALIGN (0x4)
                [!provide]                        PROVIDE (__fini_array_start = .)
 *(SORT_BY_NAME(.fini_array.*))
 *(.fini_array*)
 .fini_array    0x000000000800a2cc        0x4 /opt/st/stm32cubeide_1.2.0/plugins/com.st.stm32cube.ide.mcu.externaltools.gnu-tools-for-stm32.7-2018-q2-update.linux64_1.0.0.201904181610/tools/bin/../lib/gcc/arm-none-eabi/7.3.1/thumb/v7e-m/fpv4-sp/hard/crtbegin.o
                [!provide]                        PROVIDE (__fini_array_end = .)
                0x000000000800a2d0                . = ALIGN (0x4)
                0x000000000800a2d0                _sidata = LOADADDR (.data)

.data           0x0000000020000000      0x1e8 load address 0x000000000800a2d0
                0x0000000020000000                . = ALIGN (0x4)
                0x0000000020000000                _sdata = .
 *(.data)
 *(.data*)
 .data.uwTickFreq
                0x0000000020000000        0x1 Drivers/STM32F3xx_HAL_Driver/Src/stm32f3xx_hal.o
                0x0000000020000000                uwTickFreq
 *fill*         0x0000000020000001        0x3 
 .data.uwTickPrio
                0x0000000020000004        0x4 Drivers/STM32F3xx_HAL_Driver/Src/stm32f3xx_hal.o
                0x0000000020000004                uwTickPrio
 .data.alarmA_seconds
                0x0000000020000008        0x3 Src/main.o
                0x0000000020000008                alarmA_seconds
 *fill*         0x000000002000000b        0x1 
 .data.alarmB_minutes
                0x000000002000000c        0x4 Src/main.o
                0x000000002000000c                alarmB_minutes
 .data.SystemCoreClock
                0x0000000020000010        0x4 Src/system_stm32f3xx.o
                0x0000000020000010                SystemCoreClock
 .data._impure_ptr
                0x0000000020000014        0x4 /opt/st/stm32cubeide_1.2.0/plugins/com.st.stm32cube.ide.mcu.externaltools.gnu-tools-for-stm32.7-2018-q2-update.linux64_1.0.0.201904181610/tools/bin/../lib/gcc/arm-none-eabi/7.3.1/../../../../arm-none-eabi/lib/thumb/v7e-m/fpv4-sp/hard/libc_nano.a(lib_a-impure.o)
                0x0000000020000014                _impure_ptr
 .data.impure_data
                0x0000000020000018       0x60 /opt/st/stm32cubeide_1.2.0/plugins/com.st.stm32cube.ide.mcu.externaltools.gnu-tools-for-stm32.7-2018-q2-update.linux64_1.0.0.201904181610/tools/bin/../lib/gcc/arm-none-eabi/7.3.1/../../../../arm-none-eabi/lib/thumb/v7e-m/fpv4-sp/hard/libc_nano.a(lib_a-impure.o)
 .data.__global_locale
                0x0000000020000078      0x16c /opt/st/stm32cubeide_1.2.0/plugins/com.st.stm32cube.ide.mcu.externaltools.gnu-tools-for-stm32.7-2018-q2-update.linux64_1.0.0.201904181610/tools/bin/../lib/gcc/arm-none-eabi/7.3.1/../../../../arm-none-eabi/lib/thumb/v7e-m/fpv4-sp/hard/libc_nano.a(lib_a-locale.o)
                0x0000000020000078                __global_locale
 .data.__fdlib_version
                0x00000000200001e4        0x1 /opt/st/stm32cubeide_1.2.0/plugins/com.st.stm32cube.ide.mcu.externaltools.gnu-tools-for-stm32.7-2018-q2-update.linux64_1.0.0.201904181610/tools/bin/../lib/gcc/arm-none-eabi/7.3.1/../../../../arm-none-eabi/lib/thumb/v7e-m/fpv4-sp/hard/libm.a(lib_a-s_lib_ver.o)
                0x00000000200001e4                __fdlib_version
                0x00000000200001e8                . = ALIGN (0x4)
 *fill*         0x00000000200001e5        0x3 
                0x00000000200001e8                _edata = .

.igot.plt       0x00000000200001e8        0x0 load address 0x000000000800a4b8
 .igot.plt      0x00000000200001e8        0x0 /opt/st/stm32cubeide_1.2.0/plugins/com.st.stm32cube.ide.mcu.externaltools.gnu-tools-for-stm32.7-2018-q2-update.linux64_1.0.0.201904181610/tools/bin/../lib/gcc/arm-none-eabi/7.3.1/thumb/v7e-m/fpv4-sp/hard/crtbegin.o
                0x00000000200001e8                . = ALIGN (0x4)

.bss            0x00000000200001e8      0xcf8 load address 0x000000000800a4b8
                0x00000000200001e8                _sbss = .
                0x00000000200001e8                __bss_start__ = _sbss
 *(.bss)
 .bss           0x00000000200001e8       0x1c /opt/st/stm32cubeide_1.2.0/plugins/com.st.stm32cube.ide.mcu.externaltools.gnu-tools-for-stm32.7-2018-q2-update.linux64_1.0.0.201904181610/tools/bin/../lib/gcc/arm-none-eabi/7.3.1/thumb/v7e-m/fpv4-sp/hard/crtbegin.o
 *(.bss*)
 .bss.TempSensorCount
                0x0000000020000204        0x1 Drivers/Devices/Src/ds18b20.o
                0x0000000020000204                TempSensorCount
 *fill*         0x0000000020000205        0x3 
 .bss.adc1_buffer
                0x0000000020000208       0x10 Src/core.o
                0x0000000020000208                adc1_buffer
 .bss.http_header
                0x0000000020000218      0x400 Src/core.o
                0x0000000020000218                http_header
 .bss.json      0x0000000020000618      0x179 Src/core.o
                0x0000000020000618                json
 *fill*         0x0000000020000791        0x3 
 .bss.json_bme280
                0x0000000020000794       0x7f Src/core.o
                0x0000000020000794                json_bme280
 *fill*         0x0000000020000813        0x1 
 .bss.json_dht  0x0000000020000814       0x64 Src/core.o
                0x0000000020000814                json_dht
 .bss.json_ds18b20
                0x0000000020000878       0x55 Src/core.o
                0x0000000020000878                json_ds18b20
 *fill*         0x00000000200008cd        0x3 
 .bss.json_fc37
                0x00000000200008d0       0x1e Src/core.o
                0x00000000200008d0                json_fc37
 *fill*         0x00000000200008ee        0x2 
 .bss.json_temt600
                0x00000000200008f0       0x19 Src/core.o
                0x00000000200008f0                json_temt600
 .bss.alarmA_idx
                0x0000000020000909        0x1 Src/main.o
                0x0000000020000909                alarmA_idx
 .bss.alarmB_idx
                0x000000002000090a        0x1 Src/main.o
                0x000000002000090a                alarmB_idx
 .bss.is_alarmA_fired
                0x000000002000090b        0x1 Src/main.o
                0x000000002000090b                is_alarmA_fired
 .bss.is_alarmB_fired
                0x000000002000090c        0x1 Src/main.o
                0x000000002000090c                is_alarmB_fired
 .bss.is_conversion_completed
                0x000000002000090d        0x1 Src/main.o
                0x000000002000090d                is_conversion_completed
 *fill*         0x000000002000090e        0x2 
 .bss.sAlarmA   0x0000000020000910       0x28 Src/main.o
                0x0000000020000910                sAlarmA
 .bss.sAlarmB   0x0000000020000938       0x28 Src/main.o
                0x0000000020000938                sAlarmB
 .bss.heap_end.6424
                0x0000000020000960        0x4 Src/sysmem.o
 .bss.__malloc_free_list
                0x0000000020000964        0x4 /opt/st/stm32cubeide_1.2.0/plugins/com.st.stm32cube.ide.mcu.externaltools.gnu-tools-for-stm32.7-2018-q2-update.linux64_1.0.0.201904181610/tools/bin/../lib/gcc/arm-none-eabi/7.3.1/../../../../arm-none-eabi/lib/thumb/v7e-m/fpv4-sp/hard/libc_nano.a(lib_a-nano-mallocr.o)
                0x0000000020000964                __malloc_free_list
 .bss.__malloc_sbrk_start
                0x0000000020000968        0x4 /opt/st/stm32cubeide_1.2.0/plugins/com.st.stm32cube.ide.mcu.externaltools.gnu-tools-for-stm32.7-2018-q2-update.linux64_1.0.0.201904181610/tools/bin/../lib/gcc/arm-none-eabi/7.3.1/../../../../arm-none-eabi/lib/thumb/v7e-m/fpv4-sp/hard/libc_nano.a(lib_a-nano-mallocr.o)
                0x0000000020000968                __malloc_sbrk_start
 *(COMMON)
 *fill*         0x000000002000096c        0x4 
 COMMON         0x0000000020000970       0xa4 Drivers/Devices/Src/bme280.o
                0x0000000020000970                dev
                0x00000000200009b0                comp_data
                0x00000000200009c8                hi2c
 COMMON         0x0000000020000a14       0x18 Drivers/Devices/Src/dht.o
                0x0000000020000a14                dht
 COMMON         0x0000000020000a2c       0x50 Drivers/Devices/Src/ds18b20.o
                0x0000000020000a2c                buffer_stations
                0x0000000020000a54                OneWireDevices
                0x0000000020000a58                ds18b20
                0x0000000020000a68                OneWire
 COMMON         0x0000000020000a7c      0x208 Drivers/Devices/Src/esp8266.o
                0x0000000020000a7c                net_info
                0x0000000020000ad8                esp
 COMMON         0x0000000020000c84        0x4 Drivers/Devices/Src/fc37.o
                0x0000000020000c84                fc37
 COMMON         0x0000000020000c88        0x8 Drivers/Devices/Src/temt600.o
                0x0000000020000c88                temt600
 COMMON         0x0000000020000c90        0x4 Drivers/STM32F3xx_HAL_Driver/Src/stm32f3xx_hal.o
                0x0000000020000c90                uwTick
 COMMON         0x0000000020000c94        0x8 Src/core.o
                0x0000000020000c94                ds18b20_temperatures
 COMMON         0x0000000020000c9c      0x240 Src/main.o
                0x0000000020000c9c                huart3
                0x0000000020000d1c                hi2c1
                0x0000000020000d68                hadc1
                0x0000000020000db8                hdma_adc1
                0x0000000020000dfc                hrtc
                0x0000000020000e1c                htim2
                0x0000000020000e5c                huart2
 COMMON         0x0000000020000edc        0x4 /opt/st/stm32cubeide_1.2.0/plugins/com.st.stm32cube.ide.mcu.externaltools.gnu-tools-for-stm32.7-2018-q2-update.linux64_1.0.0.201904181610/tools/bin/../lib/gcc/arm-none-eabi/7.3.1/../../../../arm-none-eabi/lib/thumb/v7e-m/fpv4-sp/hard/libc_nano.a(lib_a-reent.o)
                0x0000000020000edc                errno
                0x0000000020000ee0                . = ALIGN (0x4)
                0x0000000020000ee0                _ebss = .
                0x0000000020000ee0                __bss_end__ = _ebss

._user_heap_stack
                0x0000000020000ee0      0x600 load address 0x000000000800a4b8
                0x0000000020000ee0                . = ALIGN (0x8)
                0x0000000020000ee0                PROVIDE (end = .)
                [!provide]                        PROVIDE (_end = .)
                0x00000000200010e0                . = (. + _Min_Heap_Size)
 *fill*         0x0000000020000ee0      0x200 
                0x00000000200014e0                . = (. + _Min_Stack_Size)
 *fill*         0x00000000200010e0      0x400 
                0x00000000200014e0                . = ALIGN (0x8)

/DISCARD/
 libc.a(*)
 libm.a(*)
 libgcc.a(*)

.ARM.attributes
                0x0000000000000000       0x30
 *(.ARM.attributes)
 .ARM.attributes
                0x0000000000000000       0x22 /opt/st/stm32cubeide_1.2.0/plugins/com.st.stm32cube.ide.mcu.externaltools.gnu-tools-for-stm32.7-2018-q2-update.linux64_1.0.0.201904181610/tools/bin/../lib/gcc/arm-none-eabi/7.3.1/thumb/v7e-m/fpv4-sp/hard/crti.o
 .ARM.attributes
                0x0000000000000022       0x34 /opt/st/stm32cubeide_1.2.0/plugins/com.st.stm32cube.ide.mcu.externaltools.gnu-tools-for-stm32.7-2018-q2-update.linux64_1.0.0.201904181610/tools/bin/../lib/gcc/arm-none-eabi/7.3.1/thumb/v7e-m/fpv4-sp/hard/crtbegin.o
 .ARM.attributes
                0x0000000000000056       0x39 Drivers/Devices/Src/bme280.o
 .ARM.attributes
                0x000000000000008f       0x39 Drivers/Devices/Src/dht.o
 .ARM.attributes
                0x00000000000000c8       0x39 Drivers/Devices/Src/ds18b20.o
 .ARM.attributes
                0x0000000000000101       0x39 Drivers/Devices/Src/esp8266.o
 .ARM.attributes
                0x000000000000013a       0x39 Drivers/Devices/Src/fc37.o
 .ARM.attributes
                0x0000000000000173       0x39 Drivers/Devices/Src/temt600.o
 .ARM.attributes
                0x00000000000001ac       0x39 Drivers/Extensions/Src/gpio_ext.o
 .ARM.attributes
                0x00000000000001e5       0x39 Drivers/Extensions/Src/onewire.o
 .ARM.attributes
                0x000000000000021e       0x39 Drivers/Extensions/Src/time_ext.o
 .ARM.attributes
                0x0000000000000257       0x39 Drivers/STM32F3xx_HAL_Driver/Src/stm32f3xx_hal.o
 .ARM.attributes
                0x0000000000000290       0x39 Drivers/STM32F3xx_HAL_Driver/Src/stm32f3xx_hal_adc.o
 .ARM.attributes
                0x00000000000002c9       0x39 Drivers/STM32F3xx_HAL_Driver/Src/stm32f3xx_hal_adc_ex.o
 .ARM.attributes
                0x0000000000000302       0x39 Drivers/STM32F3xx_HAL_Driver/Src/stm32f3xx_hal_cortex.o
 .ARM.attributes
                0x000000000000033b       0x39 Drivers/STM32F3xx_HAL_Driver/Src/stm32f3xx_hal_dma.o
 .ARM.attributes
                0x0000000000000374       0x39 Drivers/STM32F3xx_HAL_Driver/Src/stm32f3xx_hal_gpio.o
 .ARM.attributes
                0x00000000000003ad       0x39 Drivers/STM32F3xx_HAL_Driver/Src/stm32f3xx_hal_i2c.o
 .ARM.attributes
                0x00000000000003e6       0x39 Drivers/STM32F3xx_HAL_Driver/Src/stm32f3xx_hal_i2c_ex.o
 .ARM.attributes
                0x000000000000041f       0x39 Drivers/STM32F3xx_HAL_Driver/Src/stm32f3xx_hal_pwr.o
 .ARM.attributes
                0x0000000000000458       0x39 Drivers/STM32F3xx_HAL_Driver/Src/stm32f3xx_hal_rcc.o
 .ARM.attributes
                0x0000000000000491       0x39 Drivers/STM32F3xx_HAL_Driver/Src/stm32f3xx_hal_rcc_ex.o
 .ARM.attributes
                0x00000000000004ca       0x39 Drivers/STM32F3xx_HAL_Driver/Src/stm32f3xx_hal_rtc.o
 .ARM.attributes
                0x0000000000000503       0x39 Drivers/STM32F3xx_HAL_Driver/Src/stm32f3xx_hal_tim.o
 .ARM.attributes
                0x000000000000053c       0x39 Drivers/STM32F3xx_HAL_Driver/Src/stm32f3xx_hal_tim_ex.o
 .ARM.attributes
                0x0000000000000575       0x39 Drivers/STM32F3xx_HAL_Driver/Src/stm32f3xx_hal_uart.o
 .ARM.attributes
                0x00000000000005ae       0x39 Drivers/STM32F3xx_HAL_Driver/Src/stm32f3xx_hal_uart_ex.o
 .ARM.attributes
                0x00000000000005e7       0x39 Drivers/Utils/Src/weather_utils.o
 .ARM.attributes
                0x0000000000000620       0x39 Src/core.o
 .ARM.attributes
                0x0000000000000659       0x39 Src/main.o
 .ARM.attributes
                0x0000000000000692       0x39 Src/stm32f3xx_hal_msp.o
 .ARM.attributes
                0x00000000000006cb       0x39 Src/stm32f3xx_it.o
 .ARM.attributes
                0x0000000000000704       0x39 Src/sysmem.o
 .ARM.attributes
                0x000000000000073d       0x39 Src/system_stm32f3xx.o
 .ARM.attributes
                0x0000000000000776       0x21 Startup/startup_stm32f303retx.o
 .ARM.attributes
                0x0000000000000797       0x34 /opt/st/stm32cubeide_1.2.0/plugins/com.st.stm32cube.ide.mcu.externaltools.gnu-tools-for-stm32.7-2018-q2-update.linux64_1.0.0.201904181610/tools/bin/../lib/gcc/arm-none-eabi/7.3.1/../../../../arm-none-eabi/lib/thumb/v7e-m/fpv4-sp/hard/libc_nano.a(lib_a-errno.o)
 .ARM.attributes
                0x00000000000007cb       0x34 /opt/st/stm32cubeide_1.2.0/plugins/com.st.stm32cube.ide.mcu.externaltools.gnu-tools-for-stm32.7-2018-q2-update.linux64_1.0.0.201904181610/tools/bin/../lib/gcc/arm-none-eabi/7.3.1/../../../../arm-none-eabi/lib/thumb/v7e-m/fpv4-sp/hard/libc_nano.a(lib_a-impure.o)
 .ARM.attributes
                0x00000000000007ff       0x34 /opt/st/stm32cubeide_1.2.0/plugins/com.st.stm32cube.ide.mcu.externaltools.gnu-tools-for-stm32.7-2018-q2-update.linux64_1.0.0.201904181610/tools/bin/../lib/gcc/arm-none-eabi/7.3.1/../../../../arm-none-eabi/lib/thumb/v7e-m/fpv4-sp/hard/libc_nano.a(lib_a-init.o)
 .ARM.attributes
                0x0000000000000833       0x34 /opt/st/stm32cubeide_1.2.0/plugins/com.st.stm32cube.ide.mcu.externaltools.gnu-tools-for-stm32.7-2018-q2-update.linux64_1.0.0.201904181610/tools/bin/../lib/gcc/arm-none-eabi/7.3.1/../../../../arm-none-eabi/lib/thumb/v7e-m/fpv4-sp/hard/libc_nano.a(lib_a-malloc.o)
 .ARM.attributes
                0x0000000000000867       0x34 /opt/st/stm32cubeide_1.2.0/plugins/com.st.stm32cube.ide.mcu.externaltools.gnu-tools-for-stm32.7-2018-q2-update.linux64_1.0.0.201904181610/tools/bin/../lib/gcc/arm-none-eabi/7.3.1/../../../../arm-none-eabi/lib/thumb/v7e-m/fpv4-sp/hard/libc_nano.a(lib_a-memcpy-stub.o)
 .ARM.attributes
                0x000000000000089b       0x34 /opt/st/stm32cubeide_1.2.0/plugins/com.st.stm32cube.ide.mcu.externaltools.gnu-tools-for-stm32.7-2018-q2-update.linux64_1.0.0.201904181610/tools/bin/../lib/gcc/arm-none-eabi/7.3.1/../../../../arm-none-eabi/lib/thumb/v7e-m/fpv4-sp/hard/libc_nano.a(lib_a-memset.o)
 .ARM.attributes
                0x00000000000008cf       0x34 /opt/st/stm32cubeide_1.2.0/plugins/com.st.stm32cube.ide.mcu.externaltools.gnu-tools-for-stm32.7-2018-q2-update.linux64_1.0.0.201904181610/tools/bin/../lib/gcc/arm-none-eabi/7.3.1/../../../../arm-none-eabi/lib/thumb/v7e-m/fpv4-sp/hard/libc_nano.a(lib_a-nano-freer.o)
 .ARM.attributes
                0x0000000000000903       0x34 /opt/st/stm32cubeide_1.2.0/plugins/com.st.stm32cube.ide.mcu.externaltools.gnu-tools-for-stm32.7-2018-q2-update.linux64_1.0.0.201904181610/tools/bin/../lib/gcc/arm-none-eabi/7.3.1/../../../../arm-none-eabi/lib/thumb/v7e-m/fpv4-sp/hard/libc_nano.a(lib_a-nano-mallocr.o)
 .ARM.attributes
                0x0000000000000937       0x34 /opt/st/stm32cubeide_1.2.0/plugins/com.st.stm32cube.ide.mcu.externaltools.gnu-tools-for-stm32.7-2018-q2-update.linux64_1.0.0.201904181610/tools/bin/../lib/gcc/arm-none-eabi/7.3.1/../../../../arm-none-eabi/lib/thumb/v7e-m/fpv4-sp/hard/libc_nano.a(lib_a-nano-vfprintf_float.o)
 .ARM.attributes
                0x000000000000096b       0x34 /opt/st/stm32cubeide_1.2.0/plugins/com.st.stm32cube.ide.mcu.externaltools.gnu-tools-for-stm32.7-2018-q2-update.linux64_1.0.0.201904181610/tools/bin/../lib/gcc/arm-none-eabi/7.3.1/../../../../arm-none-eabi/lib/thumb/v7e-m/fpv4-sp/hard/libc_nano.a(lib_a-nano-vfprintf_i.o)
 .ARM.attributes
                0x000000000000099f       0x34 /opt/st/stm32cubeide_1.2.0/plugins/com.st.stm32cube.ide.mcu.externaltools.gnu-tools-for-stm32.7-2018-q2-update.linux64_1.0.0.201904181610/tools/bin/../lib/gcc/arm-none-eabi/7.3.1/../../../../arm-none-eabi/lib/thumb/v7e-m/fpv4-sp/hard/libc_nano.a(lib_a-sbrkr.o)
 .ARM.attributes
                0x00000000000009d3       0x34 /opt/st/stm32cubeide_1.2.0/plugins/com.st.stm32cube.ide.mcu.externaltools.gnu-tools-for-stm32.7-2018-q2-update.linux64_1.0.0.201904181610/tools/bin/../lib/gcc/arm-none-eabi/7.3.1/../../../../arm-none-eabi/lib/thumb/v7e-m/fpv4-sp/hard/libc_nano.a(lib_a-snprintf.o)
 .ARM.attributes
                0x0000000000000a07       0x34 /opt/st/stm32cubeide_1.2.0/plugins/com.st.stm32cube.ide.mcu.externaltools.gnu-tools-for-stm32.7-2018-q2-update.linux64_1.0.0.201904181610/tools/bin/../lib/gcc/arm-none-eabi/7.3.1/../../../../arm-none-eabi/lib/thumb/v7e-m/fpv4-sp/hard/libc_nano.a(lib_a-strchr.o)
 .ARM.attributes
                0x0000000000000a3b       0x34 /opt/st/stm32cubeide_1.2.0/plugins/com.st.stm32cube.ide.mcu.externaltools.gnu-tools-for-stm32.7-2018-q2-update.linux64_1.0.0.201904181610/tools/bin/../lib/gcc/arm-none-eabi/7.3.1/../../../../arm-none-eabi/lib/thumb/v7e-m/fpv4-sp/hard/libc_nano.a(lib_a-strcpy.o)
 .ARM.attributes
                0x0000000000000a6f       0x1b /opt/st/stm32cubeide_1.2.0/plugins/com.st.stm32cube.ide.mcu.externaltools.gnu-tools-for-stm32.7-2018-q2-update.linux64_1.0.0.201904181610/tools/bin/../lib/gcc/arm-none-eabi/7.3.1/../../../../arm-none-eabi/lib/thumb/v7e-m/fpv4-sp/hard/libc_nano.a(lib_a-strlen.o)
 .ARM.attributes
                0x0000000000000a8a       0x34 /opt/st/stm32cubeide_1.2.0/plugins/com.st.stm32cube.ide.mcu.externaltools.gnu-tools-for-stm32.7-2018-q2-update.linux64_1.0.0.201904181610/tools/bin/../lib/gcc/arm-none-eabi/7.3.1/../../../../arm-none-eabi/lib/thumb/v7e-m/fpv4-sp/hard/libc_nano.a(lib_a-strncpy.o)
 .ARM.attributes
                0x0000000000000abe       0x34 /opt/st/stm32cubeide_1.2.0/plugins/com.st.stm32cube.ide.mcu.externaltools.gnu-tools-for-stm32.7-2018-q2-update.linux64_1.0.0.201904181610/tools/bin/../lib/gcc/arm-none-eabi/7.3.1/../../../../arm-none-eabi/lib/thumb/v7e-m/fpv4-sp/hard/libc_nano.a(lib_a-strstr.o)
 .ARM.attributes
                0x0000000000000af2       0x34 /opt/st/stm32cubeide_1.2.0/plugins/com.st.stm32cube.ide.mcu.externaltools.gnu-tools-for-stm32.7-2018-q2-update.linux64_1.0.0.201904181610/tools/bin/../lib/gcc/arm-none-eabi/7.3.1/../../../../arm-none-eabi/lib/thumb/v7e-m/fpv4-sp/hard/libc_nano.a(lib_a-dtoa.o)
 .ARM.attributes
                0x0000000000000b26       0x34 /opt/st/stm32cubeide_1.2.0/plugins/com.st.stm32cube.ide.mcu.externaltools.gnu-tools-for-stm32.7-2018-q2-update.linux64_1.0.0.201904181610/tools/bin/../lib/gcc/arm-none-eabi/7.3.1/../../../../arm-none-eabi/lib/thumb/v7e-m/fpv4-sp/hard/libc_nano.a(lib_a-localeconv.o)
 .ARM.attributes
                0x0000000000000b5a       0x20 /opt/st/stm32cubeide_1.2.0/plugins/com.st.stm32cube.ide.mcu.externaltools.gnu-tools-for-stm32.7-2018-q2-update.linux64_1.0.0.201904181610/tools/bin/../lib/gcc/arm-none-eabi/7.3.1/../../../../arm-none-eabi/lib/thumb/v7e-m/fpv4-sp/hard/libc_nano.a(lib_a-memchr.o)
 .ARM.attributes
                0x0000000000000b7a       0x34 /opt/st/stm32cubeide_1.2.0/plugins/com.st.stm32cube.ide.mcu.externaltools.gnu-tools-for-stm32.7-2018-q2-update.linux64_1.0.0.201904181610/tools/bin/../lib/gcc/arm-none-eabi/7.3.1/../../../../arm-none-eabi/lib/thumb/v7e-m/fpv4-sp/hard/libc_nano.a(lib_a-mlock.o)
 .ARM.attributes
                0x0000000000000bae       0x34 /opt/st/stm32cubeide_1.2.0/plugins/com.st.stm32cube.ide.mcu.externaltools.gnu-tools-for-stm32.7-2018-q2-update.linux64_1.0.0.201904181610/tools/bin/../lib/gcc/arm-none-eabi/7.3.1/../../../../arm-none-eabi/lib/thumb/v7e-m/fpv4-sp/hard/libc_nano.a(lib_a-mprec.o)
 .ARM.attributes