stm32f3xx_hal_msp.c:65:6:HAL_MspInit	8	static
stm32f3xx_hal_msp.c:87:6:HAL_ADC_MspInit	48	static
stm32f3xx_hal_msp.c:138:6:HAL_ADC_MspDeInit	8	static
stm32f3xx_hal_msp.c:169:6:HAL_I2C_MspInit	56	static
stm32f3xx_hal_msp.c:213:6:HAL_I2C_MspDeInit	8	static
stm32f3xx_hal_msp.c:244:6:HAL_RTC_MspInit	8	static,ignoring_inline_asm
stm32f3xx_hal_msp.c:269:6:HAL_RTC_MspDeInit	0	static,ignoring_inline_asm
stm32f3xx_hal_msp.c:294:6:HAL_TIM_Base_MspInit	8	static
stm32f3xx_hal_msp.c:316:6:HAL_TIM_Base_MspDeInit	0	static
stm32f3xx_hal_msp.c:338:6:HAL_UART_MspInit	56	static
stm32f3xx_hal_msp.c:401:6:HAL_UART_MspDeInit	8	static
