Archive member included to satisfy reference by file (symbol)

/opt/st/stm32cubeide/plugins/com.st.stm32cube.ide.mcu.externaltools.gnu-tools-for-stm32.7-2018-q2-update.linux64_1.0.0.201904181610/tools/bin/../lib/gcc/arm-none-eabi/7.3.1/../../../../arm-none-eabi/lib/thumb/v7e-m/fpv4-sp/hard/libc_nano.a(lib_a-errno.o)
                              Src/syscalls.o (__errno)
/opt/st/stm32cubeide/plugins/com.st.stm32cube.ide.mcu.externaltools.gnu-tools-for-stm32.7-2018-q2-update.linux64_1.0.0.201904181610/tools/bin/../lib/gcc/arm-none-eabi/7.3.1/../../../../arm-none-eabi/lib/thumb/v7e-m/fpv4-sp/hard/libc_nano.a(lib_a-exit.o)
                              /opt/st/stm32cubeide/plugins/com.st.stm32cube.ide.mcu.externaltools.gnu-tools-for-stm32.7-2018-q2-update.linux64_1.0.0.201904181610/tools/bin/../lib/gcc/arm-none-eabi/7.3.1/../../../../arm-none-eabi/lib/thumb/v7e-m/fpv4-sp/hard/crt0.o (exit)
/opt/st/stm32cubeide/plugins/com.st.stm32cube.ide.mcu.externaltools.gnu-tools-for-stm32.7-2018-q2-update.linux64_1.0.0.201904181610/tools/bin/../lib/gcc/arm-none-eabi/7.3.1/../../../../arm-none-eabi/lib/thumb/v7e-m/fpv4-sp/hard/libc_nano.a(lib_a-impure.o)
                              /opt/st/stm32cubeide/plugins/com.st.stm32cube.ide.mcu.externaltools.gnu-tools-for-stm32.7-2018-q2-update.linux64_1.0.0.201904181610/tools/bin/../lib/gcc/arm-none-eabi/7.3.1/../../../../arm-none-eabi/lib/thumb/v7e-m/fpv4-sp/hard/libc_nano.a(lib_a-exit.o) (_global_impure_ptr)
/opt/st/stm32cubeide/plugins/com.st.stm32cube.ide.mcu.externaltools.gnu-tools-for-stm32.7-2018-q2-update.linux64_1.0.0.201904181610/tools/bin/../lib/gcc/arm-none-eabi/7.3.1/../../../../arm-none-eabi/lib/thumb/v7e-m/fpv4-sp/hard/libc_nano.a(lib_a-init.o)
                              /opt/st/stm32cubeide/plugins/com.st.stm32cube.ide.mcu.externaltools.gnu-tools-for-stm32.7-2018-q2-update.linux64_1.0.0.201904181610/tools/bin/../lib/gcc/arm-none-eabi/7.3.1/../../../../arm-none-eabi/lib/thumb/v7e-m/fpv4-sp/hard/crt0.o (__libc_init_array)
/opt/st/stm32cubeide/plugins/com.st.stm32cube.ide.mcu.externaltools.gnu-tools-for-stm32.7-2018-q2-update.linux64_1.0.0.201904181610/tools/bin/../lib/gcc/arm-none-eabi/7.3.1/../../../../arm-none-eabi/lib/thumb/v7e-m/fpv4-sp/hard/libc_nano.a(lib_a-malloc.o)
                              Drivers/Devices/Src/bme280.o (malloc)
/opt/st/stm32cubeide/plugins/com.st.stm32cube.ide.mcu.externaltools.gnu-tools-for-stm32.7-2018-q2-update.linux64_1.0.0.201904181610/tools/bin/../lib/gcc/arm-none-eabi/7.3.1/../../../../arm-none-eabi/lib/thumb/v7e-m/fpv4-sp/hard/libc_nano.a(lib_a-memcpy-stub.o)
                              Drivers/Devices/Src/bme280.o (memcpy)
/opt/st/stm32cubeide/plugins/com.st.stm32cube.ide.mcu.externaltools.gnu-tools-for-stm32.7-2018-q2-update.linux64_1.0.0.201904181610/tools/bin/../lib/gcc/arm-none-eabi/7.3.1/../../../../arm-none-eabi/lib/thumb/v7e-m/fpv4-sp/hard/libc_nano.a(lib_a-memset.o)
                              /opt/st/stm32cubeide/plugins/com.st.stm32cube.ide.mcu.externaltools.gnu-tools-for-stm32.7-2018-q2-update.linux64_1.0.0.201904181610/tools/bin/../lib/gcc/arm-none-eabi/7.3.1/../../../../arm-none-eabi/lib/thumb/v7e-m/fpv4-sp/hard/crt0.o (memset)
/opt/st/stm32cubeide/plugins/com.st.stm32cube.ide.mcu.externaltools.gnu-tools-for-stm32.7-2018-q2-update.linux64_1.0.0.201904181610/tools/bin/../lib/gcc/arm-none-eabi/7.3.1/../../../../arm-none-eabi/lib/thumb/v7e-m/fpv4-sp/hard/libc_nano.a(lib_a-nano-freer.o)
                              /opt/st/stm32cubeide/plugins/com.st.stm32cube.ide.mcu.externaltools.gnu-tools-for-stm32.7-2018-q2-update.linux64_1.0.0.201904181610/tools/bin/../lib/gcc/arm-none-eabi/7.3.1/../../../../arm-none-eabi/lib/thumb/v7e-m/fpv4-sp/hard/libc_nano.a(lib_a-malloc.o) (_free_r)
/opt/st/stm32cubeide/plugins/com.st.stm32cube.ide.mcu.externaltools.gnu-tools-for-stm32.7-2018-q2-update.linux64_1.0.0.201904181610/tools/bin/../lib/gcc/arm-none-eabi/7.3.1/../../../../arm-none-eabi/lib/thumb/v7e-m/fpv4-sp/hard/libc_nano.a(lib_a-nano-mallocr.o)
                              /opt/st/stm32cubeide/plugins/com.st.stm32cube.ide.mcu.externaltools.gnu-tools-for-stm32.7-2018-q2-update.linux64_1.0.0.201904181610/tools/bin/../lib/gcc/arm-none-eabi/7.3.1/../../../../arm-none-eabi/lib/thumb/v7e-m/fpv4-sp/hard/libc_nano.a(lib_a-malloc.o) (_malloc_r)
/opt/st/stm32cubeide/plugins/com.st.stm32cube.ide.mcu.externaltools.gnu-tools-for-stm32.7-2018-q2-update.linux64_1.0.0.201904181610/tools/bin/../lib/gcc/arm-none-eabi/7.3.1/../../../../arm-none-eabi/lib/thumb/v7e-m/fpv4-sp/hard/libc_nano.a(lib_a-nano-vfprintf_float.o)
                              (_printf_float)
/opt/st/stm32cubeide/plugins/com.st.stm32cube.ide.mcu.externaltools.gnu-tools-for-stm32.7-2018-q2-update.linux64_1.0.0.201904181610/tools/bin/../lib/gcc/arm-none-eabi/7.3.1/../../../../arm-none-eabi/lib/thumb/v7e-m/fpv4-sp/hard/libc_nano.a(lib_a-nano-vfprintf_i.o)
[...]
Memory Configuration

Name             Origin             Length             Attributes
CCMRAM           0x0000000010000000 0x0000000000004000 xrw
RAM              0x0000000020000000 0x0000000000010000 xrw
FLASH            0x0000000008000000 0x0000000000080000 xr
*default*        0x0000000000000000 0xffffffffffffffff

Linker script and memory map

LOAD /opt/st/stm32cubeide/plugins/com.st.stm32cube.ide.mcu.externaltools.gnu-tools-for-stm32.7-2018-q2-update.linux64_1.0.0.201904181610/tools/bin/../lib/gcc/arm-none-eabi/7.3.1/thumb/v7e-m/fpv4-sp/hard/crti.o
LOAD /opt/st/stm32cubeide/plugins/com.st.stm32cube.ide.mcu.externaltools.gnu-tools-for-stm32.7-2018-q2-update.linux64_1.0.0.201904181610/tools/bin/../lib/gcc/arm-none-eabi/7.3.1/thumb/v7e-m/fpv4-sp/hard/crtbegin.o
LOAD /opt/st/stm32cubeide/plugins/com.st.stm32cube.ide.mcu.externaltools.gnu-tools-for-stm32.7-2018-q2-update.linux64_1.0.0.201904181610/tools/bin/../lib/gcc/arm-none-eabi/7.3.1/../../../../arm-none-eabi/lib/thumb/v7e-m/fpv4-sp/hard/crt0.o
LOAD Drivers/Devices/Src/bme280.o
LOAD Drivers/Devices/Src/dht.o
LOAD Drivers/Devices/Src/ds18b20.o
LOAD Drivers/Devices/Src/esp8266.o
LOAD Drivers/Devices/Src/fc37.o
LOAD Drivers/Devices/Src/temt600.o
LOAD Drivers/Extensions/Src/gpio_ext.o
LOAD Drivers/Extensions/Src/onewire.o
LOAD Drivers/Extensions/Src/time_ext.o
LOAD Drivers/STM32F3xx_HAL_Driver/Src/stm32f3xx_hal.o
LOAD Drivers/STM32F3xx_HAL_Driver/Src/stm32f3xx_hal_adc.o
LOAD Drivers/STM32F3xx_HAL_Driver/Src/stm32f3xx_hal_adc_ex.o
LOAD Drivers/STM32F3xx_HAL_Driver/Src/stm32f3xx_hal_cortex.o
LOAD Drivers/STM32F3xx_HAL_Driver/Src/stm32f3xx_hal_dma.o
LOAD Drivers/STM32F3xx_HAL_Driver/Src/stm32f3xx_hal_exti.o
LOAD Drivers/STM32F3xx_HAL_Driver/Src/stm32f3xx_hal_flash.o
LOAD Drivers/STM32F3xx_HAL_Driver/Src/stm32f3xx_hal_flash_ex.o
LOAD Drivers/STM32F3xx_HAL_Driver/Src/stm32f3xx_hal_gpio.o
LOAD Drivers/STM32F3xx_HAL_Driver/Src/stm32f3xx_hal_i2c.o
LOAD Drivers/STM32F3xx_HAL_Driver/Src/stm32f3xx_hal_i2c_ex.o
LOAD Drivers/STM32F3xx_HAL_Driver/Src/stm32f3xx_hal_pwr.o
LOAD Drivers/STM32F3xx_HAL_Driver/Src/stm32f3xx_hal_pwr_ex.o
LOAD Drivers/STM32F3xx_HAL_Driver/Src/stm32f3xx_hal_rcc.o
LOAD Drivers/STM32F3xx_HAL_Driver/Src/stm32f3xx_hal_rcc_ex.o
LOAD Drivers/STM32F3xx_HAL_Driver/Src/stm32f3xx_hal_rtc.o
LOAD Drivers/STM32F3xx_HAL_Driver/Src/stm32f3xx_hal_rtc_ex.o
LOAD Drivers/STM32F3xx_HAL_Driver/Src/stm32f3xx_hal_tim.o
LOAD Drivers/STM32F3xx_HAL_Driver/Src/stm32f3xx_hal_tim_ex.o
LOAD Drivers/STM32F3xx_HAL_Driver/Src/stm32f3xx_hal_uart.o
LOAD Drivers/STM32F3xx_HAL_Driver/Src/stm32f3xx_hal_uart_ex.o
LOAD Drivers/Utils/Src/weather_utils.o
LOAD Src/core.o
LOAD Src/main.o
LOAD Src/stm32f3xx_hal_msp.o
LOAD Src/stm32f3xx_it.o
LOAD Src/syscalls.o
LOAD Src/sysmem.o
LOAD Src/system_stm32f3xx.o
LOAD Startup/startup_stm32f303retx.o
START GROUP
LOAD /opt/st/stm32cubeide/plugins/com.st.stm32cube.ide.mcu.externaltools.gnu-tools-for-stm32.7-2018-q2-update.linux64_1.0.0.201904181610/tools/bin/../lib/gcc/arm-none-eabi/7.3.1/../../../../arm-none-eabi/lib/thumb/v7e-m/fpv4-sp/hard/libc_nano.a
LOAD /opt/st/stm32cubeide/plugins/com.st.stm32cube.ide.mcu.externaltools.gnu-tools-for-stm32.7-2018-q2-update.linux64_1.0.0.201904181610/tools/bin/../lib/gcc/arm-none-eabi/7.3.1/../../../../arm-none-eabi/lib/thumb/v7e-m/fpv4-sp/hard/libm.a
END GROUP
START GROUP
LOAD /opt/st/stm32cubeide/plugins/com.st.stm32cube.ide.mcu.externaltools.gnu-tools-for-stm32.7-2018-q2-update.linux64_1.0.0.201904181610/tools/bin/../lib/gcc/arm-none-eabi/7.3.1/thumb/v7e-m/fpv4-sp/hard/libgcc.a
LOAD /opt/st/stm32cubeide/plugins/com.st.stm32cube.ide.mcu.externaltools.gnu-tools-for-stm32.7-2018-q2-update.linux64_1.0.0.201904181610/tools/bin/../lib/gcc/arm-none-eabi/7.3.1/../../../../arm-none-eabi/lib/thumb/v7e-m/fpv4-sp/hard/libc_nano.a
END GROUP
START GROUP
LOAD /opt/st/stm32cubeide/plugins/com.st.stm32cube.ide.mcu.externaltools.gnu-tools-for-stm32.7-2018-q2-update.linux64_1.0.0.201904181610/tools/bin/../lib/gcc/arm-none-eabi/7.3.1/thumb/v7e-m/fpv4-sp/hard/libgcc.a
LOAD /opt/st/stm32cubeide/plugins/com.st.stm32cube.ide.mcu.externaltools.gnu-tools-for-stm32.7-2018-q2-update.linux64_1.0.0.201904181610/tools/bin/../lib/gcc/arm-none-eabi/7.3.1/../../../../arm-none-eabi/lib/thumb/v7e-m/fpv4-sp/hard/libc_nano.a
LOAD /opt/st/stm32cubeide/plugins/com.st.stm32cube.ide.mcu.externaltools.gnu-tools-for-stm32.7-2018-q2-update.linux64_1.0.0.201904181610/tools/bin/../lib/gcc/arm-none-eabi/7.3.1/../../../../arm-none-eabi/lib/thumb/v7e-m/fpv4-sp/hard/libnosys.a
END GROUP
START GROUP
LOAD /opt/st/stm32cubeide/plugins/com.st.stm32cube.ide.mcu.externaltools.gnu-tools-for-stm32.7-2018-q2-update.linux64_1.0.0.201904181610/tools/bin/../lib/gcc/arm-none-eabi/7.3.1/thumb/v7e-m/fpv4-sp/hard/libgcc.a
LOAD /opt/st/stm32cubeide/plugins/com.st.stm32cube.ide.mcu.externaltools.gnu-tools-for-stm32.7-2018-q2-update.linux64_1.0.0.201904181610/tools/bin/../lib/gcc/arm-none-eabi/7.3.1/../../../../arm-none-eabi/lib/thumb/v7e-m/fpv4-sp/hard/libc_nano.a
LOAD /opt/st/stm32cubeide/plugins/com.st.stm32cube.ide.mcu.externaltools.gnu-tools-for-stm32.7-2018-q2-update.linux64_1.0.0.201904181610/tools/bin/../lib/gcc/arm-none-eabi/7.3.1/../../../../arm-none-eabi/lib/thumb/v7e-m/fpv4-sp/hard/libnosys.a
END GROUP
LOAD /opt/st/stm32cubeide/plugins/com.st.stm32cube.ide.mcu.externaltools.gnu-tools-for-stm32.7-2018-q2-update.linux64_1.0.0.201904181610/tools/bin/../lib/gcc/arm-none-eabi/7.3.1/thumb/v7e-m/fpv4-sp/hard/crtend.o
LOAD /opt/st/stm32cubeide/plugins/com.st.stm32cube.ide.mcu.externaltools.gnu-tools-for-stm32.7-2018-q2-update.linux64_1.0.0.201904181610/tools/bin/../lib/gcc/arm-none-eabi/7.3.1/thumb/v7e-m/fpv4-sp/hard/crtn.o
                0x0000000020010000                _estack = 0x20010000
                0x0000000000000200                _Min_Heap_Size = 0x200
                0x0000000000000400                _Min_Stack_Size = 0x400

.isr_vector     0x0000000008000000      0x194
                0x0000000008000000                . = ALIGN (0x4)
 *(.isr_vector)
 .isr_vector    0x0000000008000000      0x194 Startup/startup_stm32f303retx.o
                0x0000000008000000                g_pfnVectors
                0x0000000008000194                . = ALIGN (0x4)

.text           0x00000000080001a0     0xd000
                0x00000000080001a0                . = ALIGN (0x4)
 *(.text)
 .text          0x00000000080001a0       0x40 /opt/st/stm32cubeide/plugins/com.st.stm32cube.ide.mcu.externaltools.gnu-tools-for-stm32.7-2018-q2-update.linux64_1.0.0.201904181610/tools/bin/../lib/gcc/arm-none-eabi/7.3.1/thumb/v7e-m/fpv4-sp/hard/crtbegin.o
 .text          0x00000000080001e0       0x10 /opt/st/stm32cubeide/plugins/com.st.stm32cube.ide.mcu.externaltools.gnu-tools-for-stm32.7-2018-q2-update.linux64_1.0.0.201904181610/tools/bin/../lib/gcc/arm-none-eabi/7.3.1/../../../../arm-none-eabi/lib/thumb/v7e-m/fpv4-sp/hard/libc_nano.a(lib_a-strlen.o)
                0x00000000080001e0                strlen
 .text          0x00000000080001f0       0xa0 /opt/st/stm32cubeide/plugins/com.st.stm32cube.ide.mcu.externaltools.gnu-tools-for-stm32.7-2018-q2-update.linux64_1.0.0.201904181610/tools/bin/../lib/gcc/arm-none-eabi/7.3.1/../../../../arm-none-eabi/lib/thumb/v7e-m/fpv4-sp/hard/libc_nano.a(lib_a-memchr.o)
                0x00000000080001f0                memchr
 .text          0x0000000008000290      0x378 /opt/st/stm32cubeide/plugins/com.st.stm32cube.ide.mcu.externaltools.gnu-tools-for-stm32.7-2018-q2-update.linux64_1.0.0.201904181610/tools/bin/../lib/gcc/arm-none-eabi/7.3.1/thumb/v7e-m/fpv4-sp/hard/libgcc.a(_arm_addsubdf3.o)
                0x0000000008000290                __aeabi_drsub
                0x0000000008000298                __aeabi_dsub
                0x0000000008000298                __subdf3
                0x000000000800029c                __adddf3
                0x000000000800029c                __aeabi_dadd
                0x0000000008000514                __aeabi_ui2d
                0x0000000008000514                __floatunsidf
                0x0000000008000534                __floatsidf
                0x0000000008000534                __aeabi_i2d
                0x0000000008000558                __extendsfdf2
                0x0000000008000558                __aeabi_f2d
                0x000000000800059c                __aeabi_ul2d
                0x000000000800059c                __floatundidf
                0x00000000080005ac                __floatdidf
                0x00000000080005ac                __aeabi_l2d
 .text          0x0000000008000608      0x424 /opt/st/stm32cubeide/plugins/com.st.stm32cube.ide.mcu.externaltools.gnu-tools-for-stm32.7-2018-q2-update.linux64_1.0.0.201904181610/tools/bin/../lib/gcc/arm-none-eabi/7.3.1/thumb/v7e-m/fpv4-sp/hard/libgcc.a(_arm_muldivdf3.o)
                0x0000000008000608                __aeabi_dmul
                0x0000000008000608                __muldf3
                0x000000000800085c                __aeabi_ddiv
                0x000000000800085c                __divdf3
 .text          0x0000000008000a2c      0x110 /opt/st/stm32cubeide/plugins/com.st.stm32cube.ide.mcu.externaltools.gnu-tools-for-stm32.7-2018-q2-update.linux64_1.0.0.201904181610/tools/bin/../lib/gcc/arm-none-eabi/7.3.1/thumb/v7e-m/fpv4-sp/hard/libgcc.a(_arm_cmpdf2.o)
                0x0000000008000a2c                __gtdf2
                0x0000000008000a2c                __gedf2
                0x0000000008000a34                __ltdf2
                0x0000000008000a34                __ledf2
                0x0000000008000a3c                __cmpdf2
                0x0000000008000a3c                __eqdf2
                0x0000000008000a3c                __nedf2
                0x0000000008000ab8                __aeabi_cdrcmple
                0x0000000008000ac8                __aeabi_cdcmple
                0x0000000008000ac8                __aeabi_cdcmpeq
                0x0000000008000ad8                __aeabi_dcmpeq
                0x0000000008000aec                __aeabi_dcmplt
                0x0000000008000b00                __aeabi_dcmple
                0x0000000008000b14                __aeabi_dcmpge
                0x0000000008000b28                __aeabi_dcmpgt
 .text          0x0000000008000b3c       0x2c /opt/st/stm32cubeide/plugins/com.st.stm32cube.ide.mcu.externaltools.gnu-tools-for-stm32.7-2018-q2-update.linux64_1.0.0.201904181610/tools/bin/../lib/gcc/arm-none-eabi/7.3.1/thumb/v7e-m/fpv4-sp/hard/libgcc.a(_arm_unorddf2.o)
                0x0000000008000b3c                __aeabi_dcmpun
                0x0000000008000b3c                __unorddf2
 .text          0x0000000008000b68       0x50 /opt/st/stm32cubeide/plugins/com.st.stm32cube.ide.mcu.externaltools.gnu-tools-for-stm32.7-2018-q2-update.linux64_1.0.0.201904181610/tools/bin/../lib/gcc/arm-none-eabi/7.3.1/thumb/v7e-m/fpv4-sp/hard/libgcc.a(_arm_fixdfsi.o)
                0x0000000008000b68                __fixdfsi
                0x0000000008000b68                __aeabi_d2iz
 .text          0x0000000008000bb8       0x40 /opt/st/stm32cubeide/plugins/com.st.stm32cube.ide.mcu.externaltools.gnu-tools-for-stm32.7-2018-q2-update.linux64_1.0.0.201904181610/tools/bin/../lib/gcc/arm-none-eabi/7.3.1/thumb/v7e-m/fpv4-sp/hard/libgcc.a(_arm_fixunsdfsi.o)
                0x0000000008000bb8                __fixunsdfsi
                0x0000000008000bb8                __aeabi_d2uiz
 .text          0x0000000008000bf8       0xa0 /opt/st/stm32cubeide/plugins/com.st.stm32cube.ide.mcu.externaltools.gnu-tools-for-stm32.7-2018-q2-update.linux64_1.0.0.201904181610/tools/bin/../lib/gcc/arm-none-eabi/7.3.1/thumb/v7e-m/fpv4-sp/hard/libgcc.a(_arm_truncdfsf2.o)
                0x0000000008000bf8                __aeabi_d2f
                0x0000000008000bf8                __truncdfsf2
 *(.text*)
 .text.bme280_init
                0x0000000008000c98       0x96 Drivers/Devices/Src/bme280.o
                0x0000000008000c98                bme280_init
 .text.bme280_get_regs
                0x0000000008000d2e       0x60 Drivers/Devices/Src/bme280.o
                0x0000000008000d2e                bme280_get_regs
 .text.bme280_set_regs
                0x0000000008000d8e       0xf2 Drivers/Devices/Src/bme280.o
                0x0000000008000d8e                bme280_set_regs
 .text.bme280_set_sensor_settings
                0x0000000008000e80       0xaa Drivers/Devices/Src/bme280.o
                0x0000000008000e80                bme280_set_sensor_settings
 .text.bme280_set_sensor_mode
                0x0000000008000f2a       0x68 Drivers/Devices/Src/bme280.o
                0x0000000008000f2a                bme280_set_sensor_mode
 .text.bme280_get_sensor_mode
                0x0000000008000f92       0x46 Drivers/Devices/Src/bme280.o
                0x0000000008000f92                bme280_get_sensor_mode
 .text.bme280_soft_reset
                0x0000000008000fd8       0x96 Drivers/Devices/Src/bme280.o
                0x0000000008000fd8                bme280_soft_reset
 .text.bme280_get_sensor_data
                0x000000000800106e       0x94 Drivers/Devices/Src/bme280.o
                0x000000000800106e                bme280_get_sensor_data
 .text.bme280_parse_sensor_data
                0x0000000008001102       0x8c Drivers/Devices/Src/bme280.o
                0x0000000008001102                bme280_parse_sensor_data
 .text.bme280_compensate_data
                0x000000000800118e       0xc2 Drivers/Devices/Src/bme280.o
                0x000000000800118e                bme280_compensate_data
 .text.set_osr_settings
                0x0000000008001250       0x4e Drivers/Devices/Src/bme280.o
 .text.set_osr_humidity_settings
                0x000000000800129e       0x74 Drivers/Devices/Src/bme280.o
 .text.set_osr_press_temp_settings
                0x0000000008001312       0x78 Drivers/Devices/Src/bme280.o
 .text.set_filter_standby_settings
                0x000000000800138a       0x78 Drivers/Devices/Src/bme280.o
 .text.fill_filter_settings
                0x0000000008001402       0x3a Drivers/Devices/Src/bme280.o
 .text.fill_standby_settings
                0x000000000800143c       0x34 Drivers/Devices/Src/bme280.o
 .text.fill_osr_press_settings
                0x0000000008001470       0x3a Drivers/Devices/Src/bme280.o
 .text.fill_osr_temp_settings
                0x00000000080014aa       0x34 Drivers/Devices/Src/bme280.o
 .text.parse_device_settings
                0x00000000080014de       0x68 Drivers/Devices/Src/bme280.o
 .text.write_power_mode
                0x0000000008001546       0x66 Drivers/Devices/Src/bme280.o
 .text.put_device_to_sleep
                0x00000000080015ac       0x60 Drivers/Devices/Src/bme280.o
 .text.reload_device_settings
                0x000000000800160c       0x3a Drivers/Devices/Src/bme280.o
 *fill*         0x0000000008001646        0x2 
 .text.compensate_temperature
                0x0000000008001648      0x1a8 Drivers/Devices/Src/bme280.o
 .text.compensate_pressure
                0x00000000080017f0      0x3b0 Drivers/Devices/Src/bme280.o
 .text.compensate_humidity
                0x0000000008001ba0      0x248 Drivers/Devices/Src/bme280.o
 .text.get_calib_data
                0x0000000008001de8       0x88 Drivers/Devices/Src/bme280.o
 .text.interleave_reg_addr
                0x0000000008001e70       0x56 Drivers/Devices/Src/bme280.o
 .text.parse_temp_press_calib_data
                0x0000000008001ec6      0x15e Drivers/Devices/Src/bme280.o
 .text.parse_humidity_calib_data
                0x0000000008002024       0x9c Drivers/Devices/Src/bme280.o
 .text.are_settings_changed
                0x00000000080020c0       0x38 Drivers/Devices/Src/bme280.o
 .text.null_ptr_check
                0x00000000080020f8       0x40 Drivers/Devices/Src/bme280.o
 .text.BME280_Init
                0x0000000008002138       0x80 Drivers/Devices/Src/bme280.o
                0x0000000008002138                BME280_Init
 .text.user_i2c_read
                0x00000000080021b8       0x58 Drivers/Devices/Src/bme280.o
                0x00000000080021b8                user_i2c_read
 .text.user_i2c_write
                0x0000000008002210       0x6c Drivers/Devices/Src/bme280.o
                0x0000000008002210                user_i2c_write
 .text.set_indoor_navigation
                0x000000000800227c       0x6c Drivers/Devices/Src/bme280.o
                0x000000000800227c                set_indoor_navigation
 .text.set_weather_monitoring
                0x00000000080022e8       0x6c Drivers/Devices/Src/bme280.o
                0x00000000080022e8                set_weather_monitoring
 .text.BME280_Sample
                0x0000000008002354       0x3c Drivers/Devices/Src/bme280.o
                0x0000000008002354                BME280_Sample
 .text.BME280_ToJson_Partial
                0x0000000008002390       0xe8 Drivers/Devices/Src/bme280.o
                0x0000000008002390                BME280_ToJson_Partial
 .text.BME280_GetTemperature
                0x0000000008002478       0x54 Drivers/Devices/Src/bme280.o
                0x0000000008002478                BME280_GetTemperature
 .text.DHT_Init
                0x00000000080024cc       0x48 Drivers/Devices/Src/dht.o
                0x00000000080024cc                DHT_Init
 .text.DHT_ToJson_Partial
                0x0000000008002514       0x98 Drivers/Devices/Src/dht.o
                0x0000000008002514                DHT_ToJson_Partial
 *fill*         0x00000000080025ac        0x4 
 .text.DHT_Sample
                0x00000000080025b0      0x198 Drivers/Devices/Src/dht.o
                0x00000000080025b0                DHT_Sample
 .text._DHT_StartSignal
                0x0000000008002748       0x40 Drivers/Devices/Src/dht.o
                0x0000000008002748                _DHT_StartSignal
 .text._DHT_IsResponseValid
                0x0000000008002788       0x48 Drivers/Devices/Src/dht.o
                0x0000000008002788                _DHT_IsResponseValid
 .text._DHT_Read
                0x00000000080027d0       0xbc Drivers/Devices/Src/dht.o
                0x00000000080027d0                _DHT_Read
 .text._DHT_IsReadValid
                0x000000000800288c       0x48 Drivers/Devices/Src/dht.o
                0x000000000800288c                _DHT_IsReadValid
 .text._DHT_IsDht11
                0x00000000080028d4       0x34 Drivers/Devices/Src/dht.o
                0x00000000080028d4                _DHT_IsDht11
 .text.DHT_GetTemperature
                0x0000000008002908       0x30 Drivers/Devices/Src/dht.o
                0x0000000008002908                DHT_GetTemperature
 .text.DS18B20_StartAll
                0x0000000008002938       0x24 Drivers/Devices/Src/ds18b20.o
                0x0000000008002938                DS18B20_StartAll
 .text.DS18B20_Read
                0x000000000800295c      0x174 Drivers/Devices/Src/ds18b20.o
                0x000000000800295c                DS18B20_Read
 .text.DS18B20_SetResolution
                0x0000000008002ad0      0x14c Drivers/Devices/Src/ds18b20.o
                0x0000000008002ad0                DS18B20_SetResolution
 .text.DS18B20_Is
                0x0000000008002c1c       0x22 Drivers/Devices/Src/ds18b20.o
                0x0000000008002c1c                DS18B20_Is
 *fill*         0x0000000008002c3e        0x2 
 .text.DS18B20_AllDone
                0x0000000008002c40       0x14 Drivers/Devices/Src/ds18b20.o
                0x0000000008002c40                DS18B20_AllDone
 .text.DS18B20_ReadAll
                0x0000000008002c54       0x80 Drivers/Devices/Src/ds18b20.o
                0x0000000008002c54                DS18B20_ReadAll
 .text.DS18B20_GetTemperature
                0x0000000008002cd4       0x44 Drivers/Devices/Src/ds18b20.o
                0x0000000008002cd4                DS18B20_GetTemperature
 .text.DS18B20_Init
                0x0000000008002d18       0xb4 Drivers/Devices/Src/ds18b20.o
                0x0000000008002d18                DS18B20_Init
 .text.DS18B20_Sample
                0x0000000008002dcc       0x70 Drivers/Devices/Src/ds18b20.o
                0x0000000008002dcc                DS18B20_Sample
 .text.DS18B20_ToJson_Partial
                0x0000000008002e3c      0x120 Drivers/Devices/Src/ds18b20.o
                0x0000000008002e3c                DS18B20_ToJson_Partial
 .text.ESP8266_Init
                0x0000000008002f5c       0x94 Drivers/Devices/Src/esp8266.o
                0x0000000008002f5c                ESP8266_Init
 .text.ESP8266_UpdateWifiInfo
                0x0000000008002ff0       0x50 Drivers/Devices/Src/esp8266.o
                0x0000000008002ff0                ESP8266_UpdateWifiInfo
 .text.ESP8266_UpdateTcpInfo
                0x0000000008003040       0x54 Drivers/Devices/Src/esp8266.o
                0x0000000008003040                ESP8266_UpdateTcpInfo
 .text.ESP8266_Start
                0x0000000008003094      0x10c Drivers/Devices/Src/esp8266.o
                0x0000000008003094                ESP8266_Start
 .text.ESP8266_SendCmd
                0x00000000080031a0       0x44 Drivers/Devices/Src/esp8266.o
                0x00000000080031a0                ESP8266_SendCmd
 .text._AT_CheckResponse
                0x00000000080031e4       0x60 Drivers/Devices/Src/esp8266.o
                0x00000000080031e4                _AT_CheckResponse
 .text._ESP8266_AnswerClear
                0x0000000008003244       0x24 Drivers/Devices/Src/esp8266.o
                0x0000000008003244                _ESP8266_AnswerClear
 .text.ESP8266_SendData
                0x0000000008003268       0xb0 Drivers/Devices/Src/esp8266.o
                0x0000000008003268                ESP8266_SendData
 .text._ESP8266_OpenTcpPort
                0x0000000008003318       0x70 Drivers/Devices/Src/esp8266.o
                0x0000000008003318                _ESP8266_OpenTcpPort
 .text._ESP8266_CheckWifiConnection
                0x0000000008003388       0x44 Drivers/Devices/Src/esp8266.o
                0x0000000008003388                _ESP8266_CheckWifiConnection
 .text._AT_CommandError
                0x00000000080033cc       0x2e Drivers/Devices/Src/esp8266.o
                0x00000000080033cc                _AT_CommandError
 *fill*         0x00000000080033fa        0x2 
 .text.ESP8266_ReceiveAnswer
                0x00000000080033fc       0x68 Drivers/Devices/Src/esp8266.o
                0x00000000080033fc                ESP8266_ReceiveAnswer
 .text.NetworkInfo_Update
                0x0000000008003464       0x78 Drivers/Devices/Src/esp8266.o
                0x0000000008003464                NetworkInfo_Update
 .text._connection_type_to_string
                0x00000000080034dc       0x38 Drivers/Devices/Src/esp8266.o
                0x00000000080034dc                _connection_type_to_string
 .text.ESP8266_GetHost
                0x0000000008003514       0x14 Drivers/Devices/Src/esp8266.o
                0x0000000008003514                ESP8266_GetHost
 .text.FC37_Init
                0x0000000008003528       0x20 Drivers/Devices/Src/fc37.o
                0x0000000008003528                FC37_Init
 .text.FC37_Sample
                0x0000000008003548       0x54 Drivers/Devices/Src/fc37.o
                0x0000000008003548                FC37_Sample
 .text.FC37_ToJson_Partial
                0x000000000800359c       0x38 Drivers/Devices/Src/fc37.o
                0x000000000800359c                FC37_ToJson_Partial
 .text._tochar_rain_intensity
                0x00000000080035d4       0x48 Drivers/Devices/Src/fc37.o
                0x00000000080035d4                _tochar_rain_intensity
 .text.FC37_SetRawValue
                0x000000000800361c       0x20 Drivers/Devices/Src/fc37.o
                0x000000000800361c                FC37_SetRawValue
 .text.TEMT600_Init
                0x000000000800363c       0x28 Drivers/Devices/Src/temt600.o
                0x000000000800363c                TEMT600_Init
 *fill*         0x0000000008003664        0x4 
 .text.TEMT600_Sample
                0x0000000008003668       0xc0 Drivers/Devices/Src/temt600.o
                0x0000000008003668                TEMT600_Sample
 .text.TEMT600_ToJson_Partial
                0x0000000008003728       0x30 Drivers/Devices/Src/temt600.o
                0x0000000008003728                TEMT600_ToJson_Partial
 .text.TEMT600_SetRawValue
                0x0000000008003758       0x20 Drivers/Devices/Src/temt600.o
                0x0000000008003758                TEMT600_SetRawValue
 .text.GPIO_SetOutput
                0x0000000008003778       0x38 Drivers/Extensions/Src/gpio_ext.o
                0x0000000008003778                GPIO_SetOutput
 .text.GPIO_SetInput
                0x00000000080037b0       0x38 Drivers/Extensions/Src/gpio_ext.o
                0x00000000080037b0                GPIO_SetInput
 .text.OneWire_BusInputDirection
                0x00000000080037e8       0x32 Drivers/Extensions/Src/onewire.o
                0x00000000080037e8                OneWire_BusInputDirection
 .text.OneWire_BusOutputDirection
                0x000000000800381a       0x32 Drivers/Extensions/Src/onewire.o
                0x000000000800381a                OneWire_BusOutputDirection
 .text.OneWire_OutputLow
                0x000000000800384c       0x20 Drivers/Extensions/Src/onewire.o
                0x000000000800384c                OneWire_OutputLow
 .text.OneWire_OutputHigh
                0x000000000800386c       0x1e Drivers/Extensions/Src/onewire.o
                0x000000000800386c                OneWire_OutputHigh
 .text.OneWire_Reset
                0x000000000800388a       0x4e Drivers/Extensions/Src/onewire.o
                0x000000000800388a                OneWire_Reset
 .text.OneWire_WriteBit
                0x00000000080038d8       0x64 Drivers/Extensions/Src/onewire.o
                0x00000000080038d8                OneWire_WriteBit
 .text.OneWire_ReadBit
                0x000000000800393c       0x54 Drivers/Extensions/Src/onewire.o
                0x000000000800393c                OneWire_ReadBit
 .text.OneWire_WriteByte
                0x0000000008003990       0x3a Drivers/Extensions/Src/onewire.o
                0x0000000008003990                OneWire_WriteByte
 .text.OneWire_ReadByte
                0x00000000080039ca       0x42 Drivers/Extensions/Src/onewire.o
                0x00000000080039ca                OneWire_ReadByte
 .text.OneWire_ResetSearch
                0x0000000008003a0c       0x26 Drivers/Extensions/Src/onewire.o
                0x0000000008003a0c                OneWire_ResetSearch
 .text.OneWire_Search
                0x0000000008003a32      0x18c Drivers/Extensions/Src/onewire.o
                0x0000000008003a32                OneWire_Search
 .text.OneWire_First
                0x0000000008003bbe       0x20 Drivers/Extensions/Src/onewire.o
                0x0000000008003bbe                OneWire_First
 .text.OneWire_Next
                0x0000000008003bde       0x1a Drivers/Extensions/Src/onewire.o
                0x0000000008003bde                OneWire_Next
 .text.OneWire_SelectWithPointer
                0x0000000008003bf8       0x3c Drivers/Extensions/Src/onewire.o
                0x0000000008003bf8                OneWire_SelectWithPointer
 .text.OneWire_GetFullROM
                0x0000000008003c34       0x38 Drivers/Extensions/Src/onewire.o
                0x0000000008003c34                OneWire_GetFullROM
 .text.OneWire_CRC8
                0x0000000008003c6c       0x70 Drivers/Extensions/Src/onewire.o
                0x0000000008003c6c                OneWire_CRC8
 .text.OneWire_Init
                0x0000000008003cdc       0x4c Drivers/Extensions/Src/onewire.o
                0x0000000008003cdc                OneWire_Init
 .text.DWT_Init
                0x0000000008003d28       0x34 Drivers/Extensions/Src/time_ext.o
                0x0000000008003d28                DWT_Init
 .text.DWT_DelayUs
                0x0000000008003d5c       0x38 Drivers/Extensions/Src/time_ext.o
                0x0000000008003d5c                DWT_DelayUs
 .text.HAL_Init
                0x0000000008003d94       0x2c Drivers/STM32F3xx_HAL_Driver/Src/stm32f3xx_hal.o
                0x0000000008003d94                HAL_Init
 .text.HAL_InitTick
                0x0000000008003dc0       0x60 Drivers/STM32F3xx_HAL_Driver/Src/stm32f3xx_hal.o
                0x0000000008003dc0                HAL_InitTick
 .text.HAL_IncTick
                0x0000000008003e20       0x28 Drivers/STM32F3xx_HAL_Driver/Src/stm32f3xx_hal.o
                0x0000000008003e20                HAL_IncTick
 .text.HAL_GetTick
                0x0000000008003e48       0x18 Drivers/STM32F3xx_HAL_Driver/Src/stm32f3xx_hal.o
                0x0000000008003e48                HAL_GetTick
 .text.HAL_Delay
                0x0000000008003e60       0x44 Drivers/STM32F3xx_HAL_Driver/Src/stm32f3xx_hal.o
                0x0000000008003e60                HAL_Delay
 .text.HAL_ADC_ConvHalfCpltCallback
                0x0000000008003ea4       0x14 Drivers/STM32F3xx_HAL_Driver/Src/stm32f3xx_hal_adc.o
                0x0000000008003ea4                HAL_ADC_ConvHalfCpltCallback
 .text.HAL_ADC_Init
                0x0000000008003eb8      0x3f4 Drivers/STM32F3xx_HAL_Driver/Src/stm32f3xx_hal_adc_ex.o
                0x0000000008003eb8                HAL_ADC_Init
 .text.HAL_ADC_Start_DMA
                0x00000000080042ac      0x238 Drivers/STM32F3xx_HAL_Driver/Src/stm32f3xx_hal_adc_ex.o
                0x00000000080042ac                HAL_ADC_Start_DMA
 .text.HAL_ADC_ConfigChannel
                0x00000000080044e4      0x5d8 Drivers/STM32F3xx_HAL_Driver/Src/stm32f3xx_hal_adc_ex.o
                0x00000000080044e4                HAL_ADC_ConfigChannel
 .text.HAL_ADCEx_MultiModeConfigChannel
                0x0000000008004abc      0x1e4 Drivers/STM32F3xx_HAL_Driver/Src/stm32f3xx_hal_adc_ex.o
                0x0000000008004abc                HAL_ADCEx_MultiModeConfigChannel
 .text.ADC_DMAConvCplt
                0x0000000008004ca0       0x7a Drivers/STM32F3xx_HAL_Driver/Src/stm32f3xx_hal_adc_ex.o
 .text.ADC_DMAHalfConvCplt
                0x0000000008004d1a       0x1c Drivers/STM32F3xx_HAL_Driver/Src/stm32f3xx_hal_adc_ex.o
 .text.ADC_DMAError
                0x0000000008004d36       0x34 Drivers/STM32F3xx_HAL_Driver/Src/stm32f3xx_hal_adc_ex.o
 *fill*         0x0000000008004d6a        0x2 
 .text.ADC_Enable
                0x0000000008004d6c       0xbc Drivers/STM32F3xx_HAL_Driver/Src/stm32f3xx_hal_adc_ex.o
 .text.ADC_Disable
                0x0000000008004e28       0xbe Drivers/STM32F3xx_HAL_Driver/Src/stm32f3xx_hal_adc_ex.o
 *fill*         0x0000000008004ee6        0x2 
 .text.__NVIC_SetPriorityGrouping
                0x0000000008004ee8       0x48 Drivers/STM32F3xx_HAL_Driver/Src/stm32f3xx_hal_cortex.o
 .text.__NVIC_GetPriorityGrouping
                0x0000000008004f30       0x1c Drivers/STM32F3xx_HAL_Driver/Src/stm32f3xx_hal_cortex.o
 .text.__NVIC_EnableIRQ
                0x0000000008004f4c       0x3c Drivers/STM32F3xx_HAL_Driver/Src/stm32f3xx_hal_cortex.o
 .text.__NVIC_SetPriority
                0x0000000008004f88       0x54 Drivers/STM32F3xx_HAL_Driver/Src/stm32f3xx_hal_cortex.o
 .text.NVIC_EncodePriority
                0x0000000008004fdc       0x66 Drivers/STM32F3xx_HAL_Driver/Src/stm32f3xx_hal_cortex.o
 *fill*         0x0000000008005042        0x2 
 .text.SysTick_Config
                0x0000000008005044       0x44 Drivers/STM32F3xx_HAL_Driver/Src/stm32f3xx_hal_cortex.o
 .text.HAL_NVIC_SetPriorityGrouping
                0x0000000008005088       0x16 Drivers/STM32F3xx_HAL_Driver/Src/stm32f3xx_hal_cortex.o
                0x0000000008005088                HAL_NVIC_SetPriorityGrouping
 .text.HAL_NVIC_SetPriority
                0x000000000800509e       0x38 Drivers/STM32F3xx_HAL_Driver/Src/stm32f3xx_hal_cortex.o
                0x000000000800509e                HAL_NVIC_SetPriority
 .text.HAL_NVIC_EnableIRQ
                0x00000000080050d6       0x1c Drivers/STM32F3xx_HAL_Driver/Src/stm32f3xx_hal_cortex.o
                0x00000000080050d6                HAL_NVIC_EnableIRQ
 .text.HAL_SYSTICK_Config
                0x00000000080050f2       0x18 Drivers/STM32F3xx_HAL_Driver/Src/stm32f3xx_hal_cortex.o
                0x00000000080050f2                HAL_SYSTICK_Config
 .text.HAL_DMA_Init
                0x000000000800510a       0x8e Drivers/STM32F3xx_HAL_Driver/Src/stm32f3xx_hal_dma.o
                0x000000000800510a                HAL_DMA_Init
 .text.HAL_DMA_Start_IT
                0x0000000008005198       0xbe Drivers/STM32F3xx_HAL_Driver/Src/stm32f3xx_hal_dma.o
                0x0000000008005198                HAL_DMA_Start_IT
 .text.HAL_DMA_Abort_IT
                0x0000000008005256       0x7c Drivers/STM32F3xx_HAL_Driver/Src/stm32f3xx_hal_dma.o
                0x0000000008005256                HAL_DMA_Abort_IT
 .text.HAL_DMA_IRQHandler
                0x00000000080052d2      0x146 Drivers/STM32F3xx_HAL_Driver/Src/stm32f3xx_hal_dma.o
                0x00000000080052d2                HAL_DMA_IRQHandler
 .text.DMA_SetConfig
                0x0000000008005418       0x5c Drivers/STM32F3xx_HAL_Driver/Src/stm32f3xx_hal_dma.o
 .text.DMA_CalcBaseAndBitshift
                0x0000000008005474       0x78 Drivers/STM32F3xx_HAL_Driver/Src/stm32f3xx_hal_dma.o
 .text.HAL_GPIO_Init
                0x00000000080054ec      0x314 Drivers/STM32F3xx_HAL_Driver/Src/stm32f3xx_hal_gpio.o
                0x00000000080054ec                HAL_GPIO_Init
 .text.HAL_GPIO_ReadPin
                0x0000000008005800       0x30 Drivers/STM32F3xx_HAL_Driver/Src/stm32f3xx_hal_gpio.o
                0x0000000008005800                HAL_GPIO_ReadPin
 .text.HAL_GPIO_WritePin
                0x0000000008005830       0x30 Drivers/STM32F3xx_HAL_Driver/Src/stm32f3xx_hal_gpio.o
                0x0000000008005830                HAL_GPIO_WritePin
 .text.HAL_I2C_Init
                0x0000000008005860      0x11e Drivers/STM32F3xx_HAL_Driver/Src/stm32f3xx_hal_i2c.o
                0x0000000008005860                HAL_I2C_Init
 *fill*         0x000000000800597e        0x2 
 .text.HAL_I2C_Master_Transmit
                0x0000000008005980      0x1e8 Drivers/STM32F3xx_HAL_Driver/Src/stm32f3xx_hal_i2c.o
                0x0000000008005980                HAL_I2C_Master_Transmit
 .text.HAL_I2C_Master_Receive
                0x0000000008005b68      0x1ec Drivers/STM32F3xx_HAL_Driver/Src/stm32f3xx_hal_i2c.o
                0x0000000008005b68                HAL_I2C_Master_Receive
 .text.I2C_Flush_TXDR
                0x0000000008005d54       0x48 Drivers/STM32F3xx_HAL_Driver/Src/stm32f3xx_hal_i2c.o
 .text.I2C_WaitOnFlagUntilTimeout
                0x0000000008005d9c       0x80 Drivers/STM32F3xx_HAL_Driver/Src/stm32f3xx_hal_i2c.o
 .text.I2C_WaitOnTXISFlagUntilTimeout
                0x0000000008005e1c       0x80 Drivers/STM32F3xx_HAL_Driver/Src/stm32f3xx_hal_i2c.o
 .text.I2C_WaitOnSTOPFlagUntilTimeout
                0x0000000008005e9c       0x78 Drivers/STM32F3xx_HAL_Driver/Src/stm32f3xx_hal_i2c.o
 .text.I2C_WaitOnRXNEFlagUntilTimeout
                0x0000000008005f14       0xd8 Drivers/STM32F3xx_HAL_Driver/Src/stm32f3xx_hal_i2c.o
 .text.I2C_IsAcknowledgeFailed
                0x0000000008005fec       0xcc Drivers/STM32F3xx_HAL_Driver/Src/stm32f3xx_hal_i2c.o
 .text.I2C_TransferConfig
                0x00000000080060b8       0x5c Drivers/STM32F3xx_HAL_Driver/Src/stm32f3xx_hal_i2c.o
 .text.HAL_I2CEx_ConfigAnalogFilter
                0x0000000008006114       0x96 Drivers/STM32F3xx_HAL_Driver/Src/stm32f3xx_hal_i2c_ex.o
                0x0000000008006114                HAL_I2CEx_ConfigAnalogFilter
 .text.HAL_I2CEx_ConfigDigitalFilter
                0x00000000080061aa       0x98 Drivers/STM32F3xx_HAL_Driver/Src/stm32f3xx_hal_i2c_ex.o
                0x00000000080061aa                HAL_I2CEx_ConfigDigitalFilter
 *fill*         0x0000000008006242        0x2 
 .text.HAL_RCC_OscConfig
                0x0000000008006244      0xe2c Drivers/STM32F3xx_HAL_Driver/Src/stm32f3xx_hal_rcc.o
                0x0000000008006244                HAL_RCC_OscConfig
 .text.HAL_RCC_ClockConfig
                0x0000000008007070      0x2f8 Drivers/STM32F3xx_HAL_Driver/Src/stm32f3xx_hal_rcc.o
                0x0000000008007070                HAL_RCC_ClockConfig
 .text.HAL_RCC_GetSysClockFreq
                0x0000000008007368       0xd4 Drivers/STM32F3xx_HAL_Driver/Src/stm32f3xx_hal_rcc.o
                0x0000000008007368                HAL_RCC_GetSysClockFreq
 .text.HAL_RCC_GetHCLKFreq
                0x000000000800743c       0x18 Drivers/STM32F3xx_HAL_Driver/Src/stm32f3xx_hal_rcc.o
                0x000000000800743c                HAL_RCC_GetHCLKFreq
 .text.HAL_RCC_GetPCLK1Freq
                0x0000000008007454       0x44 Drivers/STM32F3xx_HAL_Driver/Src/stm32f3xx_hal_rcc.o
                0x0000000008007454                HAL_RCC_GetPCLK1Freq
 .text.HAL_RCC_GetPCLK2Freq
                0x0000000008007498       0x44 Drivers/STM32F3xx_HAL_Driver/Src/stm32f3xx_hal_rcc.o
                0x0000000008007498                HAL_RCC_GetPCLK2Freq
 .text.HAL_RCCEx_PeriphCLKConfig
                0x00000000080074dc      0x43c Drivers/STM32F3xx_HAL_Driver/Src/stm32f3xx_hal_rcc_ex.o
                0x00000000080074dc                HAL_RCCEx_PeriphCLKConfig
 .text.HAL_RTC_Init
                0x0000000008007918      0x122 Drivers/STM32F3xx_HAL_Driver/Src/stm32f3xx_hal_rtc.o
                0x0000000008007918                HAL_RTC_Init
 .text.HAL_RTC_SetTime
                0x0000000008007a3a      0x17a Drivers/STM32F3xx_HAL_Driver/Src/stm32f3xx_hal_rtc.o
                0x0000000008007a3a                HAL_RTC_SetTime
 .text.HAL_RTC_SetDate
                0x0000000008007bb4      0x14e Drivers/STM32F3xx_HAL_Driver/Src/stm32f3xx_hal_rtc.o
                0x0000000008007bb4                HAL_RTC_SetDate
 *fill*         0x0000000008007d02        0x2 
 .text.HAL_RTC_SetAlarm_IT
                0x0000000008007d04      0x270 Drivers/STM32F3xx_HAL_Driver/Src/stm32f3xx_hal_rtc.o
                0x0000000008007d04                HAL_RTC_SetAlarm_IT
 .text.HAL_RTC_AlarmIRQHandler
                0x0000000008007f74       0x8c Drivers/STM32F3xx_HAL_Driver/Src/stm32f3xx_hal_rtc.o
                0x0000000008007f74                HAL_RTC_AlarmIRQHandler
 .text.HAL_RTC_WaitForSynchro
                0x0000000008008000       0x50 Drivers/STM32F3xx_HAL_Driver/Src/stm32f3xx_hal_rtc.o
                0x0000000008008000                HAL_RTC_WaitForSynchro
 .text.RTC_EnterInitMode
                0x0000000008008050       0x58 Drivers/STM32F3xx_HAL_Driver/Src/stm32f3xx_hal_rtc.o
                0x0000000008008050                RTC_EnterInitMode
 .text.RTC_ByteToBcd2
                0x00000000080080a8       0x3c Drivers/STM32F3xx_HAL_Driver/Src/stm32f3xx_hal_rtc.o
                0x00000000080080a8                RTC_ByteToBcd2
 .text.HAL_TIM_Base_Init
                0x00000000080080e4       0x56 Drivers/STM32F3xx_HAL_Driver/Src/stm32f3xx_hal_tim.o
                0x00000000080080e4                HAL_TIM_Base_Init
 *fill*         0x000000000800813a        0x2 
 .text.HAL_TIM_Base_Start
                0x000000000800813c       0x54 Drivers/STM32F3xx_HAL_Driver/Src/stm32f3xx_hal_tim.o
                0x000000000800813c                HAL_TIM_Base_Start
 .text.HAL_TIM_ConfigClockSource
                0x0000000008008190      0x172 Drivers/STM32F3xx_HAL_Driver/Src/stm32f3xx_hal_tim.o
                0x0000000008008190                HAL_TIM_ConfigClockSource
 .text.HAL_TIM_SlaveConfigSynchro
                0x0000000008008302       0x84 Drivers/STM32F3xx_HAL_Driver/Src/stm32f3xx_hal_tim.o
                0x0000000008008302                HAL_TIM_SlaveConfigSynchro
 *fill*         0x0000000008008386        0x2 
 .text.TIM_Base_SetConfig
                0x0000000008008388      0x13c Drivers/STM32F3xx_HAL_Driver/Src/stm32f3xx_hal_tim.o
                0x0000000008008388                TIM_Base_SetConfig
 .text.TIM_SlaveTimer_SetConfig
                0x00000000080084c4      0x110 Drivers/STM32F3xx_HAL_Driver/Src/stm32f3xx_hal_tim.o
 .text.TIM_TI1_ConfigInputStage
                0x00000000080085d4       0x5e Drivers/STM32F3xx_HAL_Driver/Src/stm32f3xx_hal_tim.o
 .text.TIM_TI2_ConfigInputStage
                0x0000000008008632       0x60 Drivers/STM32F3xx_HAL_Driver/Src/stm32f3xx_hal_tim.o
 .text.TIM_ITRx_SetConfig
                0x0000000008008692       0x36 Drivers/STM32F3xx_HAL_Driver/Src/stm32f3xx_hal_tim.o
 .text.TIM_ETR_SetConfig
                0x00000000080086c8       0x40 Drivers/STM32F3xx_HAL_Driver/Src/stm32f3xx_hal_tim.o
                0x00000000080086c8                TIM_ETR_SetConfig
 .text.HAL_TIMEx_MasterConfigSynchronization
                0x0000000008008708      0x118 Drivers/STM32F3xx_HAL_Driver/Src/stm32f3xx_hal_tim_ex.o
                0x0000000008008708                HAL_TIMEx_MasterConfigSynchronization
 .text.HAL_UART_Init
                0x0000000008008820       0x9c Drivers/STM32F3xx_HAL_Driver/Src/stm32f3xx_hal_uart.o
                0x0000000008008820                HAL_UART_Init
 .text.HAL_UART_Transmit
                0x00000000080088bc      0x126 Drivers/STM32F3xx_HAL_Driver/Src/stm32f3xx_hal_uart.o
                0x00000000080088bc                HAL_UART_Transmit
 *fill*         0x00000000080089e2        0x2 
 .text.HAL_UART_Receive_IT
                0x00000000080089e4      0x144 Drivers/STM32F3xx_HAL_Driver/Src/stm32f3xx_hal_uart.o
                0x00000000080089e4                HAL_UART_Receive_IT
 .text.HAL_UART_IRQHandler
                0x0000000008008b28      0x28c Drivers/STM32F3xx_HAL_Driver/Src/stm32f3xx_hal_uart.o
                0x0000000008008b28                HAL_UART_IRQHandler
 .text.HAL_UART_TxCpltCallback
                0x0000000008008db4       0x14 Drivers/STM32F3xx_HAL_Driver/Src/stm32f3xx_hal_uart.o
                0x0000000008008db4                HAL_UART_TxCpltCallback
 .text.HAL_UART_ErrorCallback
                0x0000000008008dc8       0x14 Drivers/STM32F3xx_HAL_Driver/Src/stm32f3xx_hal_uart.o
                0x0000000008008dc8                HAL_UART_ErrorCallback
 .text.UART_SetConfig
                0x0000000008008ddc      0x434 Drivers/STM32F3xx_HAL_Driver/Src/stm32f3xx_hal_uart.o
                0x0000000008008ddc                UART_SetConfig
 .text.UART_AdvFeatureConfig
                0x0000000008009210      0x144 Drivers/STM32F3xx_HAL_Driver/Src/stm32f3xx_hal_uart.o
                0x0000000008009210                UART_AdvFeatureConfig
 .text.UART_CheckIdleState
                0x0000000008009354       0x8a Drivers/STM32F3xx_HAL_Driver/Src/stm32f3xx_hal_uart.o
                0x0000000008009354                UART_CheckIdleState
 .text.UART_WaitOnFlagUntilTimeout
                0x00000000080093de       0xf6 Drivers/STM32F3xx_HAL_Driver/Src/stm32f3xx_hal_uart.o
                0x00000000080093de                UART_WaitOnFlagUntilTimeout
 .text.UART_EndRxTransfer
                0x00000000080094d4       0x40 Drivers/STM32F3xx_HAL_Driver/Src/stm32f3xx_hal_uart.o
 .text.UART_DMAAbortOnError
                0x0000000008009514       0x2c Drivers/STM32F3xx_HAL_Driver/Src/stm32f3xx_hal_uart.o
 .text.UART_EndTransmit_IT
                0x0000000008009540       0x32 Drivers/STM32F3xx_HAL_Driver/Src/stm32f3xx_hal_uart.o
 .text.UART_RxISR_8BIT
                0x0000000008009572       0xa6 Drivers/STM32F3xx_HAL_Driver/Src/stm32f3xx_hal_uart.o
 .text.UART_RxISR_16BIT
                0x0000000008009618       0xa6 Drivers/STM32F3xx_HAL_Driver/Src/stm32f3xx_hal_uart.o
 .text.HAL_UARTEx_WakeupCallback
                0x00000000080096be       0x14 Drivers/STM32F3xx_HAL_Driver/Src/stm32f3xx_hal_uart_ex.o
                0x00000000080096be                HAL_UARTEx_WakeupCallback
 *fill*         0x00000000080096d2        0x6 
 .text.calculate_heat_index_fahrenheit
                0x00000000080096d8      0x4d0 Drivers/Utils/Src/weather_utils.o
                0x00000000080096d8                calculate_heat_index_fahrenheit
 .text.to_fahrenheit
                0x0000000008009ba8       0x54 Drivers/Utils/Src/weather_utils.o
                0x0000000008009ba8                to_fahrenheit
 *fill*         0x0000000008009bfc        0x4 
 .text.to_celsius
                0x0000000008009c00       0x54 Drivers/Utils/Src/weather_utils.o
                0x0000000008009c00                to_celsius
 .text.start_sensors
                0x0000000008009c54       0x88 Src/core.o
                0x0000000008009c54                start_sensors
 .text.sample_and_post
                0x0000000008009cdc      0x1dc Src/core.o
                0x0000000008009cdc                sample_and_post
 .text._average_raw_values
                0x0000000008009eb8       0x2c Src/core.o
                0x0000000008009eb8                _average_raw_values
 .text._calculate_average
                0x0000000008009ee4       0x46 Src/core.o
                0x0000000008009ee4                _calculate_average
 *fill*         0x0000000008009f2a        0x2 
 .text.main     0x0000000008009f2c       0xe0 Src/main.o
                0x0000000008009f2c                main
 .text.SystemClock_Config
                0x000000000800a00c       0xd8 Src/main.o
                0x000000000800a00c                SystemClock_Config
 .text.MX_ADC1_Init
                0x000000000800a0e4      0x100 Src/main.o
 .text.MX_I2C1_Init
                0x000000000800a1e4       0x80 Src/main.o
 .text.MX_RTC_Init
                0x000000000800a264      0x184 Src/main.o
 .text.MX_TIM2_Init
                0x000000000800a3e8       0xcc Src/main.o
 .text.MX_USART2_UART_Init
                0x000000000800a4b4       0x60 Src/main.o
 .text.MX_USART3_UART_Init
                0x000000000800a514       0x60 Src/main.o
 .text.MX_DMA_Init
                0x000000000800a574       0x3c Src/main.o
 .text.MX_GPIO_Init
                0x000000000800a5b0      0x110 Src/main.o
 .text.HAL_UART_RxCpltCallback
                0x000000000800a6c0       0x24 Src/main.o
                0x000000000800a6c0                HAL_UART_RxCpltCallback
 .text.HAL_ADC_ConvCpltCallback
                0x000000000800a6e4       0x28 Src/main.o
                0x000000000800a6e4                HAL_ADC_ConvCpltCallback
 .text.HAL_ADC_ErrorCallback
                0x000000000800a70c       0x28 Src/main.o
                0x000000000800a70c                HAL_ADC_ErrorCallback
 .text.HAL_RTC_AlarmAEventCallback
                0x000000000800a734       0x5c Src/main.o
                0x000000000800a734                HAL_RTC_AlarmAEventCallback
 .text.HAL_RTCEx_AlarmBEventCallback
                0x000000000800a790       0x48 Src/main.o
                0x000000000800a790                HAL_RTCEx_AlarmBEventCallback
 .text.Error_Handler
                0x000000000800a7d8        0xe Src/main.o
                0x000000000800a7d8                Error_Handler
 *fill*         0x000000000800a7e6        0x2 
 .text.HAL_MspInit
                0x000000000800a7e8       0x48 Src/stm32f3xx_hal_msp.o
                0x000000000800a7e8                HAL_MspInit
 .text.HAL_ADC_MspInit
                0x000000000800a830       0xd0 Src/stm32f3xx_hal_msp.o
                0x000000000800a830                HAL_ADC_MspInit
 .text.HAL_I2C_MspInit
                0x000000000800a900       0xc4 Src/stm32f3xx_hal_msp.o
                0x000000000800a900                HAL_I2C_MspInit
 .text.HAL_RTC_MspInit
                0x000000000800a9c4       0x58 Src/stm32f3xx_hal_msp.o
                0x000000000800a9c4                HAL_RTC_MspInit
 .text.HAL_TIM_Base_MspInit
                0x000000000800aa1c       0x3c Src/stm32f3xx_hal_msp.o
                0x000000000800aa1c                HAL_TIM_Base_MspInit
 .text.HAL_UART_MspInit
                0x000000000800aa58       0xfc Src/stm32f3xx_hal_msp.o
                0x000000000800aa58                HAL_UART_MspInit
 .text.NMI_Handler
                0x000000000800ab54        0xe Src/stm32f3xx_it.o
                0x000000000800ab54                NMI_Handler
 .text.HardFault_Handler
                0x000000000800ab62        0x6 Src/stm32f3xx_it.o
                0x000000000800ab62                HardFault_Handler
 .text.MemManage_Handler
                0x000000000800ab68        0x6 Src/stm32f3xx_it.o
                0x000000000800ab68                MemManage_Handler
 .text.BusFault_Handler
                0x000000000800ab6e        0x6 Src/stm32f3xx_it.o
                0x000000000800ab6e                BusFault_Handler
 .text.UsageFault_Handler
                0x000000000800ab74        0x6 Src/stm32f3xx_it.o
                0x000000000800ab74                UsageFault_Handler
 .text.SVC_Handler
                0x000000000800ab7a        0xe Src/stm32f3xx_it.o
                0x000000000800ab7a                SVC_Handler
 .text.DebugMon_Handler
                0x000000000800ab88        0xe Src/stm32f3xx_it.o
                0x000000000800ab88                DebugMon_Handler
 .text.PendSV_Handler
                0x000000000800ab96        0xe Src/stm32f3xx_it.o
                0x000000000800ab96                PendSV_Handler
 .text.SysTick_Handler
                0x000000000800aba4        0xc Src/stm32f3xx_it.o
                0x000000000800aba4                SysTick_Handler
 .text.DMA1_Channel1_IRQHandler
                0x000000000800abb0       0x14 Src/stm32f3xx_it.o
                0x000000000800abb0                DMA1_Channel1_IRQHandler
 .text.USART3_IRQHandler
                0x000000000800abc4       0x14 Src/stm32f3xx_it.o
                0x000000000800abc4                USART3_IRQHandler
 .text.RTC_Alarm_IRQHandler
                0x000000000800abd8       0x14 Src/stm32f3xx_it.o
                0x000000000800abd8                RTC_Alarm_IRQHandler
 .text._sbrk    0x000000000800abec       0x58 Src/sysmem.o
                0x000000000800abec                _sbrk
 .text.SystemInit
                0x000000000800ac44       0x94 Src/system_stm32f3xx.o
                0x000000000800ac44                SystemInit
 .text.Reset_Handler
                0x000000000800acd8       0x50 Startup/startup_stm32f303retx.o
                0x000000000800acd8                Reset_Handler
 .text.Default_Handler
                0x000000000800ad28        0x2 Startup/startup_stm32f303retx.o
                0x000000000800ad28                TIM8_TRG_COM_IRQHandler
                0x000000000800ad28                TIM8_CC_IRQHandler
                0x000000000800ad28                SPI4_IRQHandler
                0x000000000800ad28                TIM1_CC_IRQHandler
                0x000000000800ad28                USB_HP_IRQHandler
                0x000000000800ad28                PVD_IRQHandler
                0x000000000800ad28                TAMP_STAMP_IRQHandler
                0x000000000800ad28                EXTI3_IRQHandler
                0x000000000800ad28                I2C3_ER_IRQHandler
                0x000000000800ad28                USB_HP_CAN_TX_IRQHandler
                0x000000000800ad28                EXTI0_IRQHandler
                0x000000000800ad28                I2C2_EV_IRQHandler
                0x000000000800ad28                FPU_IRQHandler
                0x000000000800ad28                TIM1_UP_TIM16_IRQHandler
                0x000000000800ad28                ADC1_2_IRQHandler
                0x000000000800ad28                SPI1_IRQHandler
                0x000000000800ad28                CAN_SCE_IRQHandler
                0x000000000800ad28                TIM6_DAC_IRQHandler
                0x000000000800ad28                TIM8_UP_IRQHandler
                0x000000000800ad28                DMA2_Channel2_IRQHandler
                0x000000000800ad28                DMA1_Channel4_IRQHandler
                0x000000000800ad28                TIM20_TRG_COM_IRQHandler
                0x000000000800ad28                DMA1_Channel7_IRQHandler
                0x000000000800ad28                UART5_IRQHandler
                0x000000000800ad28                ADC3_IRQHandler
                0x000000000800ad28                TIM4_IRQHandler
                0x000000000800ad28                CAN_RX1_IRQHandler
                0x000000000800ad28                DMA2_Channel1_IRQHandler
                0x000000000800ad28                I2C1_EV_IRQHandler
                0x000000000800ad28                DMA1_Channel6_IRQHandler
                0x000000000800ad28                UART4_IRQHandler
                0x000000000800ad28                DMA2_Channel4_IRQHandler
                0x000000000800ad28                TIM3_IRQHandler
                0x000000000800ad28                RCC_IRQHandler
                0x000000000800ad28                TIM20_UP_IRQHandler
                0x000000000800ad28                Default_Handler
                0x000000000800ad28                USBWakeUp_RMP_IRQHandler
                0x000000000800ad28                EXTI15_10_IRQHandler
                0x000000000800ad28                TIM7_IRQHandler
                0x000000000800ad28                I2C3_EV_IRQHandler
                0x000000000800ad28                EXTI9_5_IRQHandler
                0x000000000800ad28                RTC_WKUP_IRQHandler
                0x000000000800ad28                SPI2_IRQHandler
                0x000000000800ad28                USB_LP_CAN_RX0_IRQHandler
                0x000000000800ad28                DMA2_Channel5_IRQHandler
                0x000000000800ad28                DMA1_Channel5_IRQHandler
                0x000000000800ad28                USB_LP_IRQHandler
                0x000000000800ad28                EXTI4_IRQHandler
                0x000000000800ad28                TIM1_TRG_COM_TIM17_IRQHandler
                0x000000000800ad28                DMA1_Channel3_IRQHandler
                0x000000000800ad28                ADC4_IRQHandler
                0x000000000800ad28                WWDG_IRQHandler
                0x000000000800ad28                TIM2_IRQHandler
                0x000000000800ad28                COMP7_IRQHandler
                0x000000000800ad28                COMP1_2_3_IRQHandler
                0x000000000800ad28                EXTI1_IRQHandler
                0x000000000800ad28                USART2_IRQHandler
                0x000000000800ad28                COMP4_5_6_IRQHandler
                0x000000000800ad28                TIM20_BRK_IRQHandler
                0x000000000800ad28                I2C2_ER_IRQHandler
                0x000000000800ad28                DMA1_Channel2_IRQHandler
                0x000000000800ad28                TIM8_BRK_IRQHandler
                0x000000000800ad28                FLASH_IRQHandler
                0x000000000800ad28                TIM20_CC_IRQHandler
                0x000000000800ad28                USART1_IRQHandler
                0x000000000800ad28                SPI3_IRQHandler
                0x000000000800ad28                I2C1_ER_IRQHandler
                0x000000000800ad28                FMC_IRQHandler
                0x000000000800ad28                USBWakeUp_IRQHandler
                0x000000000800ad28                DMA2_Channel3_IRQHandler
                0x000000000800ad28                EXTI2_TSC_IRQHandler
                0x000000000800ad28                TIM1_BRK_TIM15_IRQHandler
 *fill*         0x000000000800ad2a        0x2 
 .text.__errno  0x000000000800ad2c        0xc /opt/st/stm32cubeide/plugins/com.st.stm32cube.ide.mcu.externaltools.gnu-tools-for-stm32.7-2018-q2-update.linux64_1.0.0.201904181610/tools/bin/../lib/gcc/arm-none-eabi/7.3.1/../../../../arm-none-eabi/lib/thumb/v7e-m/fpv4-sp/hard/libc_nano.a(lib_a-errno.o)
                0x000000000800ad2c                __errno
 .text.__libc_init_array
                0x000000000800ad38       0x48 /opt/st/stm32cubeide/plugins/com.st.stm32cube.ide.mcu.externaltools.gnu-tools-for-stm32.7-2018-q2-update.linux64_1.0.0.201904181610/tools/bin/../lib/gcc/arm-none-eabi/7.3.1/../../../../arm-none-eabi/lib/thumb/v7e-m/fpv4-sp/hard/libc_nano.a(lib_a-init.o)
                0x000000000800ad38                __libc_init_array
 .text.malloc   0x000000000800ad80       0x10 /opt/st/stm32cubeide/plugins/com.st.stm32cube.ide.mcu.externaltools.gnu-tools-for-stm32.7-2018-q2-update.linux64_1.0.0.201904181610/tools/bin/../lib/gcc/arm-none-eabi/7.3.1/../../../../arm-none-eabi/lib/thumb/v7e-m/fpv4-sp/hard/libc_nano.a(lib_a-malloc.o)
                0x000000000800ad80                malloc
 .text.free     0x000000000800ad90       0x10 /opt/st/stm32cubeide/plugins/com.st.stm32cube.ide.mcu.externaltools.gnu-tools-for-stm32.7-2018-q2-update.linux64_1.0.0.201904181610/tools/bin/../lib/gcc/arm-none-eabi/7.3.1/../../../../arm-none-eabi/lib/thumb/v7e-m/fpv4-sp/hard/libc_nano.a(lib_a-malloc.o)
                0x000000000800ad90                free
 .text.memcpy   0x000000000800ada0       0x16 /opt/st/stm32cubeide/plugins/com.st.stm32cube.ide.mcu.externaltools.gnu-tools-for-stm32.7-2018-q2-update.linux64_1.0.0.201904181610/tools/bin/../lib/gcc/arm-none-eabi/7.3.1/../../../../arm-none-eabi/lib/thumb/v7e-m/fpv4-sp/hard/libc_nano.a(lib_a-memcpy-stub.o)
                0x000000000800ada0                memcpy
 .text.memset   0x000000000800adb6       0x10 /opt/st/stm32cubeide/plugins/com.st.stm32cube.ide.mcu.externaltools.gnu-tools-for-stm32.7-2018-q2-update.linux64_1.0.0.201904181610/tools/bin/../lib/gcc/arm-none-eabi/7.3.1/../../../../arm-none-eabi/lib/thumb/v7e-m/fpv4-sp/hard/libc_nano.a(lib_a-memset.o)
                0x000000000800adb6                memset
 *fill*         0x000000000800adc6        0x2 
 .text._free_r  0x000000000800adc8       0x9c /opt/st/stm32cubeide/plugins/com.st.stm32cube.ide.mcu.externaltools.gnu-tools-for-stm32.7-2018-q2-update.linux64_1.0.0.201904181610/tools/bin/../lib/gcc/arm-none-eabi/7.3.1/../../../../arm-none-eabi/lib/thumb/v7e-m/fpv4-sp/hard/libc_nano.a(lib_a-nano-freer.o)
                0x000000000800adc8                _free_r
 .text._malloc_r
                0x000000000800ae64       0xb4 /opt/st/stm32cubeide/plugins/com.st.stm32cube.ide.mcu.externaltools.gnu-tools-for-stm32.7-2018-q2-update.linux64_1.0.0.201904181610/tools/bin/../lib/gcc/arm-none-eabi/7.3.1/../../../../arm-none-eabi/lib/thumb/v7e-m/fpv4-sp/hard/libc_nano.a(lib_a-nano-mallocr.o)
                0x000000000800ae64                _malloc_r
 .text.__cvt    0x000000000800af18       0xc2 /opt/st/stm32cubeide/plugins/com.st.stm32cube.ide.mcu.externaltools.gnu-tools-for-stm32.7-2018-q2-update.linux64_1.0.0.201904181610/tools/bin/../lib/gcc/arm-none-eabi/7.3.1/../../../../arm-none-eabi/lib/thumb/v7e-m/fpv4-sp/hard/libc_nano.a(lib_a-nano-vfprintf_float.o)
                0x000000000800af18                __cvt
 .text.__exponent
                0x000000000800afda       0x66 /opt/st/stm32cubeide/plugins/com.st.stm32cube.ide.mcu.externaltools.gnu-tools-for-stm32.7-2018-q2-update.linux64_1.0.0.201904181610/tools/bin/../lib/gcc/arm-none-eabi/7.3.1/../../../../arm-none-eabi/lib/thumb/v7e-m/fpv4-sp/hard/libc_nano.a(lib_a-nano-vfprintf_float.o)
                0x000000000800afda                __exponent
 .text._printf_float
                0x000000000800b040      0x480 /opt/st/stm32cubeide/plugins/com.st.stm32cube.ide.mcu.externaltools.gnu-tools-for-stm32.7-2018-q2-update.linux64_1.0.0.201904181610/tools/bin/../lib/gcc/arm-none-eabi/7.3.1/../../../../arm-none-eabi/lib/thumb/v7e-m/fpv4-sp/hard/libc_nano.a(lib_a-nano-vfprintf_float.o)
                0x000000000800b040                _printf_float
 .text._printf_common
                0x000000000800b4c0       0xea /opt/st/stm32cubeide/plugins/com.st.stm32cube.ide.mcu.externaltools.gnu-tools-for-stm32.7-2018-q2-update.linux64_1.0.0.201904181610/tools/bin/../lib/gcc/arm-none-eabi/7.3.1/../../../../arm-none-eabi/lib/thumb/v7e-m/fpv4-sp/hard/libc_nano.a(lib_a-nano-vfprintf_i.o)
                0x000000000800b4c0                _printf_common
 *fill*         0x000000000800b5aa        0x2 
 .text._printf_i
                0x000000000800b5ac      0x224 /opt/st/stm32cubeide/plugins/com.st.stm32cube.ide.mcu.externaltools.gnu-tools-for-stm32.7-2018-q2-update.linux64_1.0.0.201904181610/tools/bin/../lib/gcc/arm-none-eabi/7.3.1/../../../../arm-none-eabi/lib/thumb/v7e-m/fpv4-sp/hard/libc_nano.a(lib_a-nano-vfprintf_i.o)
                0x000000000800b5ac                _printf_i
 .text._sbrk_r  0x000000000800b7d0       0x20 /opt/st/stm32cubeide/plugins/com.st.stm32cube.ide.mcu.externaltools.gnu-tools-for-stm32.7-2018-q2-update.linux64_1.0.0.201904181610/tools/bin/../lib/gcc/arm-none-eabi/7.3.1/../../../../arm-none-eabi/lib/thumb/v7e-m/fpv4-sp/hard/libc_nano.a(lib_a-sbrkr.o)
                0x000000000800b7d0                _sbrk_r
 .text.snprintf
                0x000000000800b7f0       0x68 /opt/st/stm32cubeide/plugins/com.st.stm32cube.ide.mcu.externaltools.gnu-tools-for-stm32.7-2018-q2-update.linux64_1.0.0.201904181610/tools/bin/../lib/gcc/arm-none-eabi/7.3.1/../../../../arm-none-eabi/lib/thumb/v7e-m/fpv4-sp/hard/libc_nano.a(lib_a-snprintf.o)
                0x000000000800b7f0                snprintf
                0x000000000800b7f0                sniprintf
 .text.strcpy   0x000000000800b858       0x10 /opt/st/stm32cubeide/plugins/com.st.stm32cube.ide.mcu.externaltools.gnu-tools-for-stm32.7-2018-q2-update.linux64_1.0.0.201904181610/tools/bin/../lib/gcc/arm-none-eabi/7.3.1/../../../../arm-none-eabi/lib/thumb/v7e-m/fpv4-sp/hard/libc_nano.a(lib_a-strcpy.o)
                0x000000000800b858                strcpy
 .text.strncat  0x000000000800b868       0x28 /opt/st/stm32cubeide/plugins/com.st.stm32cube.ide.mcu.externaltools.gnu-tools-for-stm32.7-2018-q2-update.linux64_1.0.0.201904181610/tools/bin/../lib/gcc/arm-none-eabi/7.3.1/../../../../arm-none-eabi/lib/thumb/v7e-m/fpv4-sp/hard/libc_nano.a(lib_a-strncat.o)
                0x000000000800b868                strncat
 .text.strncpy  0x000000000800b890       0x2a /opt/st/stm32cubeide/plugins/com.st.stm32cube.ide.mcu.externaltools.gnu-tools-for-stm32.7-2018-q2-update.linux64_1.0.0.201904181610/tools/bin/../lib/gcc/arm-none-eabi/7.3.1/../../../../arm-none-eabi/lib/thumb/v7e-m/fpv4-sp/hard/libc_nano.a(lib_a-strncpy.o)
                0x000000000800b890                strncpy
 .text.strstr   0x000000000800b8ba       0x34 /opt/st/stm32cubeide/plugins/com.st.stm32cube.ide.mcu.externaltools.gnu-tools-for-stm32.7-2018-q2-update.linux64_1.0.0.201904181610/tools/bin/../lib/gcc/arm-none-eabi/7.3.1/../../../../arm-none-eabi/lib/thumb/v7e-m/fpv4-sp/hard/libc_nano.a(lib_a-strstr.o)
                0x000000000800b8ba                strstr
 .text.quorem   0x000000000800b8ee      0x118 /opt/st/stm32cubeide/plugins/com.st.stm32cube.ide.mcu.externaltools.gnu-tools-for-stm32.7-2018-q2-update.linux64_1.0.0.201904181610/tools/bin/../lib/gcc/arm-none-eabi/7.3.1/../../../../arm-none-eabi/lib/thumb/v7e-m/fpv4-sp/hard/libc_nano.a(lib_a-dtoa.o)
 *fill*         0x000000000800ba06        0x2 
 .text._dtoa_r  0x000000000800ba08      0xb70 /opt/st/stm32cubeide/plugins/com.st.stm32cube.ide.mcu.externaltools.gnu-tools-for-stm32.7-2018-q2-update.linux64_1.0.0.201904181610/tools/bin/../lib/gcc/arm-none-eabi/7.3.1/../../../../arm-none-eabi/lib/thumb/v7e-m/fpv4-sp/hard/libc_nano.a(lib_a-dtoa.o)
                0x000000000800ba08                _dtoa_r
 .text._localeconv_r
                0x000000000800c578       0x1c /opt/st/stm32cubeide/plugins/com.st.stm32cube.ide.mcu.externaltools.gnu-tools-for-stm32.7-2018-q2-update.linux64_1.0.0.201904181610/tools/bin/../lib/gcc/arm-none-eabi/7.3.1/../../../../arm-none-eabi/lib/thumb/v7e-m/fpv4-sp/hard/libc_nano.a(lib_a-localeconv.o)
                0x000000000800c578                _localeconv_r
 .text.__malloc_lock
                0x000000000800c594        0x2 /opt/st/stm32cubeide/plugins/com.st.stm32cube.ide.mcu.externaltools.gnu-tools-for-stm32.7-2018-q2-update.linux64_1.0.0.201904181610/tools/bin/../lib/gcc/arm-none-eabi/7.3.1/../../../../arm-none-eabi/lib/thumb/v7e-m/fpv4-sp/hard/libc_nano.a(lib_a-mlock.o)
                0x000000000800c594                __malloc_lock
 .text.__malloc_unlock
                0x000000000800c596        0x2 /opt/st/stm32cubeide/plugins/com.st.stm32cube.ide.mcu.externaltools.gnu-tools-for-stm32.7-2018-q2-update.linux64_1.0.0.201904181610/tools/bin/../lib/gcc/arm-none-eabi/7.3.1/../../../../arm-none-eabi/lib/thumb/v7e-m/fpv4-sp/hard/libc_nano.a(lib_a-mlock.o)
                0x000000000800c596                __malloc_unlock
 .text._Balloc  0x000000000800c598       0x68 /opt/st/stm32cubeide/plugins/com.st.stm32cube.ide.mcu.externaltools.gnu-tools-for-stm32.7-2018-q2-update.linux64_1.0.0.201904181610/tools/bin/../lib/gcc/arm-none-eabi/7.3.1/../../../../arm-none-eabi/lib/thumb/v7e-m/fpv4-sp/hard/libc_nano.a(lib_a-mprec.o)
                0x000000000800c598                _Balloc
 .text._Bfree   0x000000000800c600       0x2e /opt/st/stm32cubeide/plugins/com.st.stm32cube.ide.mcu.externaltools.gnu-tools-for-stm32.7-2018-q2-update.linux64_1.0.0.201904181610/tools/bin/../lib/gcc/arm-none-eabi/7.3.1/../../../../arm-none-eabi/lib/thumb/v7e-m/fpv4-sp/hard/libc_nano.a(lib_a-mprec.o)
                0x000000000800c600                _Bfree
 .text.__multadd
                0x000000000800c62e       0x76 /opt/st/stm32cubeide/plugins/com.st.stm32cube.ide.mcu.externaltools.gnu-tools-for-stm32.7-2018-q2-update.linux64_1.0.0.201904181610/tools/bin/../lib/gcc/arm-none-eabi/7.3.1/../../../../arm-none-eabi/lib/thumb/v7e-m/fpv4-sp/hard/libc_nano.a(lib_a-mprec.o)
                0x000000000800c62e                __multadd
 .text.__hi0bits
                0x000000000800c6a4       0x3e /opt/st/stm32cubeide/plugins/com.st.stm32cube.ide.mcu.externaltools.gnu-tools-for-stm32.7-2018-q2-update.linux64_1.0.0.201904181610/tools/bin/../lib/gcc/arm-none-eabi/7.3.1/../../../../arm-none-eabi/lib/thumb/v7e-m/fpv4-sp/hard/libc_nano.a(lib_a-mprec.o)
                0x000000000800c6a4                __hi0bits
 .text.__lo0bits
                0x000000000800c6e2       0x5e /opt/st/stm32cubeide/plugins/com.st.stm32cube.ide.mcu.externaltools.gnu-tools-for-stm32.7-2018-q2-update.linux64_1.0.0.201904181610/tools/bin/../lib/gcc/arm-none-eabi/7.3.1/../../../../arm-none-eabi/lib/thumb/v7e-m/fpv4-sp/hard/libc_nano.a(lib_a-mprec.o)
                0x000000000800c6e2                __lo0bits
 .text.__i2b    0x000000000800c740       0x12 /opt/st/stm32cubeide/plugins/com.st.stm32cube.ide.mcu.externaltools.gnu-tools-for-stm32.7-2018-q2-update.linux64_1.0.0.201904181610/tools/bin/../lib/gcc/arm-none-eabi/7.3.1/../../../../arm-none-eabi/lib/thumb/v7e-m/fpv4-sp/hard/libc_nano.a(lib_a-mprec.o)
                0x000000000800c740                __i2b
 .text.__multiply
                0x000000000800c752      0x12c /opt/st/stm32cubeide/plugins/com.st.stm32cube.ide.mcu.externaltools.gnu-tools-for-stm32.7-2018-q2-update.linux64_1.0.0.201904181610/tools/bin/../lib/gcc/arm-none-eabi/7.3.1/../../../../arm-none-eabi/lib/thumb/v7e-m/fpv4-sp/hard/libc_nano.a(lib_a-mprec.o)
                0x000000000800c752                __multiply
 *fill*         0x000000000800c87e        0x2 
 .text.__pow5mult
                0x000000000800c880       0x9c /opt/st/stm32cubeide/plugins/com.st.stm32cube.ide.mcu.externaltools.gnu-tools-for-stm32.7-2018-q2-update.linux64_1.0.0.201904181610/tools/bin/../lib/gcc/arm-none-eabi/7.3.1/../../../../arm-none-eabi/lib/thumb/v7e-m/fpv4-sp/hard/libc_nano.a(lib_a-mprec.o)
                0x000000000800c880                __pow5mult
 .text.__lshift
                0x000000000800c91c       0xa8 /opt/st/stm32cubeide/plugins/com.st.stm32cube.ide.mcu.externaltools.gnu-tools-for-stm32.7-2018-q2-update.linux64_1.0.0.201904181610/tools/bin/../lib/gcc/arm-none-eabi/7.3.1/../../../../arm-none-eabi/lib/thumb/v7e-m/fpv4-sp/hard/libc_nano.a(lib_a-mprec.o)
                0x000000000800c91c                __lshift
 .text.__mcmp   0x000000000800c9c4       0x34 /opt/st/stm32cubeide/plugins/com.st.stm32cube.ide.mcu.externaltools.gnu-tools-for-stm32.7-2018-q2-update.linux64_1.0.0.201904181610/tools/bin/../lib/gcc/arm-none-eabi/7.3.1/../../../../arm-none-eabi/lib/thumb/v7e-m/fpv4-sp/hard/libc_nano.a(lib_a-mprec.o)
                0x000000000800c9c4                __mcmp
 .text.__mdiff  0x000000000800c9f8       0xba /opt/st/stm32cubeide/plugins/com.st.stm32cube.ide.mcu.externaltools.gnu-tools-for-stm32.7-2018-q2-update.linux64_1.0.0.201904181610/tools/bin/../lib/gcc/arm-none-eabi/7.3.1/../../../../arm-none-eabi/lib/thumb/v7e-m/fpv4-sp/hard/libc_nano.a(lib_a-mprec.o)
                0x000000000800c9f8                __mdiff
 .text.__d2b    0x000000000800cab2       0x9e /opt/st/stm32cubeide/plugins/com.st.stm32cube.ide.mcu.externaltools.gnu-tools-for-stm32.7-2018-q2-update.linux64_1.0.0.201904181610/tools/bin/../lib/gcc/arm-none-eabi/7.3.1/../../../../arm-none-eabi/lib/thumb/v7e-m/fpv4-sp/hard/libc_nano.a(lib_a-mprec.o)
                0x000000000800cab2                __d2b
 .text._calloc_r
                0x000000000800cb50       0x1c /opt/st/stm32cubeide/plugins/com.st.stm32cube.ide.mcu.externaltools.gnu-tools-for-stm32.7-2018-q2-update.linux64_1.0.0.201904181610/tools/bin/../lib/gcc/arm-none-eabi/7.3.1/../../../../arm-none-eabi/lib/thumb/v7e-m/fpv4-sp/hard/libc_nano.a(lib_a-nano-callocr.o)
                0x000000000800cb50                _calloc_r
 .text.__ssputs_r
                0x000000000800cb6c       0xb4 /opt/st/stm32cubeide/plugins/com.st.stm32cube.ide.mcu.externaltools.gnu-tools-for-stm32.7-2018-q2-update.linux64_1.0.0.201904181610/tools/bin/../lib/gcc/arm-none-eabi/7.3.1/../../../../arm-none-eabi/lib/thumb/v7e-m/fpv4-sp/hard/libc_nano.a(lib_a-nano-svfprintf.o)
                0x000000000800cb6c                __ssputs_r
 .text._svfprintf_r
                0x000000000800cc20      0x1f0 /opt/st/stm32cubeide/plugins/com.st.stm32cube.ide.mcu.externaltools.gnu-tools-for-stm32.7-2018-q2-update.linux64_1.0.0.201904181610/tools/bin/../lib/gcc/arm-none-eabi/7.3.1/../../../../arm-none-eabi/lib/thumb/v7e-m/fpv4-sp/hard/libc_nano.a(lib_a-nano-svfprintf.o)
                0x000000000800cc20                _svfprintf_r
                0x000000000800cc20                _svfiprintf_r
 .text.__ascii_mbtowc
                0x000000000800ce10       0x24 /opt/st/stm32cubeide/plugins/com.st.stm32cube.ide.mcu.externaltools.gnu-tools-for-stm32.7-2018-q2-update.linux64_1.0.0.201904181610/tools/bin/../lib/gcc/arm-none-eabi/7.3.1/../../../../arm-none-eabi/lib/thumb/v7e-m/fpv4-sp/hard/libc_nano.a(lib_a-mbtowc_r.o)
                0x000000000800ce10                __ascii_mbtowc
 .text.memmove  0x000000000800ce34       0x32 /opt/st/stm32cubeide/plugins/com.st.stm32cube.ide.mcu.externaltools.gnu-tools-for-stm32.7-2018-q2-update.linux64_1.0.0.201904181610/tools/bin/../lib/gcc/arm-none-eabi/7.3.1/../../../../arm-none-eabi/lib/thumb/v7e-m/fpv4-sp/hard/libc_nano.a(lib_a-memmove.o)
                0x000000000800ce34                memmove
 .text._realloc_r
                0x000000000800ce66       0x4c /opt/st/stm32cubeide/plugins/com.st.stm32cube.ide.mcu.externaltools.gnu-tools-for-stm32.7-2018-q2-update.linux64_1.0.0.201904181610/tools/bin/../lib/gcc/arm-none-eabi/7.3.1/../../../../arm-none-eabi/lib/thumb/v7e-m/fpv4-sp/hard/libc_nano.a(lib_a-nano-reallocr.o)
                0x000000000800ce66                _realloc_r
 .text.__ascii_wctomb
                0x000000000800ceb2       0x1a /opt/st/stm32cubeide/plugins/com.st.stm32cube.ide.mcu.externaltools.gnu-tools-for-stm32.7-2018-q2-update.linux64_1.0.0.201904181610/tools/bin/../lib/gcc/arm-none-eabi/7.3.1/../../../../arm-none-eabi/lib/thumb/v7e-m/fpv4-sp/hard/libc_nano.a(lib_a-wctomb_r.o)
                0x000000000800ceb2                __ascii_wctomb
 .text._malloc_usable_size_r
                0x000000000800cecc       0x10 /opt/st/stm32cubeide/plugins/com.st.stm32cube.ide.mcu.externaltools.gnu-tools-for-stm32.7-2018-q2-update.linux64_1.0.0.201904181610/tools/bin/../lib/gcc/arm-none-eabi/7.3.1/../../../../arm-none-eabi/lib/thumb/v7e-m/fpv4-sp/hard/libc_nano.a(lib_a-nano-msizer.o)
                0x000000000800cecc                _malloc_usable_size_r
 .text.round    0x000000000800cedc       0x94 /opt/st/stm32cubeide/plugins/com.st.stm32cube.ide.mcu.externaltools.gnu-tools-for-stm32.7-2018-q2-update.linux64_1.0.0.201904181610/tools/bin/../lib/gcc/arm-none-eabi/7.3.1/../../../../arm-none-eabi/lib/thumb/v7e-m/fpv4-sp/hard/libm.a(lib_a-s_round.o)
                0x000000000800cedc                round
 .text.sqrt     0x000000000800cf70       0xb4 /opt/st/stm32cubeide/plugins/com.st.stm32cube.ide.mcu.externaltools.gnu-tools-for-stm32.7-2018-q2-update.linux64_1.0.0.201904181610/tools/bin/../lib/gcc/arm-none-eabi/7.3.1/../../../../arm-none-eabi/lib/thumb/v7e-m/fpv4-sp/hard/libm.a(lib_a-w_sqrt.o)
                0x000000000800cf70                sqrt
 .text.__ieee754_sqrt
                0x000000000800d024      0x160 /opt/st/stm32cubeide/plugins/com.st.stm32cube.ide.mcu.externaltools.gnu-tools-for-stm32.7-2018-q2-update.linux64_1.0.0.201904181610/tools/bin/../lib/gcc/arm-none-eabi/7.3.1/../../../../arm-none-eabi/lib/thumb/v7e-m/fpv4-sp/hard/libm.a(lib_a-e_sqrt.o)
                0x000000000800d024                __ieee754_sqrt
 .text.matherr  0x000000000800d184        0x4 /opt/st/stm32cubeide/plugins/com.st.stm32cube.ide.mcu.externaltools.gnu-tools-for-stm32.7-2018-q2-update.linux64_1.0.0.201904181610/tools/bin/../lib/gcc/arm-none-eabi/7.3.1/../../../../arm-none-eabi/lib/thumb/v7e-m/fpv4-sp/hard/libm.a(lib_a-s_matherr.o)
                0x000000000800d184                matherr
 *(.glue_7)
 .glue_7        0x000000000800d188        0x0 linker stubs
 *(.glue_7t)
 .glue_7t       0x000000000800d188        0x0 linker stubs
 *(.eh_frame)
 .eh_frame      0x000000000800d188        0x0 /opt/st/stm32cubeide/plugins/com.st.stm32cube.ide.mcu.externaltools.gnu-tools-for-stm32.7-2018-q2-update.linux64_1.0.0.201904181610/tools/bin/../lib/gcc/arm-none-eabi/7.3.1/thumb/v7e-m/fpv4-sp/hard/crtbegin.o
 *(.init)
 .init          0x000000000800d188        0x4 /opt/st/stm32cubeide/plugins/com.st.stm32cube.ide.mcu.externaltools.gnu-tools-for-stm32.7-2018-q2-update.linux64_1.0.0.201904181610/tools/bin/../lib/gcc/arm-none-eabi/7.3.1/thumb/v7e-m/fpv4-sp/hard/crti.o
                0x000000000800d188                _init
 .init          0x000000000800d18c        0x8 /opt/st/stm32cubeide/plugins/com.st.stm32cube.ide.mcu.externaltools.gnu-tools-for-stm32.7-2018-q2-update.linux64_1.0.0.201904181610/tools/bin/../lib/gcc/arm-none-eabi/7.3.1/thumb/v7e-m/fpv4-sp/hard/crtn.o
 *(.fini)
 .fini          0x000000000800d194        0x4 /opt/st/stm32cubeide/plugins/com.st.stm32cube.ide.mcu.externaltools.gnu-tools-for-stm32.7-2018-q2-update.linux64_1.0.0.201904181610/tools/bin/../lib/gcc/arm-none-eabi/7.3.1/thumb/v7e-m/fpv4-sp/hard/crti.o
                0x000000000800d194                _fini
 .fini          0x000000000800d198        0x8 /opt/st/stm32cubeide/plugins/com.st.stm32cube.ide.mcu.externaltools.gnu-tools-for-stm32.7-2018-q2-update.linux64_1.0.0.201904181610/tools/bin/../lib/gcc/arm-none-eabi/7.3.1/thumb/v7e-m/fpv4-sp/hard/crtn.o
                0x000000000800d1a0                . = ALIGN (0x4)
                0x000000000800d1a0                _etext = .

.vfp11_veneer   0x000000000800d1a0        0x0
 .vfp11_veneer  0x000000000800d1a0        0x0 linker stubs

.v4_bx          0x000000000800d1a0        0x0
 .v4_bx         0x000000000800d1a0        0x0 linker stubs

.iplt           0x000000000800d1a0        0x0
 .iplt          0x000000000800d1a0        0x0 /opt/st/stm32cubeide/plugins/com.st.stm32cube.ide.mcu.externaltools.gnu-tools-for-stm32.7-2018-q2-update.linux64_1.0.0.201904181610/tools/bin/../lib/gcc/arm-none-eabi/7.3.1/thumb/v7e-m/fpv4-sp/hard/crtbegin.o

.rodata         0x000000000800d1a0      0x840
                0x000000000800d1a0                . = ALIGN (0x4)
 *(.rodata)
 .rodata        0x000000000800d1a0       0x83 Drivers/Devices/Src/bme280.o
 *fill*         0x000000000800d223        0x1 
 .rodata        0x000000000800d224      0x164 Drivers/Devices/Src/dht.o
 .rodata        0x000000000800d388       0x4f Drivers/Devices/Src/ds18b20.o
 *fill*         0x000000000800d3d7        0x1 
 .rodata        0x000000000800d3d8      0x224 Drivers/Devices/Src/esp8266.o
 .rodata        0x000000000800d5fc       0x15 Drivers/Devices/Src/fc37.o
 *fill*         0x000000000800d611        0x3 
 .rodata        0x000000000800d614       0x17 Drivers/Devices/Src/temt600.o
 *fill*         0x000000000800d62b        0x1 
 .rodata        0x000000000800d62c       0xb5 Src/core.o
 *fill*         0x000000000800d6e1        0x3 
 .rodata        0x000000000800d6e4       0x5c Src/main.o
 *(.rodata*)
 .rodata.aPLLMULFactorTable
                0x000000000800d740       0x10 Drivers/STM32F3xx_HAL_Driver/Src/stm32f3xx_hal_rcc.o
                0x000000000800d740                aPLLMULFactorTable
 .rodata.aPredivFactorTable
                0x000000000800d750       0x10 Drivers/STM32F3xx_HAL_Driver/Src/stm32f3xx_hal_rcc.o
                0x000000000800d750                aPredivFactorTable
 .rodata.AHBPrescTable
                0x000000000800d760       0x10 Src/system_stm32f3xx.o
                0x000000000800d760                AHBPrescTable
 .rodata.APBPrescTable
                0x000000000800d770        0x8 Src/system_stm32f3xx.o
                0x000000000800d770                APBPrescTable
 .rodata._printf_float.str1.1
                0x000000000800d778       0x12 /opt/st/stm32cubeide/plugins/com.st.stm32cube.ide.mcu.externaltools.gnu-tools-for-stm32.7-2018-q2-update.linux64_1.0.0.201904181610/tools/bin/../lib/gcc/arm-none-eabi/7.3.1/../../../../arm-none-eabi/lib/thumb/v7e-m/fpv4-sp/hard/libc_nano.a(lib_a-nano-vfprintf_float.o)
 .rodata._printf_i.str1.1
                0x000000000800d78a       0x22 /opt/st/stm32cubeide/plugins/com.st.stm32cube.ide.mcu.externaltools.gnu-tools-for-stm32.7-2018-q2-update.linux64_1.0.0.201904181610/tools/bin/../lib/gcc/arm-none-eabi/7.3.1/../../../../arm-none-eabi/lib/thumb/v7e-m/fpv4-sp/hard/libc_nano.a(lib_a-nano-vfprintf_i.o)
 .rodata._dtoa_r.str1.1
                0x000000000800d7ac        0xd /opt/st/stm32cubeide/plugins/com.st.stm32cube.ide.mcu.externaltools.gnu-tools-for-stm32.7-2018-q2-update.linux64_1.0.0.201904181610/tools/bin/../lib/gcc/arm-none-eabi/7.3.1/../../../../arm-none-eabi/lib/thumb/v7e-m/fpv4-sp/hard/libc_nano.a(lib_a-dtoa.o)
                                          0xf (size before relaxing)
 *fill*         0x000000000800d7b9        0x7 
 .rodata.__mprec_bigtens
                0x000000000800d7c0       0x28 /opt/st/stm32cubeide/plugins/com.st.stm32cube.ide.mcu.externaltools.gnu-tools-for-stm32.7-2018-q2-update.linux64_1.0.0.201904181610/tools/bin/../lib/gcc/arm-none-eabi/7.3.1/../../../../arm-none-eabi/lib/thumb/v7e-m/fpv4-sp/hard/libc_nano.a(lib_a-mprec.o)
                0x000000000800d7c0                __mprec_bigtens
 .rodata.__mprec_tens
                0x000000000800d7e8       0xc8 /opt/st/stm32cubeide/plugins/com.st.stm32cube.ide.mcu.externaltools.gnu-tools-for-stm32.7-2018-q2-update.linux64_1.0.0.201904181610/tools/bin/../lib/gcc/arm-none-eabi/7.3.1/../../../../arm-none-eabi/lib/thumb/v7e-m/fpv4-sp/hard/libc_nano.a(lib_a-mprec.o)
                0x000000000800d7e8                __mprec_tens
 .rodata.p05.7359
                0x000000000800d8b0        0xc /opt/st/stm32cubeide/plugins/com.st.stm32cube.ide.mcu.externaltools.gnu-tools-for-stm32.7-2018-q2-update.linux64_1.0.0.201904181610/tools/bin/../lib/gcc/arm-none-eabi/7.3.1/../../../../arm-none-eabi/lib/thumb/v7e-m/fpv4-sp/hard/libc_nano.a(lib_a-mprec.o)
 .rodata._svfprintf_r.str1.1
                0x000000000800d8bc       0x11 /opt/st/stm32cubeide/plugins/com.st.stm32cube.ide.mcu.externaltools.gnu-tools-for-stm32.7-2018-q2-update.linux64_1.0.0.201904181610/tools/bin/../lib/gcc/arm-none-eabi/7.3.1/../../../../arm-none-eabi/lib/thumb/v7e-m/fpv4-sp/hard/libc_nano.a(lib_a-nano-svfprintf.o)
 .rodata._setlocale_r.str1.1
                0x000000000800d8cd        0x8 /opt/st/stm32cubeide/plugins/com.st.stm32cube.ide.mcu.externaltools.gnu-tools-for-stm32.7-2018-q2-update.linux64_1.0.0.201904181610/tools/bin/../lib/gcc/arm-none-eabi/7.3.1/../../../../arm-none-eabi/lib/thumb/v7e-m/fpv4-sp/hard/libc_nano.a(lib_a-locale.o)
                                          0x9 (size before relaxing)
 .rodata.str1.1
                0x000000000800d8d5        0x2 /opt/st/stm32cubeide/plugins/com.st.stm32cube.ide.mcu.externaltools.gnu-tools-for-stm32.7-2018-q2-update.linux64_1.0.0.201904181610/tools/bin/../lib/gcc/arm-none-eabi/7.3.1/../../../../arm-none-eabi/lib/thumb/v7e-m/fpv4-sp/hard/libc_nano.a(lib_a-locale.o)
 .rodata._ctype_
                0x000000000800d8d7      0x101 /opt/st/stm32cubeide/plugins/com.st.stm32cube.ide.mcu.externaltools.gnu-tools-for-stm32.7-2018-q2-update.linux64_1.0.0.201904181610/tools/bin/../lib/gcc/arm-none-eabi/7.3.1/../../../../arm-none-eabi/lib/thumb/v7e-m/fpv4-sp/hard/libc_nano.a(lib_a-ctype_.o)
                0x000000000800d8d7                _ctype_
 .rodata.sqrt.str1.1
                0x000000000800d9d8        0x5 /opt/st/stm32cubeide/plugins/com.st.stm32cube.ide.mcu.externaltools.gnu-tools-for-stm32.7-2018-q2-update.linux64_1.0.0.201904181610/tools/bin/../lib/gcc/arm-none-eabi/7.3.1/../../../../arm-none-eabi/lib/thumb/v7e-m/fpv4-sp/hard/libm.a(lib_a-w_sqrt.o)
                0x000000000800d9e0                . = ALIGN (0x4)
 *fill*         0x000000000800d9dd        0x3 

.rel.dyn        0x000000000800d9e0        0x0
 .rel.iplt      0x000000000800d9e0        0x0 /opt/st/stm32cubeide/plugins/com.st.stm32cube.ide.mcu.externaltools.gnu-tools-for-stm32.7-2018-q2-update.linux64_1.0.0.201904181610/tools/bin/../lib/gcc/arm-none-eabi/7.3.1/thumb/v7e-m/fpv4-sp/hard/crtbegin.o

.ARM.extab      0x000000000800d9e0        0x0
                0x000000000800d9e0                . = ALIGN (0x4)
 *(.ARM.extab* .gnu.linkonce.armextab.*)
                0x000000000800d9e0                . = ALIGN (0x4)

.ARM            0x000000000800d9e0        0x0
                0x000000000800d9e0                . = ALIGN (0x4)
                0x000000000800d9e0                __exidx_start = .
 *(.ARM.exidx*)
                0x000000000800d9e0                __exidx_end = .
                0x000000000800d9e0                . = ALIGN (0x4)

.preinit_array  0x000000000800d9e0        0x0
                0x000000000800d9e0                . = ALIGN (0x4)
                0x000000000800d9e0                PROVIDE (__preinit_array_start = .)
 *(.preinit_array*)
                0x000000000800d9e0                PROVIDE (__preinit_array_end = .)
                0x000000000800d9e0                . = ALIGN (0x4)

.init_array     0x000000000800d9e0        0x4
                0x000000000800d9e0                . = ALIGN (0x4)
                0x000000000800d9e0                PROVIDE (__init_array_start = .)
 *(SORT_BY_NAME(.init_array.*))
 *(.init_array*)
 .init_array    0x000000000800d9e0        0x4 /opt/st/stm32cubeide/plugins/com.st.stm32cube.ide.mcu.externaltools.gnu-tools-for-stm32.7-2018-q2-update.linux64_1.0.0.201904181610/tools/bin/../lib/gcc/arm-none-eabi/7.3.1/thumb/v7e-m/fpv4-sp/hard/crtbegin.o
                0x000000000800d9e4                PROVIDE (__init_array_end = .)
                0x000000000800d9e4                . = ALIGN (0x4)

.fini_array     0x000000000800d9e4        0x4
                0x000000000800d9e4                . = ALIGN (0x4)
                [!provide]                        PROVIDE (__fini_array_start = .)
 *(SORT_BY_NAME(.fini_array.*))
 *(.fini_array*)
 .fini_array    0x000000000800d9e4        0x4 /opt/st/stm32cubeide/plugins/com.st.stm32cube.ide.mcu.externaltools.gnu-tools-for-stm32.7-2018-q2-update.linux64_1.0.0.201904181610/tools/bin/../lib/gcc/arm-none-eabi/7.3.1/thumb/v7e-m/fpv4-sp/hard/crtbegin.o
                [!provide]                        PROVIDE (__fini_array_end = .)
                0x000000000800d9e8                . = ALIGN (0x4)
                0x000000000800d9e8                _sidata = LOADADDR (.data)

.data           0x0000000020000000      0x1e8 load address 0x000000000800d9e8
                0x0000000020000000                . = ALIGN (0x4)
                0x0000000020000000                _sdata = .
 *(.data)
 *(.data*)
 .data.uwTickPrio
                0x0000000020000000        0x4 Drivers/STM32F3xx_HAL_Driver/Src/stm32f3xx_hal.o
                0x0000000020000000                uwTickPrio
 .data.uwTickFreq
                0x0000000020000004        0x1 Drivers/STM32F3xx_HAL_Driver/Src/stm32f3xx_hal.o
                0x0000000020000004                uwTickFreq
 *fill*         0x0000000020000005        0x3 
 .data.alarmA_seconds
                0x0000000020000008        0x3 Src/main.o
                0x0000000020000008                alarmA_seconds
 *fill*         0x000000002000000b        0x1 
 .data.alarmB_minutes
                0x000000002000000c        0x4 Src/main.o
                0x000000002000000c                alarmB_minutes
 .data.SystemCoreClock
                0x0000000020000010        0x4 Src/system_stm32f3xx.o
                0x0000000020000010                SystemCoreClock
 .data._impure_ptr
                0x0000000020000014        0x4 /opt/st/stm32cubeide/plugins/com.st.stm32cube.ide.mcu.externaltools.gnu-tools-for-stm32.7-2018-q2-update.linux64_1.0.0.201904181610/tools/bin/../lib/gcc/arm-none-eabi/7.3.1/../../../../arm-none-eabi/lib/thumb/v7e-m/fpv4-sp/hard/libc_nano.a(lib_a-impure.o)
                0x0000000020000014                _impure_ptr
 .data.impure_data
                0x0000000020000018       0x60 /opt/st/stm32cubeide/plugins/com.st.stm32cube.ide.mcu.externaltools.gnu-tools-for-stm32.7-2018-q2-update.linux64_1.0.0.201904181610/tools/bin/../lib/gcc/arm-none-eabi/7.3.1/../../../../arm-none-eabi/lib/thumb/v7e-m/fpv4-sp/hard/libc_nano.a(lib_a-impure.o)
 .data.__global_locale
                0x0000000020000078      0x16c /opt/st/stm32cubeide/plugins/com.st.stm32cube.ide.mcu.externaltools.gnu-tools-for-stm32.7-2018-q2-update.linux64_1.0.0.201904181610/tools/bin/../lib/gcc/arm-none-eabi/7.3.1/../../../../arm-none-eabi/lib/thumb/v7e-m/fpv4-sp/hard/libc_nano.a(lib_a-locale.o)
                0x0000000020000078                __global_locale
 .data.__fdlib_version
                0x00000000200001e4        0x1 /opt/st/stm32cubeide/plugins/com.st.stm32cube.ide.mcu.externaltools.gnu-tools-for-stm32.7-2018-q2-update.linux64_1.0.0.201904181610/tools/bin/../lib/gcc/arm-none-eabi/7.3.1/../../../../arm-none-eabi/lib/thumb/v7e-m/fpv4-sp/hard/libm.a(lib_a-s_lib_ver.o)
                0x00000000200001e4                __fdlib_version
                0x00000000200001e8                . = ALIGN (0x4)
 *fill*         0x00000000200001e5        0x3 
                0x00000000200001e8                _edata = .

.igot.plt       0x00000000200001e8        0x0 load address 0x000000000800dbd0
 .igot.plt      0x00000000200001e8        0x0 /opt/st/stm32cubeide/plugins/com.st.stm32cube.ide.mcu.externaltools.gnu-tools-for-stm32.7-2018-q2-update.linux64_1.0.0.201904181610/tools/bin/../lib/gcc/arm-none-eabi/7.3.1/thumb/v7e-m/fpv4-sp/hard/crtbegin.o
                0x00000000200001e8                . = ALIGN (0x4)

.bss            0x00000000200001e8      0xd00 load address 0x000000000800dbd0
                0x00000000200001e8                _sbss = .
                0x00000000200001e8                __bss_start__ = _sbss
 *(.bss)
 .bss           0x00000000200001e8       0x1c /opt/st/stm32cubeide/plugins/com.st.stm32cube.ide.mcu.externaltools.gnu-tools-for-stm32.7-2018-q2-update.linux64_1.0.0.201904181610/tools/bin/../lib/gcc/arm-none-eabi/7.3.1/thumb/v7e-m/fpv4-sp/hard/crtbegin.o
 *(.bss*)
 .bss.TempSensorCount
                0x0000000020000204        0x1 Drivers/Devices/Src/ds18b20.o
                0x0000000020000204                TempSensorCount
 *fill*         0x0000000020000205        0x3 
 .bss.adc1_buffer
                0x0000000020000208       0x18 Src/core.o
                0x0000000020000208                adc1_buffer
 .bss.http_header
                0x0000000020000220      0x400 Src/core.o
                0x0000000020000220                http_header
 .bss.json_dht  0x0000000020000620       0x64 Src/core.o
                0x0000000020000620                json_dht
 .bss.json_fc37
                0x0000000020000684       0x1e Src/core.o
                0x0000000020000684                json_fc37
 *fill*         0x00000000200006a2        0x2 
 .bss.json_temt600
                0x00000000200006a4       0x19 Src/core.o
                0x00000000200006a4                json_temt600
 *fill*         0x00000000200006bd        0x3 
 .bss.json_ds18b20
                0x00000000200006c0       0x55 Src/core.o
                0x00000000200006c0                json_ds18b20
 *fill*         0x0000000020000715        0x3 
 .bss.json_bme280
                0x0000000020000718       0x7f Src/core.o
                0x0000000020000718                json_bme280
 *fill*         0x0000000020000797        0x1 
 .bss.json      0x0000000020000798      0x179 Src/core.o
                0x0000000020000798                json
 .bss.is_conversion_completed
                0x0000000020000911        0x1 Src/main.o
                0x0000000020000911                is_conversion_completed
 *fill*         0x0000000020000912        0x2 
 .bss.sAlarmA   0x0000000020000914       0x28 Src/main.o
                0x0000000020000914                sAlarmA
 .bss.alarmA_idx
                0x000000002000093c        0x1 Src/main.o
                0x000000002000093c                alarmA_idx
 .bss.is_alarmA_fired
                0x000000002000093d        0x1 Src/main.o
                0x000000002000093d                is_alarmA_fired
 *fill*         0x000000002000093e        0x2 
 .bss.sAlarmB   0x0000000020000940       0x28 Src/main.o
                0x0000000020000940                sAlarmB
 .bss.alarmB_idx
                0x0000000020000968        0x1 Src/main.o
                0x0000000020000968                alarmB_idx
 .bss.is_alarmB_fired
                0x0000000020000969        0x1 Src/main.o
                0x0000000020000969                is_alarmB_fired
 *fill*         0x000000002000096a        0x2 
 .bss.heap_end.6424
                0x000000002000096c        0x4 Src/sysmem.o
 .bss.__malloc_free_list
                0x0000000020000970        0x4 /opt/st/stm32cubeide/plugins/com.st.stm32cube.ide.mcu.externaltools.gnu-tools-for-stm32.7-2018-q2-update.linux64_1.0.0.201904181610/tools/bin/../lib/gcc/arm-none-eabi/7.3.1/../../../../arm-none-eabi/lib/thumb/v7e-m/fpv4-sp/hard/libc_nano.a(lib_a-nano-mallocr.o)
                0x0000000020000970                __malloc_free_list
 .bss.__malloc_sbrk_start
                0x0000000020000974        0x4 /opt/st/stm32cubeide/plugins/com.st.stm32cube.ide.mcu.externaltools.gnu-tools-for-stm32.7-2018-q2-update.linux64_1.0.0.201904181610/tools/bin/../lib/gcc/arm-none-eabi/7.3.1/../../../../arm-none-eabi/lib/thumb/v7e-m/fpv4-sp/hard/libc_nano.a(lib_a-nano-mallocr.o)
                0x0000000020000974                __malloc_sbrk_start
 *(COMMON)
 COMMON         0x0000000020000978       0xa4 Drivers/Devices/Src/bme280.o
                0x0000000020000978                dev
                0x00000000200009b8                comp_data
                0x00000000200009d0                hi2c
 COMMON         0x0000000020000a1c       0x18 Drivers/Devices/Src/dht.o
                0x0000000020000a1c                dht
 COMMON         0x0000000020000a34       0x50 Drivers/Devices/Src/ds18b20.o
                0x0000000020000a34                buffer_stations
                0x0000000020000a5c                OneWireDevices
                0x0000000020000a60                ds18b20
                0x0000000020000a70                OneWire
 COMMON         0x0000000020000a84      0x208 Drivers/Devices/Src/esp8266.o
                0x0000000020000a84                net_info
                0x0000000020000ae0                esp
 COMMON         0x0000000020000c8c        0x4 Drivers/Devices/Src/fc37.o
                0x0000000020000c8c                fc37
 COMMON         0x0000000020000c90        0x8 Drivers/Devices/Src/temt600.o
                0x0000000020000c90                temt600
 COMMON         0x0000000020000c98        0x4 Drivers/STM32F3xx_HAL_Driver/Src/stm32f3xx_hal.o
                0x0000000020000c98                uwTick
 COMMON         0x0000000020000c9c        0x8 Src/core.o
                0x0000000020000c9c                ds18b20_temperatures
 COMMON         0x0000000020000ca4      0x240 Src/main.o
                0x0000000020000ca4                huart3
                0x0000000020000d24                hi2c1
                0x0000000020000d70                hadc1
                0x0000000020000dc0                hdma_adc1
                0x0000000020000e04                hrtc
                0x0000000020000e24                htim2
                0x0000000020000e64                huart2
 COMMON         0x0000000020000ee4        0x4 /opt/st/stm32cubeide/plugins/com.st.stm32cube.ide.mcu.externaltools.gnu-tools-for-stm32.7-2018-q2-update.linux64_1.0.0.201904181610/tools/bin/../lib/gcc/arm-none-eabi/7.3.1/../../../../arm-none-eabi/lib/thumb/v7e-m/fpv4-sp/hard/libc_nano.a(lib_a-reent.o)
                0x0000000020000ee4                errno
                0x0000000020000ee8                . = ALIGN (0x4)
                0x0000000020000ee8                _ebss = .
                0x0000000020000ee8                __bss_end__ = _ebss

._user_heap_stack
                0x0000000020000ee8      0x600 load address 0x000000000800dbd0
                0x0000000020000ee8                . = ALIGN (0x8)
                0x0000000020000ee8                PROVIDE (end = .)
                [!provide]                        PROVIDE (_end = .)
                0x00000000200010e8                . = (. + _Min_Heap_Size)
 *fill*         0x0000000020000ee8      0x200 
                0x00000000200014e8                . = (. + _Min_Stack_Size)
 *fill*         0x00000000200010e8      0x400 
                0x00000000200014e8                . = ALIGN (0x8)

/DISCARD/
 libc.a(*)
 libm.a(*)
 libgcc.a(*)

.ARM.attributes
                0x0000000000000000       0x30
 *(.ARM.attributes)
 .ARM.attributes
                0x0000000000000000       0x22 /opt/st/stm32cubeide/plugins/com.st.stm32cube.ide.mcu.externaltools.gnu-tools-for-stm32.7-2018-q2-update.linux64_1.0.0.201904181610/tools/bin/../lib/gcc/arm-none-eabi/7.3.1/thumb/v7e-m/fpv4-sp/hard/crti.o
 .ARM.attributes
                0x0000000000000022       0x34 /opt/st/stm32cubeide/plugins/com.st.stm32cube.ide.mcu.externaltools.gnu-tools-for-stm32.7-2018-q2-update.linux64_1.0.0.201904181610/tools/bin/../lib/gcc/arm-none-eabi/7.3.1/thumb/v7e-m/fpv4-sp/hard/crtbegin.o
 .ARM.attributes
                0x0000000000000056       0x39 Drivers/Devices/Src/bme280.o